Component: ARM Compiler 5.06 update 6 (build 750) Tool: armlink [4d35ed]

==============================================================================

Section Cross References

    startup_stm32f10x_md.o(RESET) refers to startup_stm32f10x_md.o(STACK) for __initial_sp
    startup_stm32f10x_md.o(RESET) refers to startup_stm32f10x_md.o(.text) for Reset_Handler
    startup_stm32f10x_md.o(RESET) refers to stm32f10x_it.o(.text) for NMI_Handler
    startup_stm32f10x_md.o(RESET) refers to timer_asmx_pwm.o(.text) for TIM2_IRQHandler
    startup_stm32f10x_md.o(RESET) refers to usart.o(.text) for USART1_IRQHandler
    startup_stm32f10x_md.o(.text) refers to system_stm32f10x.o(.text) for SystemInit
    startup_stm32f10x_md.o(.text) refers to entry.o(.ARM.Collect$$$$00000000) for __main
    main.o(.text) refers to misc.o(.text) for NVIC_PriorityGroupConfig
    main.o(.text) refers to delay.o(.text) for delay_init
    main.o(.text) refers to stm32f10x_gpio.o(.text) for GPIO_PinRemapConfig
    main.o(.text) refers to oled.o(.text) for OLED_Init
    main.o(.text) refers to timer_asmx_pwm.o(.text) for TIM2_Int_Init
    main.o(.text) refers to usart.o(.text) for uart1_init
    main.o(.text) refers to adc.o(.text) for ADC1_Mode_init
    main.o(.text) refers to dht11.o(.text) for DHT11_Init
    main.o(.text) refers to ds18b20.o(.text) for DS18B20_Init
    main.o(.text) refers to bmp.o(.data) for BMP1
    stm32f10x_gpio.o(.text) refers to stm32f10x_rcc.o(.text) for RCC_APB2PeriphResetCmd
    stm32f10x_rcc.o(.text) refers to stm32f10x_rcc.o(.data) for APBAHBPrescTable
    stm32f10x_usart.o(.text) refers to stm32f10x_rcc.o(.text) for RCC_APB2PeriphResetCmd
    stm32f10x_adc.o(.text) refers to stm32f10x_rcc.o(.text) for RCC_APB2PeriphResetCmd
    stm32f10x_tim.o(.text) refers to stm32f10x_rcc.o(.text) for RCC_APB2PeriphResetCmd
    stm32f10x_wwdg.o(.text) refers to stm32f10x_rcc.o(.text) for RCC_APB1PeriphResetCmd
    stm32f10x_spi.o(.text) refers to stm32f10x_rcc.o(.text) for RCC_APB2PeriphResetCmd
    stm32f10x_pwr.o(.text) refers to stm32f10x_rcc.o(.text) for RCC_APB1PeriphResetCmd
    stm32f10x_i2c.o(.text) refers to stm32f10x_rcc.o(.text) for RCC_APB1PeriphResetCmd
    stm32f10x_dac.o(.text) refers to stm32f10x_rcc.o(.text) for RCC_APB1PeriphResetCmd
    stm32f10x_can.o(.text) refers to stm32f10x_rcc.o(.text) for RCC_APB1PeriphResetCmd
    stm32f10x_bkp.o(.text) refers to stm32f10x_rcc.o(.text) for RCC_BackupResetCmd
    i2c_mpu6050.o(.text) refers to stm32f10x_rcc.o(.text) for RCC_APB2PeriphClockCmd
    i2c_mpu6050.o(.text) refers to stm32f10x_gpio.o(.text) for GPIO_Init
    i2c_mpu6050.o(.text) refers to stm32f10x_i2c.o(.text) for I2C_Init
    i2c_mpu6050.o(.text) refers to delay.o(.text) for delay_ms
    i2c_mpu6050.o(.text) refers to dflti.o(.text) for __aeabi_i2d
    i2c_mpu6050.o(.text) refers to ddiv.o(.text) for __aeabi_ddiv
    i2c_mpu6050.o(.text) refers to dadd.o(.text) for __aeabi_dadd
    i2c_mpu6050.o(.text) refers to d2f.o(.text) for __aeabi_d2f
    i2c_mpu6050.o(.text) refers to fmul.o(.text) for __aeabi_fmul
    i2c_mpu6050.o(.text) refers to ffixi.o(.text) for __aeabi_f2iz
    i2c_mpu6050.o(.text) refers to printf1.o(i.__0printf$1) for __2printf
    i2c_mpu6050.o(.text) refers to i2c_mpu6050.o(.bss) for MPU6050_buf
    i2c_mpu6050.o(.text) refers to i2c_mpu6050.o(.data) for ACC_OFFSET
    myimu.o(.text) refers to fflti.o(.text) for __aeabi_i2f
    myimu.o(.text) refers to fmul.o(.text) for __aeabi_fmul
    myimu.o(.text) refers to cfcmple.o(.text) for __aeabi_cfcmpeq
    myimu.o(.text) refers to fadd.o(.text) for __aeabi_fadd
    myimu.o(.text) refers to f2d.o(.text) for __aeabi_f2d
    myimu.o(.text) refers to sqrt.o(i.sqrt) for sqrt
    myimu.o(.text) refers to d2f.o(.text) for __aeabi_d2f
    myimu.o(.text) refers to fdiv.o(.text) for __aeabi_fdiv
    myimu.o(.text) refers to myimu.o(.bss) for ACC_X_BUF
    myimu.o(.text) refers to myimu.o(.data) for filter_cnt
    myimu.o(.text) refers to asin.o(i.asin) for asin
    myimu.o(.text) refers to dmul.o(.text) for __aeabi_dmul
    myimu.o(.text) refers to dadd.o(.text) for __aeabi_dsub
    myimu.o(.text) refers to atan2.o(i.atan2) for atan2
    lobotservocontroller.o(.text) refers to usart.o(.text) for uartWriteBuf
    lobotservocontroller.o(.text) refers to lobotservocontroller.o(.bss) for LobotTxBuf
    lobotservocontroller.o(.text) refers to lobotservocontroller.o(.data) for isUartRxCompleted
    oled.o(.text) refers to stm32f10x_gpio.o(.text) for GPIO_SetBits
    oled.o(.text) refers to bmp.o(.constdata) for F8X16
    oled.o(.text) refers to stm32f10x_rcc.o(.text) for RCC_APB2PeriphClockCmd
    oled.o(.text) refers to delay.o(.text) for delay_ms
    timer_asmx_pwm.o(.text) refers to stm32f10x_rcc.o(.text) for RCC_APB2PeriphClockCmd
    timer_asmx_pwm.o(.text) refers to stm32f10x_tim.o(.text) for TIM_DeInit
    timer_asmx_pwm.o(.text) refers to stm32f10x_gpio.o(.text) for GPIO_Init
    timer_asmx_pwm.o(.text) refers to misc.o(.text) for NVIC_Init
[...]
    printf5.o(i.__0fprintf$5) refers to usart.o(.text) for fputc
    printf5.o(i.__0printf$5) refers to printf5.o(i._printf_core) for _printf_core
    printf5.o(i.__0printf$5) refers to usart.o(.text) for fputc
    printf5.o(i.__0printf$5) refers to usart.o(.data) for __stdout
    printf5.o(i.__0snprintf$5) refers to printf5.o(i._printf_core) for _printf_core
    printf5.o(i.__0snprintf$5) refers to printf5.o(i._snputc) for _snputc
    printf5.o(i.__0sprintf$5) refers to printf5.o(i._printf_core) for _printf_core
    printf5.o(i.__0sprintf$5) refers to printf5.o(i._sputc) for _sputc
    printf5.o(i.__0vfprintf$5) refers to printf5.o(i._printf_core) for _printf_core
    printf5.o(i.__0vfprintf$5) refers to usart.o(.text) for fputc
    printf5.o(i.__0vprintf$5) refers to printf5.o(i._printf_core) for _printf_core
    printf5.o(i.__0vprintf$5) refers to usart.o(.text) for fputc
    printf5.o(i.__0vprintf$5) refers to usart.o(.data) for __stdout
    printf5.o(i.__0vsnprintf$5) refers to printf5.o(i._printf_core) for _printf_core
    printf5.o(i.__0vsnprintf$5) refers to printf5.o(i._snputc) for _snputc
    printf5.o(i.__0vsprintf$5) refers to printf5.o(i._printf_core) for _printf_core
    printf5.o(i.__0vsprintf$5) refers to printf5.o(i._sputc) for _sputc
    printf5.o(i._printf_core) refers to uldiv.o(.text) for __aeabi_uldivmod
    printf6.o(i.__0fprintf$6) refers to printf6.o(i._printf_core) for _printf_core
    printf6.o(i.__0fprintf$6) refers to usart.o(.text) for fputc
    printf6.o(i.__0printf$6) refers to printf6.o(i._printf_core) for _printf_core
    printf6.o(i.__0printf$6) refers to usart.o(.text) for fputc
    printf6.o(i.__0printf$6) refers to usart.o(.data) for __stdout
    printf6.o(i.__0snprintf$6) refers to printf6.o(i._printf_core) for _printf_core
    printf6.o(i.__0snprintf$6) refers to printf6.o(i._snputc) for _snputc
    printf6.o(i.__0sprintf$6) refers to printf6.o(i._printf_core) for _printf_core
    printf6.o(i.__0sprintf$6) refers to printf6.o(i._sputc) for _sputc
    printf6.o(i.__0vfprintf$6) refers to printf6.o(i._printf_core) for _printf_core
    printf6.o(i.__0vfprintf$6) refers to usart.o(.text) for fputc
    printf6.o(i.__0vprintf$6) refers to printf6.o(i._printf_core) for _printf_core
    printf6.o(i.__0vprintf$6) refers to usart.o(.text) for fputc
    printf6.o(i.__0vprintf$6) refers to usart.o(.data) for __stdout
    printf6.o(i.__0vsnprintf$6) refers to printf6.o(i._printf_core) for _printf_core
    printf6.o(i.__0vsnprintf$6) refers to printf6.o(i._snputc) for _snputc
    printf6.o(i.__0vsprintf$6) refers to printf6.o(i._printf_core) for _printf_core
    printf6.o(i.__0vsprintf$6) refers to printf6.o(i._sputc) for _sputc
    printf6.o(i._printf_core) refers to printf6.o(i._printf_pre_padding) for _printf_pre_padding
    printf6.o(i._printf_core) refers to uidiv.o(.text) for __aeabi_uidivmod
    printf6.o(i._printf_core) refers to printf6.o(i._printf_post_padding) for _printf_post_padding
    printf7.o(i.__0fprintf$7) refers to printf7.o(i._printf_core) for _printf_core
    printf7.o(i.__0fprintf$7) refers to usart.o(.text) for fputc
    printf7.o(i.__0printf$7) refers to printf7.o(i._printf_core) for _printf_core
    printf7.o(i.__0printf$7) refers to usart.o(.text) for fputc
    printf7.o(i.__0printf$7) refers to usart.o(.data) for __stdout
    printf7.o(i.__0snprintf$7) refers to printf7.o(i._printf_core) for _printf_core
    printf7.o(i.__0snprintf$7) refers to printf7.o(i._snputc) for _snputc
    printf7.o(i.__0sprintf$7) refers to printf7.o(i._printf_core) for _printf_core
    printf7.o(i.__0sprintf$7) refers to printf7.o(i._sputc) for _sputc
    printf7.o(i.__0vfprintf$7) refers to printf7.o(i._printf_core) for _printf_core
    printf7.o(i.__0vfprintf$7) refers to usart.o(.text) for fputc
    printf7.o(i.__0vprintf$7) refers to printf7.o(i._printf_core) for _printf_core
    printf7.o(i.__0vprintf$7) refers to usart.o(.text) for fputc
    printf7.o(i.__0vprintf$7) refers to usart.o(.data) for __stdout
    printf7.o(i.__0vsnprintf$7) refers to printf7.o(i._printf_core) for _printf_core
    printf7.o(i.__0vsnprintf$7) refers to printf7.o(i._snputc) for _snputc
    printf7.o(i.__0vsprintf$7) refers to printf7.o(i._printf_core) for _printf_core
    printf7.o(i.__0vsprintf$7) refers to printf7.o(i._sputc) for _sputc
    printf7.o(i._printf_core) refers to printf7.o(i._printf_pre_padding) for _printf_pre_padding
    printf7.o(i._printf_core) refers to uldiv.o(.text) for __aeabi_uldivmod
    printf7.o(i._printf_core) refers to printf7.o(i._printf_post_padding) for _printf_post_padding
    printf8.o(i.__0fprintf$8) refers to printf8.o(i._printf_core) for _printf_core
    printf8.o(i.__0fprintf$8) refers to usart.o(.text) for fputc
    printf8.o(i.__0printf$8) refers to printf8.o(i._printf_core) for _printf_core
    printf8.o(i.__0printf$8) refers to usart.o(.text) for fputc
    printf8.o(i.__0printf$8) refers to usart.o(.data) for __stdout
    printf8.o(i.__0snprintf$8) refers to printf8.o(i._printf_core) for _printf_core
    printf8.o(i.__0snprintf$8) refers to printf8.o(i._snputc) for _snputc
    printf8.o(i.__0sprintf$8) refers to printf8.o(i._printf_core) for _printf_core
    printf8.o(i.__0sprintf$8) refers to printf8.o(i._sputc) for _sputc
    printf8.o(i.__0vfprintf$8) refers to printf8.o(i._printf_core) for _printf_core
    printf8.o(i.__0vfprintf$8) refers to usart.o(.text) for fputc
    printf8.o(i.__0vprintf$8) refers to printf8.o(i._printf_core) for _printf_core
    printf8.o(i.__0vprintf$8) refers to usart.o(.text) for fputc
    printf8.o(i.__0vprintf$8) refers to usart.o(.data) for __stdout
    printf8.o(i.__0vsnprintf$8) refers to printf8.o(i._printf_core) for _printf_core
    printf8.o(i.__0vsnprintf$8) refers to printf8.o(i._snputc) for _snputc
    printf8.o(i.__0vsprintf$8) refers to printf8.o(i._printf_core) for _printf_core
    printf8.o(i.__0vsprintf$8) refers to printf8.o(i._sputc) for _sputc
    printf8.o(i._printf_core) refers to printf8.o(i._printf_pre_padding) for _printf_pre_padding
    printf8.o(i._printf_core) refers to uldiv.o(.text) for __aeabi_uldivmod
    printf8.o(i._printf_core) refers to printf8.o(i._printf_post_padding) for _printf_post_padding
    printfa.o(i.__0fprintf) refers (Special) to iusefp.o(.text) for __I$use$fp
    printfa.o(i.__0fprintf) refers to printfa.o(i._printf_core) for _printf_core
    printfa.o(i.__0fprintf) refers to usart.o(.text) for fputc
    printfa.o(i.__0printf) refers (Special) to iusefp.o(.text) for __I$use$fp
    printfa.o(i.__0printf) refers to printfa.o(i._printf_core) for _printf_core
    printfa.o(i.__0printf) refers to usart.o(.text) for fputc
    printfa.o(i.__0printf) refers to usart.o(.data) for __stdout
    printfa.o(i.__0snprintf) refers (Special) to iusefp.o(.text) for __I$use$fp
    printfa.o(i.__0snprintf) refers to printfa.o(i._printf_core) for _printf_core
    printfa.o(i.__0snprintf) refers to printfa.o(i._snputc) for _snputc
    printfa.o(i.__0sprintf) refers (Special) to iusefp.o(.text) for __I$use$fp
    printfa.o(i.__0sprintf) refers to printfa.o(i._printf_core) for _printf_core
    printfa.o(i.__0sprintf) refers to printfa.o(i._sputc) for _sputc
    printfa.o(i.__0vfprintf) refers (Special) to iusefp.o(.text) for __I$use$fp
    printfa.o(i.__0vfprintf) refers to printfa.o(i._printf_core) for _printf_core
    printfa.o(i.__0vfprintf) refers to usart.o(.text) for fputc
    printfa.o(i.__0vprintf) refers (Special) to iusefp.o(.text) for __I$use$fp
    printfa.o(i.__0vprintf) refers to printfa.o(i._printf_core) for _printf_core
    printfa.o(i.__0vprintf) refers to usart.o(.text) for fputc
    printfa.o(i.__0vprintf) refers to usart.o(.data) for __stdout
    printfa.o(i.__0vsnprintf) refers (Special) to iusefp.o(.text) for __I$use$fp
    printfa.o(i.__0vsnprintf) refers to printfa.o(i._printf_core) for _printf_core
    printfa.o(i.__0vsnprintf) refers to printfa.o(i._snputc) for _snputc
    printfa.o(i.__0vsprintf) refers (Special) to iusefp.o(.text) for __I$use$fp
    printfa.o(i.__0vsprintf) refers to printfa.o(i._printf_core) for _printf_core
    printfa.o(i.__0vsprintf) refers to printfa.o(i._sputc) for _sputc
    printfa.o(i._fp_digits) refers (Special) to iusefp.o(.text) for __I$use$fp
    printfa.o(i._fp_digits) refers to dmul.o(.text) for __aeabi_dmul
    printfa.o(i._fp_digits) refers to ddiv.o(.text) for __aeabi_ddiv
    printfa.o(i._fp_digits) refers to cdrcmple.o(.text) for __aeabi_cdrcmple
    printfa.o(i._fp_digits) refers to dadd.o(.text) for __aeabi_dadd
    printfa.o(i._fp_digits) refers to dfixul.o(.text) for __aeabi_d2ulz
    printfa.o(i._fp_digits) refers to uldiv.o(.text) for __aeabi_uldivmod
    printfa.o(i._printf_core) refers (Special) to iusefp.o(.text) for __I$use$fp
    printfa.o(i._printf_core) refers to printfa.o(i._printf_pre_padding) for _printf_pre_padding
    printfa.o(i._printf_core) refers to uldiv.o(.text) for __aeabi_uldivmod
    printfa.o(i._printf_core) refers to printfa.o(i._printf_post_padding) for _printf_post_padding
    printfa.o(i._printf_core) refers to printfa.o(i._fp_digits) for _fp_digits
    printfa.o(i._printf_core) refers to uidiv.o(.text) for __aeabi_uidivmod
    printfa.o(i._printf_post_padding) refers (Special) to iusefp.o(.text) for __I$use$fp
    printfa.o(i._printf_pre_padding) refers (Special) to iusefp.o(.text) for __I$use$fp
    printfa.o(i._snputc) refers (Special) to iusefp.o(.text) for __I$use$fp
    printfa.o(i._sputc) refers (Special) to iusefp.o(.text) for __I$use$fp
    fadd.o(.text) refers (Special) to iusefp.o(.text) for __I$use$fp
    fadd.o(.text) refers to fepilogue.o(.text) for _float_epilogue
    fmul.o(.text) refers (Special) to iusefp.o(.text) for __I$use$fp
    fdiv.o(.text) refers (Special) to iusefp.o(.text) for __I$use$fp
    fdiv.o(.text) refers to fepilogue.o(.text) for _float_round
    dadd.o(.text) refers (Special) to iusefp.o(.text) for __I$use$fp
    dadd.o(.text) refers to llshl.o(.text) for __aeabi_llsl
    dadd.o(.text) refers to llsshr.o(.text) for __aeabi_lasr
    dadd.o(.text) refers to depilogue.o(.text) for _double_epilogue
    dmul.o(.text) refers (Special) to iusefp.o(.text) for __I$use$fp
    dmul.o(.text) refers to depilogue.o(.text) for _double_epilogue
    ddiv.o(.text) refers (Special) to iusefp.o(.text) for __I$use$fp
    ddiv.o(.text) refers to depilogue.o(.text) for _double_round
    fflti.o(.text) refers (Special) to iusefp.o(.text) for __I$use$fp
    fflti.o(.text) refers to fepilogue.o(.text) for _float_epilogue
    dflti.o(.text) refers (Special) to iusefp.o(.text) for __I$use$fp
    dflti.o(.text) refers to depilogue.o(.text) for _double_epilogue
    ffixi.o(.text) refers (Special) to iusefp.o(.text) for __I$use$fp
    dfixi.o(.text) refers (Special) to iusefp.o(.text) for __I$use$fp
    dfixi.o(.text) refers to llushr.o(.text) for __aeabi_llsr
    f2d.o(.text) refers (Special) to iusefp.o(.text) for __I$use$fp
    d2f.o(.text) refers (Special) to iusefp.o(.text) for __I$use$fp
    d2f.o(.text) refers to fepilogue.o(.text) for _float_round
    cfcmple.o(.text) refers (Special) to iusefp.o(.text) for __I$use$fp
    atan.o(i.__softfp_atan) refers (Special) to iusefp.o(.text) for __I$use$fp
    atan.o(i.__softfp_atan) refers to atan.o(i.atan) for atan
    atan.o(i.atan) refers (Special) to iusefp.o(.text) for __I$use$fp
    atan.o(i.atan) refers to dunder.o(i.__mathlib_dbl_infnan) for __mathlib_dbl_infnan
    atan.o(i.atan) refers to fpclassify.o(i.__ARM_fpclassify) for __ARM_fpclassify
    atan.o(i.atan) refers to dunder.o(i.__mathlib_dbl_underflow) for __mathlib_dbl_underflow
    atan.o(i.atan) refers to dadd.o(.text) for __aeabi_dadd
    atan.o(i.atan) refers to dscalb.o(.text) for __ARM_scalbn
    atan.o(i.atan) refers to ddiv.o(.text) for __aeabi_ddiv
    atan.o(i.atan) refers to dmul.o(.text) for __aeabi_dmul
    atan.o(i.atan) refers to poly.o(i.__kernel_poly) for __kernel_poly
    atan.o(i.atan) refers to atan.o(.constdata) for .constdata
    atan.o(.constdata) refers (Special) to iusefp.o(.text) for __I$use$fp
    atan_x.o(i.____softfp_atan$lsc) refers (Special) to iusefp.o(.text) for __I$use$fp
    atan_x.o(i.____softfp_atan$lsc) refers to atan_x.o(i.__atan$lsc) for __atan$lsc
    atan_x.o(i.__atan$lsc) refers (Special) to iusefp.o(.text) for __I$use$fp
    atan_x.o(i.__atan$lsc) refers to dunder.o(i.__mathlib_dbl_infnan) for __mathlib_dbl_infnan
    atan_x.o(i.__atan$lsc) refers to dadd.o(.text) for __aeabi_dadd
    atan_x.o(i.__atan$lsc) refers to dscalb.o(.text) for __ARM_scalbn
    atan_x.o(i.__atan$lsc) refers to ddiv.o(.text) for __aeabi_ddiv
    atan_x.o(i.__atan$lsc) refers to dmul.o(.text) for __aeabi_dmul
    atan_x.o(i.__atan$lsc) refers to poly.o(i.__kernel_poly) for __kernel_poly
    atan_x.o(i.__atan$lsc) refers to atan_x.o(.constdata) for .constdata
    atan_x.o(.constdata) refers (Special) to iusefp.o(.text) for __I$use$fp
    dunder.o(i.__mathlib_dbl_divzero) refers to ddiv.o(.text) for __aeabi_ddiv
    dunder.o(i.__mathlib_dbl_infnan) refers to dscalb.o(.text) for __ARM_scalbn
    dunder.o(i.__mathlib_dbl_infnan2) refers to dadd.o(.text) for __aeabi_dadd
    dunder.o(i.__mathlib_dbl_invalid) refers to ddiv.o(.text) for __aeabi_ddiv
    dunder.o(i.__mathlib_dbl_overflow) refers to dscalb.o(.text) for __ARM_scalbn
    dunder.o(i.__mathlib_dbl_posinfnan) refers to dmul.o(.text) for __aeabi_dmul
    dunder.o(i.__mathlib_dbl_underflow) refers to dscalb.o(.text) for __ARM_scalbn
    fpclassify.o(i.__ARM_fpclassify) refers (Special) to iusefp.o(.text) for __I$use$fp
    poly.o(i.__kernel_poly) refers (Special) to iusefp.o(.text) for __I$use$fp
    poly.o(i.__kernel_poly) refers to dmul.o(.text) for __aeabi_dmul
    poly.o(i.__kernel_poly) refers to dadd.o(.text) for __aeabi_dadd
    qnan.o(.constdata) refers (Special) to iusefp.o(.text) for __I$use$fp
    entry2.o(.ARM.Collect$$$$00000001) refers to entry2.o(.ARM.Collect$$$$00002712) for __lit__00000000
    entry2.o(.ARM.Collect$$$$00002712) refers to startup_stm32f10x_md.o(STACK) for __initial_sp
    entry2.o(__vectab_stack_and_reset_area) refers to startup_stm32f10x_md.o(STACK) for __initial_sp
    entry2.o(__vectab_stack_and_reset_area) refers to entry.o(.ARM.Collect$$$$00000000) for __main
    entry5.o(.ARM.Collect$$$$00000004) refers to init.o(.text) for __scatterload
    entry9a.o(.ARM.Collect$$$$0000000B) refers to main.o(.text) for main
    entry9b.o(.ARM.Collect$$$$0000000C) refers to main.o(.text) for main
    uldiv.o(.text) refers to llushr.o(.text) for __aeabi_llsr
    uldiv.o(.text) refers to llshl.o(.text) for __aeabi_llsl
    errno.o(i.__aeabi_errno_addr) refers to errno.o(.data) for .data
    errno.o(i.__read_errno) refers to errno.o(.data) for .data
    errno.o(i.__set_errno) refers to errno.o(.data) for .data
    depilogue.o(.text) refers to llshl.o(.text) for __aeabi_llsl
    depilogue.o(.text) refers to llushr.o(.text) for __aeabi_llsr
    dsqrt.o(.text) refers to llushr.o(.text) for __aeabi_llsr
    dsqrt.o(.text) refers to depilogue.o(.text) for _double_round
    dfixul.o(.text) refers to llushr.o(.text) for __aeabi_llsr
    dfixul.o(.text) refers to llshl.o(.text) for __aeabi_llsl
    init.o(.text) refers to entry5.o(.ARM.Collect$$$$00000004) for __main_after_scatterload


==============================================================================

Removing Unused input sections from the image.

    Removing startup_stm32f10x_md.o(HEAP), (512 bytes).
    Removing stm32f10x_flash.o(.text), (1324 bytes).
    Removing stm32f10x_rtc.o(.text), (328 bytes).
    Removing stm32f10x_exti.o(.text), (320 bytes).
    Removing stm32f10x_wwdg.o(.text), (124 bytes).
    Removing stm32f10x_spi.o(.text), (768 bytes).
    Removing stm32f10x_sdio.o(.text), (456 bytes).
    Removing stm32f10x_pwr.o(.text), (192 bytes).
    Removing stm32f10x_iwdg.o(.text), (64 bytes).
    Removing stm32f10x_i2c.o(.text), (996 bytes).
    Removing stm32f10x_fsmc.o(.text), (1540 bytes).
    Removing stm32f10x_dbgmcu.o(.text), (48 bytes).
    Removing stm32f10x_dac.o(.text), (348 bytes).
    Removing stm32f10x_crc.o(.text), (72 bytes).
    Removing stm32f10x_can.o(.text), (1944 bytes).
    Removing stm32f10x_bkp.o(.text), (172 bytes).
    Removing core_cm3.o(.emb_text), (32 bytes).
    Removing system_stm32f10x.o(.constdata), (20 bytes).
    Removing i2c_mpu6050.o(.text), (2460 bytes).
    Removing i2c_mpu6050.o(.bss), (526 bytes).
    Removing i2c_mpu6050.o(.data), (45 bytes).
    Removing myimu.o(.text), (1748 bytes).
    Removing myimu.o(.bss), (120 bytes).
    Removing myimu.o(.data), (37 bytes).
    Removing lobotservocontroller.o(.text), (580 bytes).
    Removing lobotservocontroller.o(.bss), (144 bytes).
    Removing lobotservocontroller.o(.data), (4 bytes).
    Removing play_music.o(.text), (4308 bytes).
    Removing play_music.o(.data), (9 bytes).
    Removing sys.o(.emb_text), (6 bytes).
    Removing sys.o(.text), (12 bytes).
    Removing fadd.o(.text), (176 bytes).
    Removing fmul.o(.text), (100 bytes).
    Removing fdiv.o(.text), (124 bytes).
    Removing ddiv.o(.text), (222 bytes).
    Removing dflti.o(.text), (34 bytes).
    Removing ffixi.o(.text), (50 bytes).
    Removing d2f.o(.text), (56 bytes).
    Removing cfcmple.o(.text), (20 bytes).
    Removing dscalb.o(.text), (46 bytes).
    Removing dsqrt.o(.text), (162 bytes).
    Removing dfixul.o(.text), (48 bytes).
    Removing cdcmple.o(.text), (48 bytes).
    Removing cdrcmple.o(.text), (48 bytes).

44 unused section(s) (total 20393 bytes) removed from the image.

==============================================================================

Image Symbol Table

    Local Symbols

    Symbol Name                              Value     Ov Type        Size  Object(Section)

    ../clib/../cmprslib/zerorunl2.c          0x00000000   Number         0  __dczerorl2.o ABSOLUTE
    ../clib/microlib/division.c              0x00000000   Number         0  uldiv.o ABSOLUTE
    ../clib/microlib/division.c              0x00000000   Number         0  uidiv.o ABSOLUTE
    ../clib/microlib/errno.c                 0x00000000   Number         0  errno.o ABSOLUTE
    ../clib/microlib/init/entry.s            0x00000000   Number         0  entry8b.o ABSOLUTE
    ../clib/microlib/init/entry.s            0x00000000   Number         0  entry11b.o ABSOLUTE
    ../clib/microlib/init/entry.s            0x00000000   Number         0  entry11a.o ABSOLUTE
    ../clib/microlib/init/entry.s            0x00000000   Number         0  entry10b.o ABSOLUTE
    ../clib/microlib/init/entry.s            0x00000000   Number         0  entry10a.o ABSOLUTE
    ../clib/microlib/init/entry.s            0x00000000   Number         0  entry9b.o ABSOLUTE
    ../clib/microlib/init/entry.s            0x00000000   Number         0  entry9a.o ABSOLUTE
    ../clib/microlib/init/entry.s            0x00000000   Number         0  entry2.o ABSOLUTE
    ../clib/microlib/init/entry.s            0x00000000   Number         0  entry8a.o ABSOLUTE
    ../clib/microlib/init/entry.s            0x00000000   Number         0  entry7b.o ABSOLUTE
    ../clib/microlib/init/entry.s            0x00000000   Number         0  entry7a.o ABSOLUTE
    ../clib/microlib/init/entry.s            0x00000000   Number         0  entry5.o ABSOLUTE
    ../clib/microlib/init/entry.s            0x00000000   Number         0  entry.o ABSOLUTE
    ../clib/microlib/longlong.c              0x00000000   Number         0  llshl.o ABSOLUTE
    ../clib/microlib/longlong.c              0x00000000   Number         0  llushr.o ABSOLUTE
    ../clib/microlib/longlong.c              0x00000000   Number         0  llsshr.o ABSOLUTE
    ../clib/microlib/printf/printf.c         0x00000000   Number         0  printf7.o ABSOLUTE
    ../clib/microlib/printf/printf.c         0x00000000   Number         0  printf6.o ABSOLUTE
    ../clib/microlib/printf/printf.c         0x00000000   Number         0  printf5.o ABSOLUTE
    ../clib/microlib/printf/printf.c         0x00000000   Number         0  printf3.o ABSOLUTE
    ../clib/microlib/printf/printf.c         0x00000000   Number         0  printf2.o ABSOLUTE
    ../clib/microlib/printf/printf.c         0x00000000   Number         0  printf1.o ABSOLUTE
    ../clib/microlib/printf/printf.c         0x00000000   Number         0  printf0.o ABSOLUTE
    ../clib/microlib/printf/printf.c         0x00000000   Number         0  printfb.o ABSOLUTE
    ../clib/microlib/printf/printf.c         0x00000000   Number         0  printf4.o ABSOLUTE
    ../clib/microlib/printf/printf.c         0x00000000   Number         0  printfa.o ABSOLUTE
    ../clib/microlib/printf/printf.c         0x00000000   Number         0  printf8.o ABSOLUTE
    ../clib/microlib/printf/stubs.s          0x00000000   Number         0  stubs.o ABSOLUTE
    ../clib/microlib/string/memcpy.c         0x00000000   Number         0  memcpyb.o ABSOLUTE
    ../clib/microlib/string/memcpy.c         0x00000000   Number         0  memcpya.o ABSOLUTE
    ../clib/microlib/string/memset.c         0x00000000   Number         0  memseta.o ABSOLUTE
    ../clib/microlib/stubs.s                 0x00000000   Number         0  iusefp.o ABSOLUTE
    ../clib/microlib/stubs.s                 0x00000000   Number         0  useno.o ABSOLUTE
    ../fplib/microlib/d2f.c                  0x00000000   Number         0  d2f.o ABSOLUTE
    ../fplib/microlib/f2d.c                  0x00000000   Number         0  f2d.o ABSOLUTE
    ../fplib/microlib/fpadd.c                0x00000000   Number         0  dadd.o ABSOLUTE
    ../fplib/microlib/fpadd.c                0x00000000   Number         0  fadd.o ABSOLUTE
    ../fplib/microlib/fpdiv.c                0x00000000   Number         0  fdiv.o ABSOLUTE
    ../fplib/microlib/fpdiv.c                0x00000000   Number         0  ddiv.o ABSOLUTE
    ../fplib/microlib/fpepilogue.c           0x00000000   Number         0  fepilogue.o ABSOLUTE
    ../fplib/microlib/fpepilogue.c           0x00000000   Number         0  depilogue.o ABSOLUTE
    ../fplib/microlib/fpfix.c                0x00000000   Number         0  dfixi.o ABSOLUTE
    ../fplib/microlib/fpfix.c                0x00000000   Number         0  ffixi.o ABSOLUTE
    ../fplib/microlib/fpfix.c                0x00000000   Number         0  dfixul.o ABSOLUTE
    ../fplib/microlib/fpflt.c                0x00000000   Number         0  fflti.o ABSOLUTE
    ../fplib/microlib/fpflt.c                0x00000000   Number         0  dflti.o ABSOLUTE
    ../fplib/microlib/fpmul.c                0x00000000   Number         0  dmul.o ABSOLUTE
    ../fplib/microlib/fpmul.c                0x00000000   Number         0  fmul.o ABSOLUTE
    ../fplib/microlib/fpscalb.c              0x00000000   Number         0  dscalb.o ABSOLUTE
    ../fplib/microlib/fpsqrt.c               0x00000000   Number         0  dsqrt.o ABSOLUTE
    ../mathlib/asin.c                        0x00000000   Number         0  asin.o ABSOLUTE
    ../mathlib/asin.c                        0x00000000   Number         0  asin_x.o ABSOLUTE
    ../mathlib/atan.c                        0x00000000   Number         0  atan_x.o ABSOLUTE
    ../mathlib/atan.c                        0x00000000   Number         0  atan.o ABSOLUTE
    ../mathlib/atan2.c                       0x00000000   Number         0  atan2_x.o ABSOLUTE
    ../mathlib/atan2.c                       0x00000000   Number         0  atan2.o ABSOLUTE
    ../mathlib/dunder.c                      0x00000000   Number         0  dunder.o ABSOLUTE
    ../mathlib/fpclassify.c                  0x00000000   Number         0  fpclassify.o ABSOLUTE
    ../mathlib/poly.c                        0x00000000   Number         0  poly.o ABSOLUTE
    ../mathlib/qnan.c                        0x00000000   Number         0  qnan.o ABSOLUTE
    ../mathlib/sqrt.c                        0x00000000   Number         0  sqrt_x.o ABSOLUTE
    ../mathlib/sqrt.c                        0x00000000   Number         0  sqrt.o ABSOLUTE
    ..\CMSIS\core_cm3.c                      0x00000000   Number         0  core_cm3.o ABSOLUTE
    ..\CMSIS\startup\startup_stm32f10x_md.s  0x00000000   Number         0  startup_stm32f10x_md.o ABSOLUTE
    ..\CMSIS\system_stm32f10x.c              0x00000000   Number         0  system_stm32f10x.o ABSOLUTE
    ..\FWlib\src\misc.c                      0x00000000   Number         0  misc.o ABSOLUTE
    ..\FWlib\src\stm32f10x_adc.c             0x00000000   Number         0  stm32f10x_adc.o ABSOLUTE
    ..\FWlib\src\stm32f10x_bkp.c             0x00000000   Number         0  stm32f10x_bkp.o ABSOLUTE
    ..\FWlib\src\stm32f10x_can.c             0x00000000   Number         0  stm32f10x_can.o ABSOLUTE
    ..\FWlib\src\stm32f10x_crc.c             0x00000000   Number         0  stm32f10x_crc.o ABSOLUTE
    ..\FWlib\src\stm32f10x_dac.c             0x00000000   Number         0  stm32f10x_dac.o ABSOLUTE
    ..\FWlib\src\stm32f10x_dbgmcu.c          0x00000000   Number         0  stm32f10x_dbgmcu.o ABSOLUTE
    ..\FWlib\src\stm32f10x_dma.c             0x00000000   Number         0  stm32f10x_dma.o ABSOLUTE
    ..\FWlib\src\stm32f10x_exti.c            0x00000000   Number         0  stm32f10x_exti.o ABSOLUTE
    ..\FWlib\src\stm32f10x_flash.c           0x00000000   Number         0  stm32f10x_flash.o ABSOLUTE
    ..\FWlib\src\stm32f10x_fsmc.c            0x00000000   Number         0  stm32f10x_fsmc.o ABSOLUTE
    ..\FWlib\src\stm32f10x_gpio.c            0x00000000   Number         0  stm32f10x_gpio.o ABSOLUTE
    ..\FWlib\src\stm32f10x_i2c.c             0x00000000   Number         0  stm32f10x_i2c.o ABSOLUTE
    ..\FWlib\src\stm32f10x_iwdg.c            0x00000000   Number         0  stm32f10x_iwdg.o ABSOLUTE
    ..\FWlib\src\stm32f10x_pwr.c             0x00000000   Number         0  stm32f10x_pwr.o ABSOLUTE
    ..\FWlib\src\stm32f10x_rcc.c             0x00000000   Number         0  stm32f10x_rcc.o ABSOLUTE
    ..\FWlib\src\stm32f10x_rtc.c             0x00000000   Number         0  stm32f10x_rtc.o ABSOLUTE
    ..\FWlib\src\stm32f10x_sdio.c            0x00000000   Number         0  stm32f10x_sdio.o ABSOLUTE
    ..\FWlib\src\stm32f10x_spi.c             0x00000000   Number         0  stm32f10x_spi.o ABSOLUTE
    ..\FWlib\src\stm32f10x_tim.c             0x00000000   Number         0  stm32f10x_tim.o ABSOLUTE
    ..\FWlib\src\stm32f10x_usart.c           0x00000000   Number         0  stm32f10x_usart.o ABSOLUTE
    ..\FWlib\src\stm32f10x_wwdg.c            0x00000000   Number         0  stm32f10x_wwdg.o ABSOLUTE
    ..\HARDWARE\ADC\adc.c                    0x00000000   Number         0  adc.o ABSOLUTE
    ..\HARDWARE\DS18B20\ds18b20.c            0x00000000   Number         0  ds18b20.o ABSOLUTE
    ..\HARDWARE\LobotServoController\LobotServoController.c 0x00000000   Number         0  lobotservocontroller.o ABSOLUTE
    ..\HARDWARE\MPU6050\I2C_MPU6050.c        0x00000000   Number         0  i2c_mpu6050.o ABSOLUTE
    ..\HARDWARE\MPU6050\myimu.c              0x00000000   Number         0  myimu.o ABSOLUTE
    ..\HARDWARE\OLED\bmp.c                   0x00000000   Number         0  bmp.o ABSOLUTE
    ..\HARDWARE\OLED\oled.c                  0x00000000   Number         0  oled.o ABSOLUTE
    ..\HARDWARE\PLAY_MUSIC\play_music.c      0x00000000   Number         0  play_music.o ABSOLUTE
    ..\HARDWARE\TIMER-ASMx-PWM\timer_asmx_pwm.c 0x00000000   Number         0  timer_asmx_pwm.o ABSOLUTE
    ..\HARDWARE\dht11\dht11.c                0x00000000   Number         0  dht11.o ABSOLUTE
    ..\SYSTEM\delay\delay.c                  0x00000000   Number         0  delay.o ABSOLUTE
    ..\SYSTEM\sys\sys.c                      0x00000000   Number         0  sys.o ABSOLUTE
    ..\SYSTEM\usart\usart.c                  0x00000000   Number         0  usart.o ABSOLUTE
    ..\\CMSIS\\core_cm3.c                    0x00000000   Number         0  core_cm3.o ABSOLUTE
    ..\\SYSTEM\\sys\\sys.c                   0x00000000   Number         0  sys.o ABSOLUTE
    cdcmple.s                                0x00000000   Number         0  cdcmple.o ABSOLUTE
    cdrcmple.s                               0x00000000   Number         0  cdrcmple.o ABSOLUTE
    cfcmple.s                                0x00000000   Number         0  cfcmple.o ABSOLUTE
    dc.s                                     0x00000000   Number         0  dc.o ABSOLUTE
    handlers.s                               0x00000000   Number         0  handlers.o ABSOLUTE
    init.s                                   0x00000000   Number         0  init.o ABSOLUTE
    main.c                                   0x00000000   Number         0  main.o ABSOLUTE
    stm32f10x_it.c                           0x00000000   Number         0  stm32f10x_it.o ABSOLUTE
    RESET                                    0x08000000   Section      236  startup_stm32f10x_md.o(RESET)
    .ARM.Collect$$$$00000000                 0x080000ec   Section        0  entry.o(.ARM.Collect$$$$00000000)
    .ARM.Collect$$$$00000001                 0x080000ec   Section        4  entry2.o(.ARM.Collect$$$$00000001)
    .ARM.Collect$$$$00000004                 0x080000f0   Section        4  entry5.o(.ARM.Collect$$$$00000004)
    .ARM.Collect$$$$00000008                 0x080000f4   Section        0  entry7b.o(.ARM.Collect$$$$00000008)
    .ARM.Collect$$$$0000000A                 0x080000f4   Section        0  entry8b.o(.ARM.Collect$$$$0000000A)
    .ARM.Collect$$$$0000000B                 0x080000f4   Section        8  entry9a.o(.ARM.Collect$$$$0000000B)
    .ARM.Collect$$$$0000000D                 0x080000fc   Section        0  entry10a.o(.ARM.Collect$$$$0000000D)
    .ARM.Collect$$$$0000000F                 0x080000fc   Section        0  entry11a.o(.ARM.Collect$$$$0000000F)
    .ARM.Collect$$$$00002712                 0x080000fc   Section        4  entry2.o(.ARM.Collect$$$$00002712)
    __lit__00000000                          0x080000fc   Data           4  entry2.o(.ARM.Collect$$$$00002712)
    .text                                    0x08000100   Section       36  startup_stm32f10x_md.o(.text)
    .text                                    0x08000124   Section        0  main.o(.text)
    .text                                    0x08000198   Section        0  stm32f10x_it.o(.text)
    .text                                    0x080001b4   Section        0  stm32f10x_gpio.o(.text)
    .text                                    0x080004e4   Section        0  stm32f10x_rcc.o(.text)
    .text                                    0x08000884   Section        0  stm32f10x_usart.o(.text)
    .text                                    0x08000bf4   Section        0  stm32f10x_adc.o(.text)
    .text                                    0x08001024   Section        0  stm32f10x_dma.o(.text)
    .text                                    0x08001264   Section        0  misc.o(.text)
    .text                                    0x08001340   Section        0  stm32f10x_tim.o(.text)
    TI4_Config                               0x0800165f   Thumb Code    82  stm32f10x_tim.o(.text)
    TI3_Config                               0x080016c3   Thumb Code    72  stm32f10x_tim.o(.text)
    TI2_Config                               0x08001735   Thumb Code    80  stm32f10x_tim.o(.text)
    TI1_Config                               0x08001797   Thumb Code    56  stm32f10x_tim.o(.text)
    .text                                    0x08001f08   Section        0  system_stm32f10x.o(.text)
    SetSysClockTo72                          0x08001f09   Thumb Code   220  system_stm32f10x.o(.text)
    SetSysClock                              0x08001fe5   Thumb Code     8  system_stm32f10x.o(.text)
    .text                                    0x08002040   Section        0  oled.o(.text)
    .text                                    0x08002620   Section        0  timer_asmx_pwm.o(.text)
    .text                                    0x080029ec   Section        0  adc.o(.text)
    .text                                    0x08002ba0   Section        0  dht11.o(.text)
    .text                                    0x08002d28   Section        0  ds18b20.o(.text)
    .text                                    0x08002fb8   Section        0  delay.o(.text)
    .text                                    0x080030a4   Section        0  usart.o(.text)
    .text                                    0x08003794   Section        0  memcpya.o(.text)
    .text                                    0x080037b8   Section        0  memseta.o(.text)
    .text                                    0x080037dc   Section        0  dadd.o(.text)
    .text                                    0x0800392a   Section        0  dmul.o(.text)
    .text                                    0x08003a0e   Section        0  fflti.o(.text)
    .text                                    0x08003a20   Section        0  dfixi.o(.text)
    .text                                    0x08003a5e   Section        0  f2d.o(.text)
    .text                                    0x08003a84   Section        0  uidiv.o(.text)
    .text                                    0x08003ab0   Section        0  llshl.o(.text)
    .text                                    0x08003ace   Section        0  llushr.o(.text)
    .text                                    0x08003aee   Section        0  llsshr.o(.text)
    .text                                    0x08003b12   Section        0  fepilogue.o(.text)
    .text                                    0x08003b12   Section        0  iusefp.o(.text)
    .text                                    0x08003b80   Section        0  depilogue.o(.text)
    .text                                    0x08003c3c   Section       36  init.o(.text)
    .text                                    0x08003c60   Section        0  __dczerorl2.o(.text)
    i.__0printf$1                            0x08003cb8   Section        0  printf1.o(i.__0printf$1)
    i.__scatterload_copy                     0x08003cd8   Section       14  handlers.o(i.__scatterload_copy)
    i.__scatterload_null                     0x08003ce6   Section        2  handlers.o(i.__scatterload_null)
    i.__scatterload_zeroinit                 0x08003ce8   Section       14  handlers.o(i.__scatterload_zeroinit)
    i._printf_core                           0x08003cf8   Section        0  printf1.o(i._printf_core)
    _printf_core                             0x08003cf9   Thumb Code   336  printf1.o(i._printf_core)
    .constdata                               0x08003e4c   Section     2084  bmp.o(.constdata)
    .data                                    0x20000000   Section       20  stm32f10x_rcc.o(.data)
    APBAHBPrescTable                         0x20000000   Data          16  stm32f10x_rcc.o(.data)
    ADCPrescTable                            0x20000010   Data           4  stm32f10x_rcc.o(.data)
    .data                                    0x20000014   Section     5120  bmp.o(.data)
    .data                                    0x20001414   Section        8  timer_asmx_pwm.o(.data)
    .data                                    0x2000141c   Section        2  adc.o(.data)
    .data                                    0x2000141e   Section        4  delay.o(.data)
    fac_us                                   0x2000141e   Data           1  delay.o(.data)
    fac_ms                                   0x20001420   Data           2  delay.o(.data)
    .data                                    0x20001424   Section       15  usart.o(.data)
    .bss                                     0x20001434   Section      300  usart.o(.bss)
    STACK                                    0x20001560   Section     1024  startup_stm32f10x_md.o(STACK)

    Global Symbols

    Symbol Name                              Value     Ov Type        Size  Object(Section)

    BuildAttributes$$THM_ISAv4$P$D$K$B$S$PE$A:L22UL41UL21$X:L11$S22US41US21$IEEE1$IW$USESV6$~STKCKD$USESV7$~SHL$OTIME$ROPI$IEEEX$EBA8$MICROLIB$REQ8$PRES8$EABIv2 0x00000000   Number         0  anon$$obj.o ABSOLUTE
    __ARM_use_no_argv                        0x00000000   Number         0  main.o ABSOLUTE
    __use_no_errno                           0x00000000   Number         0  useno.o ABSOLUTE
    __use_no_exception_handling              0x00000000   Number         0  useno.o ABSOLUTE
    __use_no_fp                              0x00000000   Number         0  useno.o ABSOLUTE
    __use_no_heap                            0x00000000   Number         0  useno.o ABSOLUTE
    __use_no_heap_region                     0x00000000   Number         0  useno.o ABSOLUTE
    __use_no_semihosting                     0x00000000   Number         0  useno.o ABSOLUTE
    __use_no_semihosting_swi                 0x00000000   Number         0  useno.o ABSOLUTE
    __use_no_signal_handling                 0x00000000   Number         0  useno.o ABSOLUTE
    _printf_a                                0x00000000   Number         0  stubs.o ABSOLUTE
    _printf_c                                0x00000000   Number         0  stubs.o ABSOLUTE
    _printf_charcount                        0x00000000   Number         0  stubs.o ABSOLUTE
    _printf_d                                0x00000000   Number         0  stubs.o ABSOLUTE
    _printf_e                                0x00000000   Number         0  stubs.o ABSOLUTE
    _printf_f                                0x00000000   Number         0  stubs.o ABSOLUTE
    _printf_flags                            0x00000000   Number         0  stubs.o ABSOLUTE
    _printf_fp_dec                           0x00000000   Number         0  stubs.o ABSOLUTE
    _printf_fp_hex                           0x00000000   Number         0  stubs.o ABSOLUTE
    _printf_g                                0x00000000   Number         0  stubs.o ABSOLUTE
    _printf_i                                0x00000000   Number         0  stubs.o ABSOLUTE
    _printf_int_dec                          0x00000000   Number         0  stubs.o ABSOLUTE
    _printf_l                                0x00000000   Number         0  stubs.o ABSOLUTE
    _printf_lc                               0x00000000   Number         0  stubs.o ABSOLUTE
    _printf_ll                               0x00000000   Number         0  stubs.o ABSOLUTE
    _printf_lld                              0x00000000   Number         0  stubs.o ABSOLUTE
    _printf_lli                              0x00000000   Number         0  stubs.o ABSOLUTE
    _printf_llo                              0x00000000   Number         0  stubs.o ABSOLUTE
    _printf_llu                              0x00000000   Number         0  stubs.o ABSOLUTE
    _printf_llx                              0x00000000   Number         0  stubs.o ABSOLUTE
    _printf_longlong_dec                     0x00000000   Number         0  stubs.o ABSOLUTE
    _printf_longlong_hex                     0x00000000   Number         0  stubs.o ABSOLUTE
    _printf_longlong_oct                     0x00000000   Number         0  stubs.o ABSOLUTE
    _printf_ls                               0x00000000   Number         0  stubs.o ABSOLUTE
    _printf_mbtowc                           0x00000000   Number         0  stubs.o ABSOLUTE
    _printf_n                                0x00000000   Number         0  stubs.o ABSOLUTE
    _printf_o                                0x00000000   Number         0  stubs.o ABSOLUTE
    _printf_p                                0x00000000   Number         0  stubs.o ABSOLUTE
    _printf_percent                          0x00000000   Number         0  stubs.o ABSOLUTE
    _printf_pre_padding                      0x00000000   Number         0  stubs.o ABSOLUTE
    _printf_return_value                     0x00000000   Number         0  stubs.o ABSOLUTE
    _printf_s                                0x00000000   Number         0  stubs.o ABSOLUTE
    _printf_sizespec                         0x00000000   Number         0  stubs.o ABSOLUTE
    _printf_str                              0x00000000   Number         0  stubs.o ABSOLUTE
    _printf_truncate_signed                  0x00000000   Number         0  stubs.o ABSOLUTE
    _printf_truncate_unsigned                0x00000000   Number         0  stubs.o ABSOLUTE
    _printf_u                                0x00000000   Number         0  stubs.o ABSOLUTE
    _printf_wc                               0x00000000   Number         0  stubs.o ABSOLUTE
    _printf_wctomb                           0x00000000   Number         0  stubs.o ABSOLUTE
    _printf_widthprec                        0x00000000   Number         0  stubs.o ABSOLUTE
    _printf_x                                0x00000000   Number         0  stubs.o ABSOLUTE
    __cpp_initialize__aeabi_                  - Undefined Weak Reference
    __cxa_finalize                            - Undefined Weak Reference
    _clock_init                               - Undefined Weak Reference
    _microlib_exit                            - Undefined Weak Reference
    __Vectors_Size                           0x000000ec   Number         0  startup_stm32f10x_md.o ABSOLUTE
    __Vectors                                0x08000000   Data           4  startup_stm32f10x_md.o(RESET)
    __Vectors_End                            0x080000ec   Data           0  startup_stm32f10x_md.o(RESET)
    __main                                   0x080000ed   Thumb Code     0  entry.o(.ARM.Collect$$$$00000000)
    _main_stk                                0x080000ed   Thumb Code     0  entry2.o(.ARM.Collect$$$$00000001)
    _main_scatterload                        0x080000f1   Thumb Code     0  entry5.o(.ARM.Collect$$$$00000004)
    __main_after_scatterload                 0x080000f5   Thumb Code     0  entry5.o(.ARM.Collect$$$$00000004)
    _main_clock                              0x080000f5   Thumb Code     0  entry7b.o(.ARM.Collect$$$$00000008)
    _main_cpp_init                           0x080000f5   Thumb Code     0  entry8b.o(.ARM.Collect$$$$0000000A)
    _main_init                               0x080000f5   Thumb Code     0  entry9a.o(.ARM.Collect$$$$0000000B)
    __rt_final_cpp                           0x080000fd   Thumb Code     0  entry10a.o(.ARM.Collect$$$$0000000D)
    __rt_final_exit                          0x080000fd   Thumb Code     0  entry11a.o(.ARM.Collect$$$$0000000F)
    Reset_Handler                            0x08000101   Thumb Code     8  startup_stm32f10x_md.o(.text)
    ADC1_2_IRQHandler                        0x0800011b   Thumb Code     0  startup_stm32f10x_md.o(.text)
    CAN1_RX1_IRQHandler                      0x0800011b   Thumb Code     0  startup_stm32f10x_md.o(.text)
    CAN1_SCE_IRQHandler                      0x0800011b   Thumb Code     0  startup_stm32f10x_md.o(.text)
    DMA1_Channel1_IRQHandler                 0x0800011b   Thumb Code     0  startup_stm32f10x_md.o(.text)
    DMA1_Channel2_IRQHandler                 0x0800011b   Thumb Code     0  startup_stm32f10x_md.o(.text)
    DMA1_Channel3_IRQHandler                 0x0800011b   Thumb Code     0  startup_stm32f10x_md.o(.text)
    DMA1_Channel4_IRQHandler                 0x0800011b   Thumb Code     0  startup_stm32f10x_md.o(.text)
    DMA1_Channel5_IRQHandler                 0x0800011b   Thumb Code     0  startup_stm32f10x_md.o(.text)
    DMA1_Channel6_IRQHandler                 0x0800011b   Thumb Code     0  startup_stm32f10x_md.o(.text)
    DMA1_Channel7_IRQHandler                 0x0800011b   Thumb Code     0  startup_stm32f10x_md.o(.text)
    EXTI0_IRQHandler                         0x0800011b   Thumb Code     0  startup_stm32f10x_md.o(.text)
    EXTI15_10_IRQHandler                     0x0800011b   Thumb Code     0  startup_stm32f10x_md.o(.text)
    EXTI1_IRQHandler                         0x0800011b   Thumb Code     0  startup_stm32f10x_md.o(.text)
    EXTI2_IRQHandler                         0x0800011b   Thumb Code     0  startup_stm32f10x_md.o(.text)
    EXTI3_IRQHandler                         0x0800011b   Thumb Code     0  startup_stm32f10x_md.o(.text)
    EXTI4_IRQHandler                         0x0800011b   Thumb Code     0  startup_stm32f10x_md.o(.text)
    EXTI9_5_IRQHandler                       0x0800011b   Thumb Code     0  startup_stm32f10x_md.o(.text)
    FLASH_IRQHandler                         0x0800011b   Thumb Code     0  startup_stm32f10x_md.o(.text)
    I2C1_ER_IRQHandler                       0x0800011b   Thumb Code     0  startup_stm32f10x_md.o(.text)
    I2C1_EV_IRQHandler                       0x0800011b   Thumb Code     0  startup_stm32f10x_md.o(.text)
    I2C2_ER_IRQHandler                       0x0800011b   Thumb Code     0  startup_stm32f10x_md.o(.text)
    I2C2_EV_IRQHandler                       0x0800011b   Thumb Code     0  startup_stm32f10x_md.o(.text)
    PVD_IRQHandler                           0x0800011b   Thumb Code     0  startup_stm32f10x_md.o(.text)
    RCC_IRQHandler                           0x0800011b   Thumb Code     0  startup_stm32f10x_md.o(.text)
    RTCAlarm_IRQHandler                      0x0800011b   Thumb Code     0  startup_stm32f10x_md.o(.text)
    RTC_IRQHandler                           0x0800011b   Thumb Code     0  startup_stm32f10x_md.o(.text)
    SPI1_IRQHandler                          0x0800011b   Thumb Code     0  startup_stm32f10x_md.o(.text)
    SPI2_IRQHandler                          0x0800011b   Thumb Code     0  startup_stm32f10x_md.o(.text)
    TAMPER_IRQHandler                        0x0800011b   Thumb Code     0  startup_stm32f10x_md.o(.text)
    TIM1_BRK_IRQHandler                      0x0800011b   Thumb Code     0  startup_stm32f10x_md.o(.text)
    TIM1_CC_IRQHandler                       0x0800011b   Thumb Code     0  startup_stm32f10x_md.o(.text)
    TIM1_TRG_COM_IRQHandler                  0x0800011b   Thumb Code     0  startup_stm32f10x_md.o(.text)
    TIM1_UP_IRQHandler                       0x0800011b   Thumb Code     0  startup_stm32f10x_md.o(.text)
    USBWakeUp_IRQHandler                     0x0800011b   Thumb Code     0  startup_stm32f10x_md.o(.text)
    USB_HP_CAN1_TX_IRQHandler                0x0800011b   Thumb Code     0  startup_stm32f10x_md.o(.text)
    USB_LP_CAN1_RX0_IRQHandler               0x0800011b   Thumb Code     0  startup_stm32f10x_md.o(.text)
    WWDG_IRQHandler                          0x0800011b   Thumb Code     0  startup_stm32f10x_md.o(.text)
    main                                     0x08000125   Thumb Code   106  main.o(.text)
    NMI_Handler                              0x08000199   Thumb Code     2  stm32f10x_it.o(.text)
    HardFault_Handler                        0x0800019b   Thumb Code     4  stm32f10x_it.o(.text)
    MemManage_Handler                        0x0800019f   Thumb Code     4  stm32f10x_it.o(.text)
    BusFault_Handler                         0x080001a3   Thumb Code     4  stm32f10x_it.o(.text)
    UsageFault_Handler                       0x080001a7   Thumb Code     4  stm32f10x_it.o(.text)
    SVC_Handler                              0x080001ab   Thumb Code     2  stm32f10x_it.o(.text)
    DebugMon_Handler                         0x080001ad   Thumb Code     2  stm32f10x_it.o(.text)
    PendSV_Handler                           0x080001af   Thumb Code     2  stm32f10x_it.o(.text)
    SysTick_Handler                          0x080001b1   Thumb Code     2  stm32f10x_it.o(.text)
    GPIO_DeInit                              0x080001b5   Thumb Code   188  stm32f10x_gpio.o(.text)
    GPIO_AFIODeInit                          0x08000271   Thumb Code    20  stm32f10x_gpio.o(.text)
    GPIO_Init                                0x08000285   Thumb Code   278  stm32f10x_gpio.o(.text)
    GPIO_StructInit                          0x0800039b   Thumb Code    16  stm32f10x_gpio.o(.text)
    GPIO_ReadInputDataBit                    0x080003ab   Thumb Code    18  stm32f10x_gpio.o(.text)
    GPIO_ReadInputData                       0x080003bd   Thumb Code     8  stm32f10x_gpio.o(.text)
    GPIO_ReadOutputDataBit                   0x080003c5   Thumb Code    18  stm32f10x_gpio.o(.text)
    GPIO_ReadOutputData                      0x080003d7   Thumb Code     8  stm32f10x_gpio.o(.text)
    GPIO_SetBits                             0x080003df   Thumb Code     4  stm32f10x_gpio.o(.text)
    GPIO_ResetBits                           0x080003e3   Thumb Code     4  stm32f10x_gpio.o(.text)
    GPIO_WriteBit                            0x080003e7   Thumb Code    10  stm32f10x_gpio.o(.text)
    GPIO_Write                               0x080003f1   Thumb Code     4  stm32f10x_gpio.o(.text)
    GPIO_PinLockConfig                       0x080003f5   Thumb Code    18  stm32f10x_gpio.o(.text)
    GPIO_EventOutputConfig                   0x08000407   Thumb Code    26  stm32f10x_gpio.o(.text)
    GPIO_EventOutputCmd                      0x08000421   Thumb Code     6  stm32f10x_gpio.o(.text)
    GPIO_PinRemapConfig                      0x08000427   Thumb Code   106  stm32f10x_gpio.o(.text)
    GPIO_EXTILineConfig                      0x08000491   Thumb Code    66  stm32f10x_gpio.o(.text)
    RCC_DeInit                               0x080004e5   Thumb Code    62  stm32f10x_rcc.o(.text)
    RCC_HSEConfig                            0x08000523   Thumb Code    70  stm32f10x_rcc.o(.text)
    RCC_GetFlagStatus                        0x08000569   Thumb Code    56  stm32f10x_rcc.o(.text)
    RCC_WaitForHSEStartUp                    0x080005a1   Thumb Code    54  stm32f10x_rcc.o(.text)
    RCC_AdjustHSICalibrationValue            0x080005d7   Thumb Code    20  stm32f10x_rcc.o(.text)
    RCC_HSICmd                               0x080005eb   Thumb Code     6  stm32f10x_rcc.o(.text)
    RCC_PLLConfig                            0x080005f1   Thumb Code    24  stm32f10x_rcc.o(.text)
    RCC_PLLCmd                               0x08000609   Thumb Code     6  stm32f10x_rcc.o(.text)
    RCC_SYSCLKConfig                         0x0800060f   Thumb Code    18  stm32f10x_rcc.o(.text)
    RCC_GetSYSCLKSource                      0x08000621   Thumb Code    10  stm32f10x_rcc.o(.text)
    RCC_HCLKConfig                           0x0800062b   Thumb Code    18  stm32f10x_rcc.o(.text)
    RCC_PCLK1Config                          0x0800063d   Thumb Code    18  stm32f10x_rcc.o(.text)
    RCC_PCLK2Config                          0x0800064f   Thumb Code    20  stm32f10x_rcc.o(.text)
    RCC_ITConfig                             0x08000663   Thumb Code    26  stm32f10x_rcc.o(.text)
    RCC_USBCLKConfig                         0x0800067d   Thumb Code     8  stm32f10x_rcc.o(.text)
    RCC_ADCCLKConfig                         0x08000685   Thumb Code    18  stm32f10x_rcc.o(.text)
    RCC_LSEConfig                            0x08000697   Thumb Code    50  stm32f10x_rcc.o(.text)
    RCC_LSICmd                               0x080006c9   Thumb Code     6  stm32f10x_rcc.o(.text)
    RCC_RTCCLKConfig                         0x080006cf   Thumb Code    12  stm32f10x_rcc.o(.text)
    RCC_RTCCLKCmd                            0x080006db   Thumb Code     8  stm32f10x_rcc.o(.text)
    RCC_GetClocksFreq                        0x080006e3   Thumb Code   192  stm32f10x_rcc.o(.text)
    RCC_AHBPeriphClockCmd                    0x080007a3   Thumb Code    26  stm32f10x_rcc.o(.text)
    RCC_APB2PeriphClockCmd                   0x080007bd   Thumb Code    26  stm32f10x_rcc.o(.text)
    RCC_APB1PeriphClockCmd                   0x080007d7   Thumb Code    26  stm32f10x_rcc.o(.text)
    RCC_APB2PeriphResetCmd                   0x080007f1   Thumb Code    26  stm32f10x_rcc.o(.text)
    RCC_APB1PeriphResetCmd                   0x0800080b   Thumb Code    26  stm32f10x_rcc.o(.text)
    RCC_BackupResetCmd                       0x08000825   Thumb Code     8  stm32f10x_rcc.o(.text)
    RCC_ClockSecuritySystemCmd               0x0800082d   Thumb Code     6  stm32f10x_rcc.o(.text)
    RCC_MCOConfig                            0x08000833   Thumb Code     6  stm32f10x_rcc.o(.text)
    RCC_ClearFlag                            0x08000839   Thumb Code    14  stm32f10x_rcc.o(.text)
    RCC_GetITStatus                          0x08000847   Thumb Code    20  stm32f10x_rcc.o(.text)
    RCC_ClearITPendingBit                    0x0800085b   Thumb Code     6  stm32f10x_rcc.o(.text)
    USART_DeInit                             0x08000885   Thumb Code   146  stm32f10x_usart.o(.text)
    USART_Init                               0x08000917   Thumb Code   150  stm32f10x_usart.o(.text)
    USART_StructInit                         0x080009ad   Thumb Code    24  stm32f10x_usart.o(.text)
    USART_ClockInit                          0x080009c5   Thumb Code    34  stm32f10x_usart.o(.text)
    USART_ClockStructInit                    0x080009e7   Thumb Code    12  stm32f10x_usart.o(.text)
    USART_Cmd                                0x080009f3   Thumb Code    24  stm32f10x_usart.o(.text)
    USART_ITConfig                           0x08000a0b   Thumb Code    64  stm32f10x_usart.o(.text)
    USART_DMACmd                             0x08000a4b   Thumb Code    18  stm32f10x_usart.o(.text)
    USART_SetAddress                         0x08000a5d   Thumb Code    18  stm32f10x_usart.o(.text)
    USART_WakeUpConfig                       0x08000a6f   Thumb Code    18  stm32f10x_usart.o(.text)
    USART_ReceiverWakeUpCmd                  0x08000a81   Thumb Code    24  stm32f10x_usart.o(.text)
    USART_LINBreakDetectLengthConfig         0x08000a99   Thumb Code    18  stm32f10x_usart.o(.text)
    USART_LINCmd                             0x08000aab   Thumb Code    24  stm32f10x_usart.o(.text)
    USART_SendData                           0x08000ac3   Thumb Code     8  stm32f10x_usart.o(.text)
    USART_ReceiveData                        0x08000acb   Thumb Code    10  stm32f10x_usart.o(.text)
    USART_SendBreak                          0x08000ad5   Thumb Code    10  stm32f10x_usart.o(.text)
    USART_SetGuardTime                       0x08000adf   Thumb Code    16  stm32f10x_usart.o(.text)
    USART_SetPrescaler                       0x08000aef   Thumb Code    16  stm32f10x_usart.o(.text)
    USART_SmartCardCmd                       0x08000aff   Thumb Code    24  stm32f10x_usart.o(.text)
    USART_SmartCardNACKCmd                   0x08000b17   Thumb Code    24  stm32f10x_usart.o(.text)
    USART_HalfDuplexCmd                      0x08000b2f   Thumb Code    24  stm32f10x_usart.o(.text)
    USART_IrDAConfig                         0x08000b47   Thumb Code    18  stm32f10x_usart.o(.text)
    USART_IrDACmd                            0x08000b59   Thumb Code    24  stm32f10x_usart.o(.text)
    USART_GetFlagStatus                      0x08000b71   Thumb Code    18  stm32f10x_usart.o(.text)
    USART_ClearFlag                          0x08000b83   Thumb Code     6  stm32f10x_usart.o(.text)
    USART_GetITStatus                        0x08000b89   Thumb Code    76  stm32f10x_usart.o(.text)
    USART_ClearITPendingBit                  0x08000bd5   Thumb Code    20  stm32f10x_usart.o(.text)
    ADC_DeInit                               0x08000bf5   Thumb Code    90  stm32f10x_adc.o(.text)
    ADC_Init                                 0x08000c4f   Thumb Code    70  stm32f10x_adc.o(.text)
    ADC_StructInit                           0x08000c95   Thumb Code    18  stm32f10x_adc.o(.text)
    ADC_Cmd                                  0x08000ca7   Thumb Code    22  stm32f10x_adc.o(.text)
    ADC_DMACmd                               0x08000cbd   Thumb Code    22  stm32f10x_adc.o(.text)
    ADC_ITConfig                             0x08000cd3   Thumb Code    24  stm32f10x_adc.o(.text)
    ADC_ResetCalibration                     0x08000ceb   Thumb Code    10  stm32f10x_adc.o(.text)
    ADC_GetResetCalibrationStatus            0x08000cf5   Thumb Code    20  stm32f10x_adc.o(.text)
    ADC_StartCalibration                     0x08000d09   Thumb Code    10  stm32f10x_adc.o(.text)
    ADC_GetCalibrationStatus                 0x08000d13   Thumb Code    20  stm32f10x_adc.o(.text)
    ADC_SoftwareStartConvCmd                 0x08000d27   Thumb Code    22  stm32f10x_adc.o(.text)
    ADC_GetSoftwareStartConvStatus           0x08000d3d   Thumb Code    20  stm32f10x_adc.o(.text)
    ADC_DiscModeChannelCountConfig           0x08000d51   Thumb Code    24  stm32f10x_adc.o(.text)
    ADC_DiscModeCmd                          0x08000d69   Thumb Code    22  stm32f10x_adc.o(.text)
    ADC_RegularChannelConfig                 0x08000d7f   Thumb Code   184  stm32f10x_adc.o(.text)
    ADC_ExternalTrigConvCmd                  0x08000e37   Thumb Code    22  stm32f10x_adc.o(.text)
    ADC_GetConversionValue                   0x08000e4d   Thumb Code     8  stm32f10x_adc.o(.text)
    ADC_GetDualModeConversionValue           0x08000e55   Thumb Code     6  stm32f10x_adc.o(.text)
    ADC_AutoInjectedConvCmd                  0x08000e5b   Thumb Code    22  stm32f10x_adc.o(.text)
    ADC_InjectedDiscModeCmd                  0x08000e71   Thumb Code    22  stm32f10x_adc.o(.text)
    ADC_ExternalTrigInjectedConvConfig       0x08000e87   Thumb Code    16  stm32f10x_adc.o(.text)
    ADC_ExternalTrigInjectedConvCmd          0x08000e97   Thumb Code    22  stm32f10x_adc.o(.text)
    ADC_SoftwareStartInjectedConvCmd         0x08000ead   Thumb Code    22  stm32f10x_adc.o(.text)
    ADC_GetSoftwareStartInjectedConvCmdStatus 0x08000ec3   Thumb Code    20  stm32f10x_adc.o(.text)
    ADC_InjectedChannelConfig                0x08000ed7   Thumb Code   130  stm32f10x_adc.o(.text)
    ADC_InjectedSequencerLengthConfig        0x08000f59   Thumb Code    24  stm32f10x_adc.o(.text)
    ADC_SetInjectedOffset                    0x08000f71   Thumb Code     4  stm32f10x_adc.o(.text)
    ADC_GetInjectedConversionValue           0x08000f75   Thumb Code    10  stm32f10x_adc.o(.text)
    ADC_AnalogWatchdogCmd                    0x08000f7f   Thumb Code    16  stm32f10x_adc.o(.text)
    ADC_AnalogWatchdogThresholdsConfig       0x08000f8f   Thumb Code     6  stm32f10x_adc.o(.text)
    ADC_AnalogWatchdogSingleChannelConfig    0x08000f95   Thumb Code    16  stm32f10x_adc.o(.text)
    ADC_TempSensorVrefintCmd                 0x08000fa5   Thumb Code    38  stm32f10x_adc.o(.text)
    ADC_GetFlagStatus                        0x08000fcb   Thumb Code    38  stm32f10x_adc.o(.text)
    ADC_ClearFlag                            0x08000ff1   Thumb Code     6  stm32f10x_adc.o(.text)
    ADC_GetITStatus                          0x08000ff7   Thumb Code    36  stm32f10x_adc.o(.text)
    ADC_ClearITPendingBit                    0x0800101b   Thumb Code    10  stm32f10x_adc.o(.text)
    DMA_DeInit                               0x08001025   Thumb Code   306  stm32f10x_dma.o(.text)
    DMA_Init                                 0x08001157   Thumb Code    60  stm32f10x_dma.o(.text)
    DMA_StructInit                           0x08001193   Thumb Code    26  stm32f10x_dma.o(.text)
    DMA_Cmd                                  0x080011ad   Thumb Code    22  stm32f10x_dma.o(.text)
    DMA_ITConfig                             0x080011c3   Thumb Code    18  stm32f10x_dma.o(.text)
    DMA_GetCurrDataCounter                   0x080011d5   Thumb Code     8  stm32f10x_dma.o(.text)
    DMA_GetFlagStatus                        0x080011dd   Thumb Code    40  stm32f10x_dma.o(.text)
    DMA_ClearFlag                            0x08001205   Thumb Code    20  stm32f10x_dma.o(.text)
    DMA_GetITStatus                          0x08001219   Thumb Code    40  stm32f10x_dma.o(.text)
    DMA_ClearITPendingBit                    0x08001241   Thumb Code    20  stm32f10x_dma.o(.text)
    NVIC_PriorityGroupConfig                 0x08001265   Thumb Code    10  misc.o(.text)
    NVIC_Init                                0x0800126f   Thumb Code   100  misc.o(.text)
    NVIC_SetVectorTable                      0x080012d3   Thumb Code    14  misc.o(.text)
    NVIC_SystemLPConfig                      0x080012e1   Thumb Code    34  misc.o(.text)
    SysTick_CLKSourceConfig                  0x08001303   Thumb Code    40  misc.o(.text)
    TIM_DeInit                               0x08001341   Thumb Code   214  stm32f10x_tim.o(.text)
    TIM_TimeBaseInit                         0x08001417   Thumb Code    50  stm32f10x_tim.o(.text)
    TIM_OC1Init                              0x08001449   Thumb Code   110  stm32f10x_tim.o(.text)
    TIM_OC2Init                              0x080014b7   Thumb Code   148  stm32f10x_tim.o(.text)
    TIM_OC3Init                              0x0800154b   Thumb Code   144  stm32f10x_tim.o(.text)
    TIM_OC4Init                              0x080015db   Thumb Code   106  stm32f10x_tim.o(.text)
    TIM_SetIC4Prescaler                      0x08001645   Thumb Code    26  stm32f10x_tim.o(.text)
    TIM_SetIC3Prescaler                      0x080016b1   Thumb Code    18  stm32f10x_tim.o(.text)
    TIM_SetIC2Prescaler                      0x0800170b   Thumb Code    42  stm32f10x_tim.o(.text)
    TIM_SetIC1Prescaler                      0x08001785   Thumb Code    18  stm32f10x_tim.o(.text)
    TIM_ICInit                               0x080017cf   Thumb Code   110  stm32f10x_tim.o(.text)
    TIM_PWMIConfig                           0x0800183d   Thumb Code   124  stm32f10x_tim.o(.text)
    TIM_BDTRConfig                           0x080018b9   Thumb Code    32  stm32f10x_tim.o(.text)
    TIM_TimeBaseStructInit                   0x080018d9   Thumb Code    18  stm32f10x_tim.o(.text)
    TIM_OCStructInit                         0x080018eb   Thumb Code    20  stm32f10x_tim.o(.text)
    TIM_ICStructInit                         0x080018ff   Thumb Code    18  stm32f10x_tim.o(.text)
    TIM_BDTRStructInit                       0x08001911   Thumb Code    18  stm32f10x_tim.o(.text)
    TIM_Cmd                                  0x08001923   Thumb Code    24  stm32f10x_tim.o(.text)
    TIM_CtrlPWMOutputs                       0x0800193b   Thumb Code    30  stm32f10x_tim.o(.text)
    TIM_ITConfig                             0x08001959   Thumb Code    18  stm32f10x_tim.o(.text)
    TIM_GenerateEvent                        0x0800196b   Thumb Code     4  stm32f10x_tim.o(.text)
    TIM_DMAConfig                            0x0800196f   Thumb Code    10  stm32f10x_tim.o(.text)
    TIM_DMACmd                               0x08001979   Thumb Code    18  stm32f10x_tim.o(.text)
    TIM_InternalClockConfig                  0x0800198b   Thumb Code    12  stm32f10x_tim.o(.text)
    TIM_SelectInputTrigger                   0x08001997   Thumb Code    18  stm32f10x_tim.o(.text)
    TIM_ITRxExternalClockConfig              0x080019a9   Thumb Code    24  stm32f10x_tim.o(.text)
    TIM_TIxExternalClockConfig               0x080019c1   Thumb Code    62  stm32f10x_tim.o(.text)
    TIM_ETRConfig                            0x080019ff   Thumb Code    30  stm32f10x_tim.o(.text)
    TIM_ETRClockMode1Config                  0x08001a1d   Thumb Code    54  stm32f10x_tim.o(.text)
    TIM_ETRClockMode2Config                  0x08001a53   Thumb Code    32  stm32f10x_tim.o(.text)
    TIM_PrescalerConfig                      0x08001a73   Thumb Code     6  stm32f10x_tim.o(.text)
    TIM_CounterModeConfig                    0x08001a79   Thumb Code    18  stm32f10x_tim.o(.text)
    TIM_EncoderInterfaceConfig               0x08001a8b   Thumb Code    66  stm32f10x_tim.o(.text)
    TIM_ForcedOC1Config                      0x08001acd   Thumb Code    18  stm32f10x_tim.o(.text)
    TIM_ForcedOC2Config                      0x08001adf   Thumb Code    26  stm32f10x_tim.o(.text)
    TIM_ForcedOC3Config                      0x08001af9   Thumb Code    18  stm32f10x_tim.o(.text)
    TIM_ForcedOC4Config                      0x08001b0b   Thumb Code    26  stm32f10x_tim.o(.text)
    TIM_ARRPreloadConfig                     0x08001b25   Thumb Code    24  stm32f10x_tim.o(.text)
    TIM_SelectCOM                            0x08001b3d   Thumb Code    24  stm32f10x_tim.o(.text)
    TIM_SelectCCDMA                          0x08001b55   Thumb Code    24  stm32f10x_tim.o(.text)
    TIM_CCPreloadControl                     0x08001b6d   Thumb Code    24  stm32f10x_tim.o(.text)
    TIM_OC1PreloadConfig                     0x08001b85   Thumb Code    18  stm32f10x_tim.o(.text)
    TIM_OC2PreloadConfig                     0x08001b97   Thumb Code    26  stm32f10x_tim.o(.text)
    TIM_OC3PreloadConfig                     0x08001bb1   Thumb Code    18  stm32f10x_tim.o(.text)
    TIM_OC4PreloadConfig                     0x08001bc3   Thumb Code    26  stm32f10x_tim.o(.text)
    TIM_OC1FastConfig                        0x08001bdd   Thumb Code    18  stm32f10x_tim.o(.text)
    TIM_OC2FastConfig                        0x08001bef   Thumb Code    26  stm32f10x_tim.o(.text)
    TIM_OC3FastConfig                        0x08001c09   Thumb Code    18  stm32f10x_tim.o(.text)
    TIM_OC4FastConfig                        0x08001c1b   Thumb Code    26  stm32f10x_tim.o(.text)
    TIM_ClearOC1Ref                          0x08001c35   Thumb Code    18  stm32f10x_tim.o(.text)
    TIM_ClearOC2Ref                          0x08001c47   Thumb Code    24  stm32f10x_tim.o(.text)
    TIM_ClearOC3Ref                          0x08001c5f   Thumb Code    18  stm32f10x_tim.o(.text)
    TIM_ClearOC4Ref                          0x08001c71   Thumb Code    24  stm32f10x_tim.o(.text)
    TIM_OC1PolarityConfig                    0x08001c89   Thumb Code    18  stm32f10x_tim.o(.text)
    TIM_OC1NPolarityConfig                   0x08001c9b   Thumb Code    18  stm32f10x_tim.o(.text)
    TIM_OC2PolarityConfig                    0x08001cad   Thumb Code    26  stm32f10x_tim.o(.text)
    TIM_OC2NPolarityConfig                   0x08001cc7   Thumb Code    26  stm32f10x_tim.o(.text)
    TIM_OC3PolarityConfig                    0x08001ce1   Thumb Code    26  stm32f10x_tim.o(.text)
    TIM_OC3NPolarityConfig                   0x08001cfb   Thumb Code    26  stm32f10x_tim.o(.text)
    TIM_OC4PolarityConfig                    0x08001d15   Thumb Code    26  stm32f10x_tim.o(.text)
    TIM_CCxCmd                               0x08001d2f   Thumb Code    26  stm32f10x_tim.o(.text)
    TIM_CCxNCmd                              0x08001d49   Thumb Code    26  stm32f10x_tim.o(.text)
    TIM_SelectOCxM                           0x08001d63   Thumb Code   134  stm32f10x_tim.o(.text)
    TIM_UpdateDisableConfig                  0x08001de9   Thumb Code    24  stm32f10x_tim.o(.text)
    TIM_UpdateRequestConfig                  0x08001e01   Thumb Code    24  stm32f10x_tim.o(.text)
    TIM_SelectHallSensor                     0x08001e19   Thumb Code    24  stm32f10x_tim.o(.text)
    TIM_SelectOnePulseMode                   0x08001e31   Thumb Code    18  stm32f10x_tim.o(.text)
    TIM_SelectOutputTrigger                  0x08001e43   Thumb Code    18  stm32f10x_tim.o(.text)
    TIM_SelectSlaveMode                      0x08001e55   Thumb Code    18  stm32f10x_tim.o(.text)
    TIM_SelectMasterSlaveMode                0x08001e67   Thumb Code    18  stm32f10x_tim.o(.text)
    TIM_SetCounter                           0x08001e79   Thumb Code     4  stm32f10x_tim.o(.text)
    TIM_SetAutoreload                        0x08001e7d   Thumb Code     4  stm32f10x_tim.o(.text)
    TIM_SetCompare1                          0x08001e81   Thumb Code     4  stm32f10x_tim.o(.text)
    TIM_SetCompare2                          0x08001e85   Thumb Code     4  stm32f10x_tim.o(.text)
    TIM_SetCompare3                          0x08001e89   Thumb Code     4  stm32f10x_tim.o(.text)
    TIM_SetCompare4                          0x08001e8d   Thumb Code     6  stm32f10x_tim.o(.text)
    TIM_SetClockDivision                     0x08001e93   Thumb Code    14  stm32f10x_tim.o(.text)
    TIM_GetCapture1                          0x08001ea1   Thumb Code     6  stm32f10x_tim.o(.text)
    TIM_GetCapture2                          0x08001ea7   Thumb Code     6  stm32f10x_tim.o(.text)
    TIM_GetCapture3                          0x08001ead   Thumb Code     6  stm32f10x_tim.o(.text)
    TIM_GetCapture4                          0x08001eb3   Thumb Code     8  stm32f10x_tim.o(.text)
    TIM_GetCounter                           0x08001ebb   Thumb Code     6  stm32f10x_tim.o(.text)
    TIM_GetPrescaler                         0x08001ec1   Thumb Code     6  stm32f10x_tim.o(.text)
    TIM_GetFlagStatus                        0x08001ec7   Thumb Code    18  stm32f10x_tim.o(.text)
    TIM_ClearFlag                            0x08001ed9   Thumb Code     6  stm32f10x_tim.o(.text)
    TIM_GetITStatus                          0x08001edf   Thumb Code    34  stm32f10x_tim.o(.text)
    TIM_ClearITPendingBit                    0x08001f01   Thumb Code     6  stm32f10x_tim.o(.text)
    SystemInit                               0x08001fed   Thumb Code    68  system_stm32f10x.o(.text)
    IIC_Start                                0x08002041   Thumb Code    36  oled.o(.text)
    IIC_Stop                                 0x08002065   Thumb Code    28  oled.o(.text)
    IIC_Wait_Ack                             0x08002081   Thumb Code    20  oled.o(.text)
    Write_IIC_Byte                           0x08002095   Thumb Code    80  oled.o(.text)
    Write_IIC_Command                        0x080020e5   Thumb Code    44  oled.o(.text)
    Write_IIC_Data                           0x08002111   Thumb Code    44  oled.o(.text)
    OLED_WR_Byte                             0x0800213d   Thumb Code    24  oled.o(.text)
    fill_picture                             0x08002155   Thumb Code    64  oled.o(.text)
    Delay_50ms                               0x08002195   Thumb Code    22  oled.o(.text)
    Delay_1ms                                0x080021ab   Thumb Code    26  oled.o(.text)
    OLED_Set_Pos                             0x080021c5   Thumb Code    40  oled.o(.text)
    OLED_Display_On                          0x080021ed   Thumb Code    28  oled.o(.text)
    OLED_Display_Off                         0x08002209   Thumb Code    28  oled.o(.text)
    OLED_Clear                               0x08002225   Thumb Code    62  oled.o(.text)
    OLED_On                                  0x08002263   Thumb Code    62  oled.o(.text)
    OLED_ShowChar                            0x080022a1   Thumb Code   154  oled.o(.text)
    oled_pow                                 0x0800233b   Thumb Code    22  oled.o(.text)
    OLED_ShowNum                             0x08002351   Thumb Code   136  oled.o(.text)
    OLED_ShowString                          0x080023d9   Thumb Code    58  oled.o(.text)
    OLED_ShowCHinese                         0x08002413   Thumb Code   122  oled.o(.text)
    OLED_DrawBMP                             0x0800248d   Thumb Code   118  oled.o(.text)
    OLED_Init                                0x08002503   Thumb Code   278  oled.o(.text)
    TIM1_PWM_Init                            0x08002621   Thumb Code   238  timer_asmx_pwm.o(.text)
    SG90_out                                 0x0800270f   Thumb Code     8  timer_asmx_pwm.o(.text)
    MG90S_out                                0x08002717   Thumb Code     8  timer_asmx_pwm.o(.text)
    TIM2_Int_Init                            0x0800271f   Thumb Code   110  timer_asmx_pwm.o(.text)
    TIM3_Int_Init                            0x0800278d   Thumb Code    96  timer_asmx_pwm.o(.text)
    TIM4_Int_Init                            0x080027ed   Thumb Code    96  timer_asmx_pwm.o(.text)
    TIM2_IRQHandler                          0x0800284d   Thumb Code   280  timer_asmx_pwm.o(.text)
    TIM3_IRQHandler                          0x08002965   Thumb Code    30  timer_asmx_pwm.o(.text)
    TIM4_IRQHandler                          0x08002983   Thumb Code    30  timer_asmx_pwm.o(.text)
    ADC1_Mode_init                           0x080029ed   Thumb Code   148  adc.o(.text)
    ADC_Mode_Config                          0x08002a81   Thumb Code   138  adc.o(.text)
    DMA_Mode_Config                          0x08002b0b   Thumb Code    84  adc.o(.text)
    ADC1_GPIO_Config                         0x08002b5f   Thumb Code    32  adc.o(.text)
    ADC1_Init                                0x08002b7f   Thumb Code    16  adc.o(.text)
    DHT11_Rst                                0x08002ba1   Thumb Code    52  dht11.o(.text)
    DHT11_Check                              0x08002bd5   Thumb Code    96  dht11.o(.text)
    DHT11_Read_Bit                           0x08002c35   Thumb Code    76  dht11.o(.text)
    DHT11_Read_Byte                          0x08002c81   Thumb Code    30  dht11.o(.text)
    DHT11_Read_Data                          0x08002c9f   Thumb Code    64  dht11.o(.text)
    DHT11_Init                               0x08002cdf   Thumb Code    62  dht11.o(.text)
    DS18B20_Rst                              0x08002d29   Thumb Code    54  ds18b20.o(.text)
    DS18B20_Check                            0x08002d5f   Thumb Code    96  ds18b20.o(.text)
    DS18B20_Read_Bit                         0x08002dbf   Thumb Code    96  ds18b20.o(.text)
    DS18B20_Read_Byte                        0x08002e1f   Thumb Code    34  ds18b20.o(.text)
    DS18B20_Write_Byte                       0x08002e41   Thumb Code   102  ds18b20.o(.text)
    DS18B20_Start                            0x08002ea7   Thumb Code    24  ds18b20.o(.text)
    DS18B20_Init                             0x08002ebf   Thumb Code    62  ds18b20.o(.text)
    DS18B20_Get_Temp                         0x08002efd   Thumb Code   164  ds18b20.o(.text)
    delay_init                               0x08002fb9   Thumb Code    52  delay.o(.text)
    delay_ms                                 0x08002fed   Thumb Code    62  delay.o(.text)
    delay_us                                 0x0800302b   Thumb Code    62  delay.o(.text)
    delay                                    0x08003069   Thumb Code    28  delay.o(.text)
    longdelay                                0x08003085   Thumb Code    24  delay.o(.text)
    _sys_exit                                0x080030a5   Thumb Code     4  usart.o(.text)
    fputc                                    0x080030a9   Thumb Code    32  usart.o(.text)
    uart1_init                               0x080030c9   Thumb Code   160  usart.o(.text)
    USART1_IRQHandler                        0x08003169   Thumb Code   172  usart.o(.text)
    uart2_init                               0x08003215   Thumb Code   162  usart.o(.text)
    USART2_IRQHandler                        0x080032b7   Thumb Code   188  usart.o(.text)
    uart3_init                               0x08003373   Thumb Code   166  usart.o(.text)
    USART3_IRQHandler                        0x08003419   Thumb Code   244  usart.o(.text)
    UARTGetByte                              0x0800350d   Thumb Code    32  usart.o(.text)
    UARTSendByte_TXE                         0x0800352d   Thumb Code    30  usart.o(.text)
    USART_Send_String_TXE                    0x0800354b   Thumb Code    26  usart.o(.text)
    UARTSendByte_TC                          0x08003565   Thumb Code    30  usart.o(.text)
    USART_Send_String_TC                     0x08003583   Thumb Code    26  usart.o(.text)
    itoa                                     0x0800359d   Thumb Code   150  usart.o(.text)
    USART_printf                             0x08003633   Thumb Code   262  usart.o(.text)
    uartWriteBuf                             0x08003739   Thumb Code    44  usart.o(.text)
    __aeabi_memcpy                           0x08003795   Thumb Code    36  memcpya.o(.text)
    __aeabi_memcpy4                          0x08003795   Thumb Code     0  memcpya.o(.text)
    __aeabi_memcpy8                          0x08003795   Thumb Code     0  memcpya.o(.text)
    __aeabi_memset                           0x080037b9   Thumb Code    14  memseta.o(.text)
    __aeabi_memset4                          0x080037b9   Thumb Code     0  memseta.o(.text)
    __aeabi_memset8                          0x080037b9   Thumb Code     0  memseta.o(.text)
    __aeabi_memclr                           0x080037c7   Thumb Code     4  memseta.o(.text)
    __aeabi_memclr4                          0x080037c7   Thumb Code     0  memseta.o(.text)
    __aeabi_memclr8                          0x080037c7   Thumb Code     0  memseta.o(.text)
    _memset$wrapper                          0x080037cb   Thumb Code    18  memseta.o(.text)
    __aeabi_dadd                             0x080037dd   Thumb Code   322  dadd.o(.text)
    __aeabi_dsub                             0x0800391f   Thumb Code     6  dadd.o(.text)
    __aeabi_drsub                            0x08003925   Thumb Code     6  dadd.o(.text)
    __aeabi_dmul                             0x0800392b   Thumb Code   228  dmul.o(.text)
    __aeabi_i2f                              0x08003a0f   Thumb Code    18  fflti.o(.text)
    __aeabi_d2iz                             0x08003a21   Thumb Code    62  dfixi.o(.text)
    __aeabi_f2d                              0x08003a5f   Thumb Code    38  f2d.o(.text)
    __aeabi_uidiv                            0x08003a85   Thumb Code     0  uidiv.o(.text)
    __aeabi_uidivmod                         0x08003a85   Thumb Code    44  uidiv.o(.text)
    __aeabi_llsl                             0x08003ab1   Thumb Code    30  llshl.o(.text)
    _ll_shift_l                              0x08003ab1   Thumb Code     0  llshl.o(.text)
    __aeabi_llsr                             0x08003acf   Thumb Code    32  llushr.o(.text)
    _ll_ushift_r                             0x08003acf   Thumb Code     0  llushr.o(.text)
    __aeabi_lasr                             0x08003aef   Thumb Code    36  llsshr.o(.text)
    _ll_sshift_r                             0x08003aef   Thumb Code     0  llsshr.o(.text)
    __I$use$fp                               0x08003b13   Thumb Code     0  iusefp.o(.text)
    _float_round                             0x08003b13   Thumb Code    18  fepilogue.o(.text)
    _float_epilogue                          0x08003b25   Thumb Code    92  fepilogue.o(.text)
    _double_round                            0x08003b81   Thumb Code    30  depilogue.o(.text)
    _double_epilogue                         0x08003b9f   Thumb Code   156  depilogue.o(.text)
    __scatterload                            0x08003c3d   Thumb Code    28  init.o(.text)
    __scatterload_rt2                        0x08003c3d   Thumb Code     0  init.o(.text)
    __decompress                             0x08003c61   Thumb Code     0  __dczerorl2.o(.text)
    __decompress1                            0x08003c61   Thumb Code    86  __dczerorl2.o(.text)
    __0printf$1                              0x08003cb9   Thumb Code    22  printf1.o(i.__0printf$1)
    __1printf$1                              0x08003cb9   Thumb Code     0  printf1.o(i.__0printf$1)
    __2printf                                0x08003cb9   Thumb Code     0  printf1.o(i.__0printf$1)
    __scatterload_copy                       0x08003cd9   Thumb Code    14  handlers.o(i.__scatterload_copy)
    __scatterload_null                       0x08003ce7   Thumb Code     2  handlers.o(i.__scatterload_null)
    __scatterload_zeroinit                   0x08003ce9   Thumb Code    14  handlers.o(i.__scatterload_zeroinit)
    F6x8                                     0x08003e4c   Data         552  bmp.o(.constdata)
    F8X16                                    0x08004074   Data        1520  bmp.o(.constdata)
    Hzk                                      0x08004664   Data          12  bmp.o(.constdata)
    Region$$Table$$Base                      0x08004670   Number         0  anon$$obj.o(Region$$Table)
    Region$$Table$$Limit                     0x08004690   Number         0  anon$$obj.o(Region$$Table)
    BMP1                                     0x20000014   Data        1024  bmp.o(.data)
    BMP2                                     0x20000414   Data        1024  bmp.o(.data)
    BMP3                                     0x20000814   Data        1024  bmp.o(.data)
    BMP4                                     0x20000c14   Data        1024  bmp.o(.data)
    BMP5                                     0x20001014   Data        1024  bmp.o(.data)
    s_val                                    0x20001414   Data           1  timer_asmx_pwm.o(.data)
    s                                        0x20001415   Data           1  timer_asmx_pwm.o(.data)
    Flag                                     0x20001416   Data           1  timer_asmx_pwm.o(.data)
    i                                        0x20001418   Data           2  timer_asmx_pwm.o(.data)
    j                                        0x2000141a   Data           2  timer_asmx_pwm.o(.data)
    ADC_ConvertedValue                       0x2000141c   Data           2  adc.o(.data)
    __stdout                                 0x20001424   Data           4  usart.o(.data)
    USART1_RX_head                           0x20001428   Data           1  usart.o(.data)
    USART1_RX_num                            0x20001429   Data           1  usart.o(.data)
    USART1_RX_len                            0x2000142a   Data           1  usart.o(.data)
    USART1_led                               0x2000142b   Data           1  usart.o(.data)
    USART2_RX_head                           0x2000142c   Data           1  usart.o(.data)
    USART2_RX_num                            0x2000142d   Data           1  usart.o(.data)
    USART2_RX_len                            0x2000142e   Data           1  usart.o(.data)
    USART2_led                               0x2000142f   Data           1  usart.o(.data)
    USART3_RX_head                           0x20001430   Data           1  usart.o(.data)
    USART3_RX_num                            0x20001431   Data           1  usart.o(.data)
    USART3_RX_len                            0x20001432   Data           1  usart.o(.data)
    USART1_RX_BUF                            0x20001434   Data         100  usart.o(.bss)
    USART2_RX_BUF                            0x20001498   Data         100  usart.o(.bss)
    USART3_RX_BUF                            0x200014fc   Data         100  usart.o(.bss)
    __initial_sp                             0x20001960   Data           0  startup_stm32f10x_md.o(STACK)



==============================================================================

Memory Map of the image

  Image Entry point : 0x080000ed

  Load Region LR_IROM1 (Base: 0x08000000, Size: 0x00005ac4, Max: 0x00010000, ABSOLUTE, COMPRESSED[0x00004870])

    Execution Region ER_IROM1 (Exec base: 0x08000000, Load base: 0x08000000, Size: 0x00004690, Max: 0x00010000, ABSOLUTE)

    Exec Addr    Load Addr    Size         Type   Attr      Idx    E Section Name        Object

    0x08000000   0x08000000   0x000000ec   Data   RO            3    RESET               startup_stm32f10x_md.o
    0x080000ec   0x080000ec   0x00000000   Code   RO          733  * .ARM.Collect$$$$00000000  mc_w.l(entry.o)
    0x080000ec   0x080000ec   0x00000004   Code   RO         1058    .ARM.Collect$$$$00000001  mc_w.l(entry2.o)
    0x080000f0   0x080000f0   0x00000004   Code   RO         1061    .ARM.Collect$$$$00000004  mc_w.l(entry5.o)
    0x080000f4   0x080000f4   0x00000000   Code   RO         1063    .ARM.Collect$$$$00000008  mc_w.l(entry7b.o)
    0x080000f4   0x080000f4   0x00000000   Code   RO         1065    .ARM.Collect$$$$0000000A  mc_w.l(entry8b.o)
    0x080000f4   0x080000f4   0x00000008   Code   RO         1066    .ARM.Collect$$$$0000000B  mc_w.l(entry9a.o)
    0x080000fc   0x080000fc   0x00000000   Code   RO         1068    .ARM.Collect$$$$0000000D  mc_w.l(entry10a.o)
    0x080000fc   0x080000fc   0x00000000   Code   RO         1070    .ARM.Collect$$$$0000000F  mc_w.l(entry11a.o)
    0x080000fc   0x080000fc   0x00000004   Code   RO         1059    .ARM.Collect$$$$00002712  mc_w.l(entry2.o)
    0x08000100   0x08000100   0x00000024   Code   RO            4    .text               startup_stm32f10x_md.o
    0x08000124   0x08000124   0x00000074   Code   RO           10    .text               main.o
    0x08000198   0x08000198   0x0000001a   Code   RO          159    .text               stm32f10x_it.o
    0x080001b2   0x080001b2   0x00000002   PAD
    0x080001b4   0x080001b4   0x00000330   Code   RO          174    .text               stm32f10x_gpio.o
    0x080004e4   0x080004e4   0x000003a0   Code   RO          186    .text               stm32f10x_rcc.o
    0x08000884   0x08000884   0x00000370   Code   RO          200    .text               stm32f10x_usart.o
    0x08000bf4   0x08000bf4   0x00000430   Code   RO          212    .text               stm32f10x_adc.o
    0x08001024   0x08001024   0x00000240   Code   RO          224    .text               stm32f10x_dma.o
    0x08001264   0x08001264   0x000000dc   Code   RO          260    .text               misc.o
    0x08001340   0x08001340   0x00000bc6   Code   RO          272    .text               stm32f10x_tim.o
    0x08001f06   0x08001f06   0x00000002   PAD
    0x08001f08   0x08001f08   0x00000138   Code   RO          465    .text               system_stm32f10x.o
    0x08002040   0x08002040   0x000005e0   Code   RO          563    .text               oled.o
    0x08002620   0x08002620   0x000003cc   Code   RO          575    .text               timer_asmx_pwm.o
    0x080029ec   0x080029ec   0x000001b4   Code   RO          593    .text               adc.o
    0x08002ba0   0x08002ba0   0x00000188   Code   RO          608    .text               dht11.o
    0x08002d28   0x08002d28   0x00000290   Code   RO          620    .text               ds18b20.o
    0x08002fb8   0x08002fb8   0x000000ec   Code   RO          650    .text               delay.o
    0x080030a4   0x080030a4   0x000006f0   Code   RO          664    .text               usart.o
    0x08003794   0x08003794   0x00000024   Code   RO          736    .text               mc_w.l(memcpya.o)
    0x080037b8   0x080037b8   0x00000024   Code   RO          738    .text               mc_w.l(memseta.o)
    0x080037dc   0x080037dc   0x0000014e   Code   RO         1009    .text               mf_w.l(dadd.o)
    0x0800392a   0x0800392a   0x000000e4   Code   RO         1011    .text               mf_w.l(dmul.o)
    0x08003a0e   0x08003a0e   0x00000012   Code   RO         1015    .text               mf_w.l(fflti.o)
    0x08003a20   0x08003a20   0x0000003e   Code   RO         1021    .text               mf_w.l(dfixi.o)
    0x08003a5e   0x08003a5e   0x00000026   Code   RO         1023    .text               mf_w.l(f2d.o)
    0x08003a84   0x08003a84   0x0000002c   Code   RO         1072    .text               mc_w.l(uidiv.o)
    0x08003ab0   0x08003ab0   0x0000001e   Code   RO         1076    .text               mc_w.l(llshl.o)
    0x08003ace   0x08003ace   0x00000020   Code   RO         1078    .text               mc_w.l(llushr.o)
    0x08003aee   0x08003aee   0x00000024   Code   RO         1080    .text               mc_w.l(llsshr.o)
    0x08003b12   0x08003b12   0x00000000   Code   RO         1089    .text               mc_w.l(iusefp.o)
    0x08003b12   0x08003b12   0x0000006e   Code   RO         1090    .text               mf_w.l(fepilogue.o)
    0x08003b80   0x08003b80   0x000000ba   Code   RO         1092    .text               mf_w.l(depilogue.o)
    0x08003c3a   0x08003c3a   0x00000002   PAD
    0x08003c3c   0x08003c3c   0x00000024   Code   RO         1104    .text               mc_w.l(init.o)
    0x08003c60   0x08003c60   0x00000056   Code   RO         1114    .text               mc_w.l(__dczerorl2.o)
    0x08003cb6   0x08003cb6   0x00000002   PAD
    0x08003cb8   0x08003cb8   0x00000020   Code   RO          787    i.__0printf$1       mc_w.l(printf1.o)
    0x08003cd8   0x08003cd8   0x0000000e   Code   RO         1108    i.__scatterload_copy  mc_w.l(handlers.o)
    0x08003ce6   0x08003ce6   0x00000002   Code   RO         1109    i.__scatterload_null  mc_w.l(handlers.o)
    0x08003ce8   0x08003ce8   0x0000000e   Code   RO         1110    i.__scatterload_zeroinit  mc_w.l(handlers.o)
    0x08003cf6   0x08003cf6   0x00000002   PAD
    0x08003cf8   0x08003cf8   0x00000154   Code   RO          794    i._printf_core      mc_w.l(printf1.o)
    0x08003e4c   0x08003e4c   0x00000824   Data   RO          547    .constdata          bmp.o
    0x08004670   0x08004670   0x00000020   Data   RO         1106    Region$$Table       anon$$obj.o


    Execution Region RW_IRAM1 (Exec base: 0x20000000, Load base: 0x08004690, Size: 0x00001960, Max: 0x00005000, ABSOLUTE, COMPRESSED[0x000001e0])

    Exec Addr    Load Addr    Size         Type   Attr      Idx    E Section Name        Object

    0x20000000   COMPRESSED   0x00000014   Data   RW          187    .data               stm32f10x_rcc.o
    0x20000014   COMPRESSED   0x00001400   Data   RW          548    .data               bmp.o
    0x20001414   COMPRESSED   0x00000008   Data   RW          576    .data               timer_asmx_pwm.o
    0x2000141c   COMPRESSED   0x00000002   Data   RW          594    .data               adc.o
    0x2000141e   COMPRESSED   0x00000004   Data   RW          651    .data               delay.o
    0x20001422   COMPRESSED   0x00000002   PAD
    0x20001424   COMPRESSED   0x0000000f   Data   RW          666    .data               usart.o
    0x20001433   COMPRESSED   0x00000001   PAD
    0x20001434        -       0x0000012c   Zero   RW          665    .bss                usart.o
    0x20001560        -       0x00000400   Zero   RW            1    STACK               startup_stm32f10x_md.o


==============================================================================

Image component sizes


      Code (inc. data)   RO Data    RW Data    ZI Data      Debug   Object Name

       436         18          0          2          0       2013   adc.o
         0          0       2084       5120          0        838   bmp.o
       236          8          0          4          0       1435   delay.o
       392         12          0          0          0       2098   dht11.o
       656         24          0          0          0       2282   ds18b20.o
         0          0          0          0          0        584   lobotservocontroller.o
       116         10          0          0          0     268999   main.o
       220         22          0          0          0       1777   misc.o
      1504         22          0          0          0       6126   oled.o
        36          8        236          0       1024        844   startup_stm32f10x_md.o
      1072         20          0          0          0      10925   stm32f10x_adc.o
       576         16          0          0          0       3531   stm32f10x_dma.o
       816         18          0          0          0       5235   stm32f10x_gpio.o
        26          0          0          0          0       1206   stm32f10x_it.o
       928         36          0         20          0       8900   stm32f10x_rcc.o
      3014         16          0          0          0      24556   stm32f10x_tim.o
       880         12          0          0          0       7867   stm32f10x_usart.o
       312         16          0          0          0       1213   system_stm32f10x.o
       972         76          0          8          0       3072   timer_asmx_pwm.o
      1776        124          0         15        300       7635   usart.o

    ----------------------------------------------------------------------
     13972        458       2352       5172       1324     361136   Object Totals
         0          0         32          0          0          0   (incl. Generated)
         4          0          0          3          0          0   (incl. Padding)

    ----------------------------------------------------------------------

      Code (inc. data)   RO Data    RW Data    ZI Data      Debug   Library Member Name

        86          0          0          0          0          0   __dczerorl2.o
         0          0          0          0          0          0   entry.o
         0          0          0          0          0          0   entry10a.o
         0          0          0          0          0          0   entry11a.o
         8          4          0          0          0          0   entry2.o
         4          0          0          0          0          0   entry5.o
         0          0          0          0          0          0   entry7b.o
         0          0          0          0          0          0   entry8b.o
         8          4          0          0          0          0   entry9a.o
        30          0          0          0          0          0   handlers.o
        36          8          0          0          0         68   init.o
         0          0          0          0          0          0   iusefp.o
        30          0          0          0          0         68   llshl.o
        36          0          0          0          0         68   llsshr.o
        32          0          0          0          0         68   llushr.o
        36          0          0          0          0         68   memcpya.o
        36          0          0          0          0        108   memseta.o
       372         14          0          0          0        184   printf1.o
        44          0          0          0          0         80   uidiv.o
       334          0          0          0          0        148   dadd.o
       186          0          0          0          0        176   depilogue.o
        62          0          0          0          0         80   dfixi.o
       228          0          0          0          0         96   dmul.o
        38          0          0          0          0         68   f2d.o
       110          0          0          0          0        168   fepilogue.o
        18          0          0          0          0         68   fflti.o

    ----------------------------------------------------------------------
      1740         30          0          0          0       1516   Library Totals
         6          0          0          0          0          0   (incl. Padding)

    ----------------------------------------------------------------------

      Code (inc. data)   RO Data    RW Data    ZI Data      Debug   Library Name

       758         30          0          0          0        712   mc_w.l
       976          0          0          0          0        804   mf_w.l

    ----------------------------------------------------------------------
      1740         30          0          0          0       1516   Library Totals

    ----------------------------------------------------------------------

==============================================================================


      Code (inc. data)   RO Data    RW Data    ZI Data      Debug   

     15712        488       2352       5172       1324     360596   Grand Totals
     15712        488       2352        480       1324     360596   ELF Image Totals (compressed)
     15712        488       2352        480          0          0   ROM Totals

==============================================================================

    Total RO  Size (Code + RO Data)                18064 (  17.64kB)
    Total RW  Size (RW Data + ZI Data)              6496 (   6.34kB)
    Total ROM Size (Code + RO Data + RW Data)      18544 (  18.11kB)

==============================================================================

