Component: ARM Compiler 5.06 update 6 (build 750) Tool: armlink [4d35ed]

==============================================================================

Section Cross References

    main.o(.text) refers to _printf_percent.o(.ARM.Collect$$_printf_percent$$00000000) for _printf_percent
    main.o(.text) refers to _printf_d.o(.ARM.Collect$$_printf_percent$$00000009) for _printf_d
    main.o(.text) refers to _printf_s.o(.ARM.Collect$$_printf_percent$$00000014) for _printf_s
    main.o(.text) refers to _printf_dec.o(.text) for _printf_int_dec
    main.o(.text) refers to _printf_str.o(.text) for _printf_str
    main.o(.text) refers to noretval__2printf.o(.text) for __2printf
    main.o(.text) refers to usbh_core.o(.text) for USBH_DeInit
    main.o(.text) refers to usb_core.o(.text) for USB_OTG_StopHost
    main.o(.text) refers to stm32f4xx_rcc.o(.text) for RCC_AHB2PeriphClockCmd
    main.o(.text) refers to delay.o(.text) for delay_ms
    main.o(.text) refers to rt_memclr_w.o(.text) for __aeabi_memclr4
    main.o(.text) refers to misc.o(.text) for NVIC_PriorityGroupConfig
    main.o(.text) refers to usart.o(.text) for uart_init
    main.o(.text) refers to led.o(.text) for LED_Init
    main.o(.text) refers to usb_bsp_usr.o(.text) for USB_OTG_BSP_Init
    main.o(.text) refers to usb_hid_usr.o(.text) for USBH_Check_HIDCommDead
    main.o(.text) refers to main.o(.constdata) for __func__
    main.o(.text) refers to main.o(.bss) for USB_Host
    main.o(.text) refers to usb_hid_usr.o(.data) for USR_Callbacks
    main.o(.text) refers to usbh_hid_core.o(.data) for HID_cb
    main.o(.text) refers to usbh_hid_core.o(.bss) for HID_Machine
    system_stm32f4xx.o(.text) refers to system_stm32f4xx.o(.data) for SystemCoreClock
    led.o(.text) refers to stm32f4xx_rcc.o(.text) for RCC_AHB1PeriphClockCmd
    led.o(.text) refers to stm32f4xx_gpio.o(.text) for GPIO_Init
    gpio_jtag.o(.text) refers to stm32f4xx_rcc.o(.text) for RCC_AHB1PeriphClockCmd
    gpio_jtag.o(.text) refers to stm32f4xx_gpio.o(.text) for GPIO_Init
    delay.o(.text) refers to misc.o(.text) for SysTick_CLKSourceConfig
    delay.o(.text) refers to delay.o(.data) for fac_us
    usart.o(.rev16_text) refers (Special) to use_no_semi_2.o(.text) for __use_no_semihosting
    usart.o(.revsh_text) refers (Special) to use_no_semi_2.o(.text) for __use_no_semihosting
    usart.o(.text) refers (Special) to use_no_semi_2.o(.text) for __use_no_semihosting
    usart.o(.text) refers to stm32f4xx_rcc.o(.text) for RCC_AHB1PeriphClockCmd
    usart.o(.text) refers to stm32f4xx_gpio.o(.text) for GPIO_PinAFConfig
    usart.o(.text) refers to stm32f4xx_usart.o(.text) for USART_Init
    usart.o(.text) refers to misc.o(.text) for NVIC_Init
    usart.o(.text) refers to usart.o(.data) for USART_RX_STA
    usart.o(.text) refers to usart.o(.bss) for USART_RX_BUF
    usart.o(.bss) refers (Special) to use_no_semi_2.o(.text) for __use_no_semihosting
    usart.o(.data) refers (Special) to use_no_semi_2.o(.text) for __use_no_semihosting
    startup_stm32f40_41xxx.o(STACK) refers (Special) to heapauxi.o(.text) for __use_two_region_memory
    startup_stm32f40_41xxx.o(HEAP) refers (Special) to heapauxi.o(.text) for __use_two_region_memory
    startup_stm32f40_41xxx.o(RESET) refers (Special) to heapauxi.o(.text) for __use_two_region_memory
    startup_stm32f40_41xxx.o(RESET) refers to startup_stm32f40_41xxx.o(STACK) for __initial_sp
    startup_stm32f40_41xxx.o(RESET) refers to startup_stm32f40_41xxx.o(.text) for Reset_Handler
    startup_stm32f40_41xxx.o(RESET) refers to stm32f4xx_it.o(.text) for NMI_Handler
    startup_stm32f40_41xxx.o(RESET) refers to usart.o(.text) for USART1_IRQHandler
    startup_stm32f40_41xxx.o(RESET) refers to usb_hid_usr.o(.text) for OTG_FS_IRQHandler
    startup_stm32f40_41xxx.o(.text) refers (Special) to heapauxi.o(.text) for __use_two_region_memory
    startup_stm32f40_41xxx.o(.text) refers to system_stm32f4xx.o(.text) for SystemInit
    startup_stm32f40_41xxx.o(.text) refers to __main.o(!!!main) for __main
    startup_stm32f40_41xxx.o(.text) refers to startup_stm32f40_41xxx.o(HEAP) for Heap_Mem
    startup_stm32f40_41xxx.o(.text) refers to startup_stm32f40_41xxx.o(STACK) for Stack_Mem
    stm32f4xx_adc.o(.text) refers to stm32f4xx_rcc.o(.text) for RCC_APB2PeriphResetCmd
    stm32f4xx_can.o(.text) refers to stm32f4xx_rcc.o(.text) for RCC_APB1PeriphResetCmd
    stm32f4xx_cryp.o(.text) refers to stm32f4xx_rcc.o(.text) for RCC_AHB2PeriphResetCmd
    stm32f4xx_cryp_aes.o(.text) refers to stm32f4xx_cryp.o(.text) for CRYP_KeyStructInit
    stm32f4xx_cryp_des.o(.text) refers to stm32f4xx_cryp.o(.text) for CRYP_KeyStructInit
    stm32f4xx_cryp_tdes.o(.text) refers to stm32f4xx_cryp.o(.text) for CRYP_KeyStructInit
    stm32f4xx_dac.o(.text) refers to stm32f4xx_rcc.o(.text) for RCC_APB1PeriphResetCmd
    stm32f4xx_dma2d.o(.text) refers to stm32f4xx_rcc.o(.text) for RCC_AHB1PeriphResetCmd
[...]
    ..\\USB\\STM32_USB_HOST_Library\\Class\\HID\\src\\usbh_hid_core.c 0x00000000   Number         0  usbh_hid_core.o ABSOLUTE
    ..\\USB\\STM32_USB_HOST_Library\\Class\\HID\\src\\usbh_hid_keybd.c 0x00000000   Number         0  usbh_hid_keybd.o ABSOLUTE
    ..\\USB\\STM32_USB_HOST_Library\\Class\\HID\\src\\usbh_hid_mouse.c 0x00000000   Number         0  usbh_hid_mouse.o ABSOLUTE
    ..\\USB\\STM32_USB_HOST_Library\\Core\\src\\usbh_core.c 0x00000000   Number         0  usbh_core.o ABSOLUTE
    ..\\USB\\STM32_USB_HOST_Library\\Core\\src\\usbh_hcs.c 0x00000000   Number         0  usbh_hcs.o ABSOLUTE
    ..\\USB\\STM32_USB_HOST_Library\\Core\\src\\usbh_ioreq.c 0x00000000   Number         0  usbh_ioreq.o ABSOLUTE
    ..\\USB\\STM32_USB_HOST_Library\\Core\\src\\usbh_stdreq.c 0x00000000   Number         0  usbh_stdreq.o ABSOLUTE
    ..\\USB\\STM32_USB_OTG_Driver\\src\\usb_core.c 0x00000000   Number         0  usb_core.o ABSOLUTE
    ..\\USB\\STM32_USB_OTG_Driver\\src\\usb_hcd.c 0x00000000   Number         0  usb_hcd.o ABSOLUTE
    ..\\USB\\STM32_USB_OTG_Driver\\src\\usb_hcd_int.c 0x00000000   Number         0  usb_hcd_int.o ABSOLUTE
    ..\\USB\\USB_APP\\usb_bsp_usr.c          0x00000000   Number         0  usb_bsp_usr.o ABSOLUTE
    ..\\USB\\USB_APP\\usb_hid_usr.c          0x00000000   Number         0  usb_hid_usr.o ABSOLUTE
    dc.s                                     0x00000000   Number         0  dc.o ABSOLUTE
    main.c                                   0x00000000   Number         0  main.o ABSOLUTE
    main.c                                   0x00000000   Number         0  main.o ABSOLUTE
    stm32f4xx_it.c                           0x00000000   Number         0  stm32f4xx_it.o ABSOLUTE
    stm32f4xx_it.c                           0x00000000   Number         0  stm32f4xx_it.o ABSOLUTE
    system_stm32f4xx.c                       0x00000000   Number         0  system_stm32f4xx.o ABSOLUTE
    system_stm32f4xx.c                       0x00000000   Number         0  system_stm32f4xx.o ABSOLUTE
    RESET                                    0x08000000   Section      392  startup_stm32f40_41xxx.o(RESET)
    !!!main                                  0x08000188   Section        8  __main.o(!!!main)
    !!!scatter                               0x08000190   Section       52  __scatter.o(!!!scatter)
    !!handler_copy                           0x080001c4   Section       26  __scatter_copy.o(!!handler_copy)
    !!handler_zi                             0x080001e0   Section       28  __scatter_zi.o(!!handler_zi)
    .ARM.Collect$$_printf_percent$$00000000  0x080001fc   Section        0  _printf_percent.o(.ARM.Collect$$_printf_percent$$00000000)
    .ARM.Collect$$_printf_percent$$00000009  0x080001fc   Section        6  _printf_d.o(.ARM.Collect$$_printf_percent$$00000009)
    .ARM.Collect$$_printf_percent$$0000000C  0x08000202   Section        6  _printf_x.o(.ARM.Collect$$_printf_percent$$0000000C)
    .ARM.Collect$$_printf_percent$$00000013  0x08000208   Section        6  _printf_c.o(.ARM.Collect$$_printf_percent$$00000013)
    .ARM.Collect$$_printf_percent$$00000014  0x0800020e   Section        6  _printf_s.o(.ARM.Collect$$_printf_percent$$00000014)
    .ARM.Collect$$_printf_percent$$00000017  0x08000214   Section        4  _printf_percent_end.o(.ARM.Collect$$_printf_percent$$00000017)
    .ARM.Collect$$libinit$$00000000          0x08000218   Section        2  libinit.o(.ARM.Collect$$libinit$$00000000)
    .ARM.Collect$$libinit$$00000001          0x0800021a   Section        4  libinit2.o(.ARM.Collect$$libinit$$00000001)
    .ARM.Collect$$libinit$$00000004          0x0800021e   Section        0  libinit2.o(.ARM.Collect$$libinit$$00000004)
    .ARM.Collect$$libinit$$0000000A          0x0800021e   Section        0  libinit2.o(.ARM.Collect$$libinit$$0000000A)
    .ARM.Collect$$libinit$$0000000C          0x0800021e   Section        0  libinit2.o(.ARM.Collect$$libinit$$0000000C)
    .ARM.Collect$$libinit$$0000000E          0x0800021e   Section        0  libinit2.o(.ARM.Collect$$libinit$$0000000E)
    .ARM.Collect$$libinit$$00000011          0x0800021e   Section        0  libinit2.o(.ARM.Collect$$libinit$$00000011)
    .ARM.Collect$$libinit$$00000013          0x0800021e   Section        0  libinit2.o(.ARM.Collect$$libinit$$00000013)
    .ARM.Collect$$libinit$$00000015          0x0800021e   Section        0  libinit2.o(.ARM.Collect$$libinit$$00000015)
    .ARM.Collect$$libinit$$00000017          0x0800021e   Section        0  libinit2.o(.ARM.Collect$$libinit$$00000017)
    .ARM.Collect$$libinit$$00000019          0x0800021e   Section        0  libinit2.o(.ARM.Collect$$libinit$$00000019)
    .ARM.Collect$$libinit$$0000001B          0x0800021e   Section        0  libinit2.o(.ARM.Collect$$libinit$$0000001B)
    .ARM.Collect$$libinit$$0000001D          0x0800021e   Section        0  libinit2.o(.ARM.Collect$$libinit$$0000001D)
    .ARM.Collect$$libinit$$0000001F          0x0800021e   Section        0  libinit2.o(.ARM.Collect$$libinit$$0000001F)
    .ARM.Collect$$libinit$$00000021          0x0800021e   Section        0  libinit2.o(.ARM.Collect$$libinit$$00000021)
    .ARM.Collect$$libinit$$00000023          0x0800021e   Section        0  libinit2.o(.ARM.Collect$$libinit$$00000023)
    .ARM.Collect$$libinit$$00000025          0x0800021e   Section        0  libinit2.o(.ARM.Collect$$libinit$$00000025)
    .ARM.Collect$$libinit$$0000002C          0x0800021e   Section        0  libinit2.o(.ARM.Collect$$libinit$$0000002C)
    .ARM.Collect$$libinit$$0000002E          0x0800021e   Section        0  libinit2.o(.ARM.Collect$$libinit$$0000002E)
    .ARM.Collect$$libinit$$00000030          0x0800021e   Section        0  libinit2.o(.ARM.Collect$$libinit$$00000030)
    .ARM.Collect$$libinit$$00000032          0x0800021e   Section        0  libinit2.o(.ARM.Collect$$libinit$$00000032)
    .ARM.Collect$$libinit$$00000033          0x0800021e   Section        2  libinit2.o(.ARM.Collect$$libinit$$00000033)
    .ARM.Collect$$libshutdown$$00000000      0x08000220   Section        2  libshutdown.o(.ARM.Collect$$libshutdown$$00000000)
    .ARM.Collect$$libshutdown$$00000002      0x08000222   Section        0  libshutdown2.o(.ARM.Collect$$libshutdown$$00000002)
    .ARM.Collect$$libshutdown$$00000004      0x08000222   Section        0  libshutdown2.o(.ARM.Collect$$libshutdown$$00000004)
    .ARM.Collect$$libshutdown$$00000007      0x08000222   Section        0  libshutdown2.o(.ARM.Collect$$libshutdown$$00000007)
    .ARM.Collect$$libshutdown$$0000000A      0x08000222   Section        0  libshutdown2.o(.ARM.Collect$$libshutdown$$0000000A)
    .ARM.Collect$$libshutdown$$0000000C      0x08000222   Section        0  libshutdown2.o(.ARM.Collect$$libshutdown$$0000000C)
    .ARM.Collect$$libshutdown$$0000000F      0x08000222   Section        0  libshutdown2.o(.ARM.Collect$$libshutdown$$0000000F)
    .ARM.Collect$$libshutdown$$00000010      0x08000222   Section        2  libshutdown2.o(.ARM.Collect$$libshutdown$$00000010)
    .ARM.Collect$$rtentry$$00000000          0x08000224   Section        0  __rtentry.o(.ARM.Collect$$rtentry$$00000000)
    .ARM.Collect$$rtentry$$00000002          0x08000224   Section        0  __rtentry2.o(.ARM.Collect$$rtentry$$00000002)
    .ARM.Collect$$rtentry$$00000004          0x08000224   Section        6  __rtentry4.o(.ARM.Collect$$rtentry$$00000004)
    .ARM.Collect$$rtentry$$00000009          0x0800022a   Section        0  __rtentry2.o(.ARM.Collect$$rtentry$$00000009)
    .ARM.Collect$$rtentry$$0000000A          0x0800022a   Section        4  __rtentry2.o(.ARM.Collect$$rtentry$$0000000A)
    .ARM.Collect$$rtentry$$0000000C          0x0800022e   Section        0  __rtentry2.o(.ARM.Collect$$rtentry$$0000000C)
    .ARM.Collect$$rtentry$$0000000D          0x0800022e   Section        8  __rtentry2.o(.ARM.Collect$$rtentry$$0000000D)
    .ARM.Collect$$rtexit$$00000000           0x08000236   Section        2  rtexit.o(.ARM.Collect$$rtexit$$00000000)
    .ARM.Collect$$rtexit$$00000002           0x08000238   Section        0  rtexit2.o(.ARM.Collect$$rtexit$$00000002)
    .ARM.Collect$$rtexit$$00000003           0x08000238   Section        4  rtexit2.o(.ARM.Collect$$rtexit$$00000003)
    .ARM.Collect$$rtexit$$00000004           0x0800023c   Section        6  rtexit2.o(.ARM.Collect$$rtexit$$00000004)
    .text                                    0x08000244   Section        0  main.o(.text)
    .text                                    0x08000404   Section        0  stm32f4xx_it.o(.text)
    .text                                    0x08000420   Section        0  system_stm32f4xx.o(.text)
    SetSysClock                              0x08000421   Thumb Code   220  system_stm32f4xx.o(.text)
    .text                                    0x08000630   Section        0  led.o(.text)
    .text                                    0x08000670   Section        0  delay.o(.text)
    .text                                    0x08000774   Section        0  usart.o(.text)
    .text                                    0x080008bc   Section       64  startup_stm32f40_41xxx.o(.text)
    $v0                                      0x080008bc   Number         0  startup_stm32f40_41xxx.o(.text)
    .text                                    0x080008fc   Section        0  misc.o(.text)
    .text                                    0x080009dc   Section        0  stm32f4xx_gpio.o(.text)
    .text                                    0x08000c70   Section        0  stm32f4xx_rcc.o(.text)
    .text                                    0x080012cc   Section        0  stm32f4xx_usart.o(.text)
    .text                                    0x08001720   Section        0  usb_core.o(.text)
    USB_OTG_EnableCommonInt                  0x08001721   Thumb Code    52  usb_core.o(.text)
    USB_OTG_CoreReset                        0x08001755   Thumb Code   108  usb_core.o(.text)
    .text                                    0x08002346   Section        0  usb_hcd.o(.text)
    .text                                    0x0800242c   Section        0  usb_hcd_int.o(.text)
    USB_OTG_USBH_handle_IncompletePeriodicXfer_ISR 0x0800242d   Thumb Code    70  usb_hcd_int.o(.text)
    USB_OTG_USBH_handle_Disconnect_ISR       0x08002473   Thumb Code    40  usb_hcd_int.o(.text)
    USB_OTG_USBH_handle_port_ISR             0x0800249b   Thumb Code   282  usb_hcd_int.o(.text)
    USB_OTG_USBH_handle_hc_n_Out_ISR         0x080025b5   Thumb Code   984  usb_hcd_int.o(.text)
    USB_OTG_USBH_handle_hc_n_In_ISR          0x0800298d   Thumb Code  1066  usb_hcd_int.o(.text)
    USB_OTG_USBH_handle_hc_ISR               0x08002db7   Thumb Code    86  usb_hcd_int.o(.text)
    USB_OTG_USBH_handle_ptxfempty_ISR        0x08002e0d   Thumb Code   302  usb_hcd_int.o(.text)
    USB_OTG_USBH_handle_nptxfempty_ISR       0x08002f3b   Thumb Code   302  usb_hcd_int.o(.text)
    USB_OTG_USBH_handle_rx_qlvl_ISR          0x08003069   Thumb Code   356  usb_hcd_int.o(.text)
    USB_OTG_USBH_handle_sof_ISR              0x080031cd   Thumb Code    38  usb_hcd_int.o(.text)
    .text                                    0x080032a0   Section        0  usbh_core.o(.text)
    USBH_HandleEnum                          0x08003581   Thumb Code   470  usbh_core.o(.text)
    .text                                    0x080039b4   Section        0  usbh_hcs.o(.text)
    .text                                    0x08003b3a   Section        0  usbh_ioreq.o(.text)
    USBH_SubmitSetupRequest                  0x08003b3b   Thumb Code    24  usbh_ioreq.o(.text)
    .text                                    0x08003ee4   Section        0  usbh_stdreq.o(.text)
    USBH_ParseDevDesc                        0x08003ee5   Thumb Code    88  usbh_stdreq.o(.text)
    USBH_ParseEPDesc                         0x08003fb9   Thumb Code    32  usbh_stdreq.o(.text)
    USBH_ParseInterfaceDesc                  0x08003fd9   Thumb Code    38  usbh_stdreq.o(.text)
    USBH_ParseCfgDesc                        0x08004011   Thumb Code   274  usbh_stdreq.o(.text)
    USBH_ParseStringDesc                     0x0800417b   Thumb Code    54  usbh_stdreq.o(.text)
    .text                                    0x080042bc   Section        0  usbh_hid_core.o(.text)
    USBH_HID_InterfaceInit                   0x080042bd   Thumb Code   350  usbh_hid_core.o(.text)
    USBH_HID_InterfaceDeInit                 0x0800441b   Thumb Code    94  usbh_hid_core.o(.text)
    USBH_Set_Protocol                        0x08004479   Thumb Code    48  usbh_hid_core.o(.text)
    USBH_Set_Idle                            0x080044a9   Thumb Code    50  usbh_hid_core.o(.text)
    USBH_Get_HID_ReportDescriptor            0x080044db   Thumb Code    40  usbh_hid_core.o(.text)
    USBH_ParseHIDDesc                        0x08004503   Thumb Code    42  usbh_hid_core.o(.text)
    USBH_Get_HID_Descriptor                  0x0800452d   Thumb Code    40  usbh_hid_core.o(.text)
    USBH_HID_ClassRequest                    0x08004555   Thumb Code   158  usbh_hid_core.o(.text)
    USBH_HID_Handle                          0x080045f3   Thumb Code   276  usbh_hid_core.o(.text)
    .text                                    0x08004740   Section        0  usbh_hid_keybd.o(.text)
    KEYBRD_Init                              0x08004741   Thumb Code     8  usbh_hid_keybd.o(.text)
    KEYBRD_Decode                            0x08004749   Thumb Code   296  usbh_hid_keybd.o(.text)
    .text                                    0x0800489c   Section        0  usbh_hid_mouse.o(.text)
    MOUSE_Init                               0x0800489d   Thumb Code     8  usbh_hid_mouse.o(.text)
    MOUSE_Decode                             0x080048a5   Thumb Code    80  usbh_hid_mouse.o(.text)
    .text                                    0x080048fc   Section        0  usbh_hid_logitech.o(.text)
    Logitech_Init                            0x080048fd   Thumb Code     8  usbh_hid_logitech.o(.text)
    Logitech_Decode                          0x08004905   Thumb Code    92  usbh_hid_logitech.o(.text)
    .text                                    0x08004964   Section        0  usb_bsp_usr.o(.text)
    .text                                    0x08004a20   Section        0  usb_hid_usr.o(.text)
    .text                                    0x08005c90   Section        2  use_no_semi_2.o(.text)
    .text                                    0x08005c94   Section        0  noretval__2printf.o(.text)
    .text                                    0x08005cac   Section        0  noretval__2sprintf.o(.text)
    .text                                    0x08005cd4   Section        0  _printf_pad.o(.text)
    .text                                    0x08005d22   Section        0  _printf_str.o(.text)
    .text                                    0x08005d74   Section        0  _printf_dec.o(.text)
    .text                                    0x08005dec   Section        0  _printf_hex_int.o(.text)
    .text                                    0x08005e44   Section        0  __printf_flags_wp.o(.text)
    .text                                    0x08005f7c   Section        0  strcat.o(.text)
    .text                                    0x08005f94   Section       78  rt_memclr_w.o(.text)
    .text                                    0x08005fe2   Section        0  heapauxi.o(.text)
    .text                                    0x08005fe8   Section        2  use_no_semi.o(.text)
    .text                                    0x08005fea   Section        0  _printf_intcommon.o(.text)
    .text                                    0x0800609c   Section        0  _printf_char_common.o(.text)
    _printf_input_char                       0x0800609d   Thumb Code    10  _printf_char_common.o(.text)
    .text                                    0x080060cc   Section        0  _sputc.o(.text)
    .text                                    0x080060d6   Section        0  _printf_char.o(.text)
    .text                                    0x08006104   Section        0  _printf_char_file.o(.text)
    .text                                    0x08006128   Section        0  ferror.o(.text)
    .text                                    0x08006130   Section       74  sys_stackheap_outer.o(.text)
    .text                                    0x0800617a   Section        0  exit.o(.text)
    .text                                    0x0800618c   Section        8  libspace.o(.text)
    i._is_digit                              0x08006194   Section        0  __printf_wp.o(i._is_digit)
    x$fpl$fpinit                             0x080061a2   Section       10  fpinit.o(x$fpl$fpinit)
    $v0                                      0x080061a2   Number         0  fpinit.o(x$fpl$fpinit)
    .constdata                               0x080061ac   Section       24  main.o(.constdata)
    __func__                                 0x080061ac   Data           5  main.o(.constdata)
    __func__                                 0x080061b1   Data          19  main.o(.constdata)
    .constdata                               0x080061c4   Section       13  usbh_core.o(.constdata)
    __func__                                 0x080061c4   Data          13  usbh_core.o(.constdata)
    .constdata                               0x080061d1   Section      492  usbh_hid_keybd.o(.constdata)
    HID_KEYBRD_Codes                         0x080061d1   Data         232  usbh_hid_keybd.o(.constdata)
    HID_KEYBRD_Key                           0x080062b9   Data         130  usbh_hid_keybd.o(.constdata)
    HID_KEYBRD_ShiftKey                      0x0800633b   Data         130  usbh_hid_keybd.o(.constdata)
    .constdata                               0x080063bd   Section      437  usb_hid_usr.o(.constdata)
    __func__                                 0x080063bd   Data          14  usb_hid_usr.o(.constdata)
    __func__                                 0x080063cb   Data          14  usb_hid_usr.o(.constdata)
    __func__                                 0x080063d9   Data          24  usb_hid_usr.o(.constdata)
    __func__                                 0x080063f1   Data          28  usb_hid_usr.o(.constdata)
    __func__                                 0x0800640d   Data          21  usb_hid_usr.o(.constdata)
    __func__                                 0x08006422   Data          29  usb_hid_usr.o(.constdata)
    __func__                                 0x0800643f   Data          31  usb_hid_usr.o(.constdata)
    __func__                                 0x0800645e   Data          37  usb_hid_usr.o(.constdata)
    __func__                                 0x08006483   Data          29  usb_hid_usr.o(.constdata)
    __func__                                 0x080064a0   Data          24  usb_hid_usr.o(.constdata)
    __func__                                 0x080064b8   Data          26  usb_hid_usr.o(.constdata)
    __func__                                 0x080064d2   Data          25  usb_hid_usr.o(.constdata)
    __func__                                 0x080064eb   Data          19  usb_hid_usr.o(.constdata)
    __func__                                 0x080064fe   Data          29  usb_hid_usr.o(.constdata)
    __func__                                 0x0800651b   Data          16  usb_hid_usr.o(.constdata)
    __func__                                 0x0800652b   Data          26  usb_hid_usr.o(.constdata)
    __func__                                 0x08006545   Data          22  usb_hid_usr.o(.constdata)
    __func__                                 0x0800655b   Data          23  usb_hid_usr.o(.constdata)
    .constdata                               0x08006572   Section       40  _printf_hex_int.o(.constdata)
    uc_hextab                                0x08006572   Data          20  _printf_hex_int.o(.constdata)
    lc_hextab                                0x08006586   Data          20  _printf_hex_int.o(.constdata)
    .constdata                               0x0800659a   Section       17  __printf_flags_wp.o(.constdata)
    maptable                                 0x0800659a   Data          17  __printf_flags_wp.o(.constdata)
    .conststring                             0x080065ac   Section       68  usb_hid_usr.o(.conststring)
    .data                                    0x20000000   Section       20  system_stm32f4xx.o(.data)
    .data                                    0x20000014   Section        4  delay.o(.data)
    fac_us                                   0x20000014   Data           1  delay.o(.data)
    fac_ms                                   0x20000016   Data           2  delay.o(.data)
    .data                                    0x20000018   Section        6  usart.o(.data)
    .data                                    0x2000001e   Section       16  stm32f4xx_rcc.o(.data)
    APBAHBPrescTable                         0x2000001e   Data          16  stm32f4xx_rcc.o(.data)
    .data                                    0x20000030   Section       18  usbh_core.o(.data)
    timeout                                  0x20000040   Data           2  usbh_core.o(.data)
    .data                                    0x20000042   Section        3  usbh_stdreq.o(.data)
    prev_ep_size                             0x20000042   Data           2  usbh_stdreq.o(.data)
    prev_itf                                 0x20000044   Data           1  usbh_stdreq.o(.data)
    .data                                    0x20000048   Section       28  usbh_hid_core.o(.data)
    .data                                    0x20000064   Section       31  usbh_hid_keybd.o(.data)
    shift                                    0x2000006c   Data           1  usbh_hid_keybd.o(.data)
    keys                                     0x2000006d   Data           6  usbh_hid_keybd.o(.data)
    keys_new                                 0x20000073   Data           6  usbh_hid_keybd.o(.data)
    keys_last                                0x20000079   Data           6  usbh_hid_keybd.o(.data)
    key_newest                               0x2000007f   Data           1  usbh_hid_keybd.o(.data)
    nbr_keys                                 0x20000080   Data           1  usbh_hid_keybd.o(.data)
    nbr_keys_new                             0x20000081   Data           1  usbh_hid_keybd.o(.data)
    nbr_keys_last                            0x20000082   Data           1  usbh_hid_keybd.o(.data)
    .data                                    0x20000084   Section       12  usbh_hid_mouse.o(.data)
    .data                                    0x20000090   Section       16  usbh_hid_logitech.o(.data)
    .data                                    0x200000a0   Section       90  usb_hid_usr.o(.data)
    errcnt                                   0x200000ee   Data           2  usb_hid_usr.o(.data)
    x                                        0x200000f0   Data           2  usb_hid_usr.o(.data)
    y                                        0x200000f2   Data           2  usb_hid_usr.o(.data)
    z                                        0x200000f4   Data           2  usb_hid_usr.o(.data)
    pos                                      0x200000f6   Data           2  usb_hid_usr.o(.data)
    maxinputchar                             0x200000f8   Data           2  usb_hid_usr.o(.data)
    .bss                                     0x200000fc   Section     1584  main.o(.bss)
    .bss                                     0x2000072c   Section      200  usart.o(.bss)
    .bss                                     0x200007f4   Section      512  usbh_stdreq.o(.bss)
    .bss                                     0x200009f4   Section      166  usbh_hid_core.o(.bss)
    .bss                                     0x20000a9c   Section     2017  usb_hid_usr.o(.bss)
    .bss                                     0x20001280   Section       96  libspace.o(.bss)
    HEAP                                     0x200012e0   Section      512  startup_stm32f40_41xxx.o(HEAP)
    Heap_Mem                                 0x200012e0   Data         512  startup_stm32f40_41xxx.o(HEAP)
    STACK                                    0x200014e0   Section     1024  startup_stm32f40_41xxx.o(STACK)
    Stack_Mem                                0x200014e0   Data        1024  startup_stm32f40_41xxx.o(STACK)
    __initial_sp                             0x200018e0   Data           0  startup_stm32f40_41xxx.o(STACK)

    Global Symbols

    Symbol Name                              Value     Ov Type        Size  Object(Section)

    BuildAttributes$$THM_ISAv4$E$P$D$K$B$S$7EM$VFPi3$EXTD16$VFPS$VFMA$PE$A:L22UL41UL21$X:L11$S22US41US21$IEEE1$IW$USESV6$~STKCKD$USESV7$~SHL$OSPACE$ROPI$EBA8$UX$STANDARDLIB$REQ8$PRES8$EABIv2 0x00000000   Number         0  anon$$obj.o ABSOLUTE
    __ARM_use_no_argv                        0x00000000   Number         0  main.o ABSOLUTE
    _printf_flags                            0x00000000   Number         0  printf_stubs.o ABSOLUTE
    _printf_return_value                     0x00000000   Number         0  printf_stubs.o ABSOLUTE
    _printf_sizespec                         0x00000000   Number         0  printf_stubs.o ABSOLUTE
    _printf_widthprec                        0x00000000   Number         0  printf_stubs.o ABSOLUTE
    __ARM_exceptions_init                     - Undefined Weak Reference
    __alloca_initialize                       - Undefined Weak Reference
    __arm_preinit_                            - Undefined Weak Reference
    __cpp_initialize__aeabi_                  - Undefined Weak Reference
    __cxa_finalize                            - Undefined Weak Reference
    __rt_locale                               - Undefined Weak Reference
    __sigvec_lookup                           - Undefined Weak Reference
    _atexit_init                              - Undefined Weak Reference
    _call_atexit_fns                          - Undefined Weak Reference
    _clock_init                               - Undefined Weak Reference
    _fp_trap_init                             - Undefined Weak Reference
    _fp_trap_shutdown                         - Undefined Weak Reference
    _get_lc_collate                           - Undefined Weak Reference
    _get_lc_ctype                             - Undefined Weak Reference
    _get_lc_monetary                          - Undefined Weak Reference
    _get_lc_numeric                           - Undefined Weak Reference
    _get_lc_time                              - Undefined Weak Reference
    _getenv_init                              - Undefined Weak Reference
    _handle_redirection                       - Undefined Weak Reference
    _init_alloc                               - Undefined Weak Reference
    _init_user_alloc                          - Undefined Weak Reference
    _initio                                   - Undefined Weak Reference
    _mutex_acquire                            - Undefined Weak Reference
    _mutex_release                            - Undefined Weak Reference
    _printf_mbtowc                            - Undefined Weak Reference
    _printf_truncate_signed                   - Undefined Weak Reference
    _printf_truncate_unsigned                 - Undefined Weak Reference
    _rand_init                                - Undefined Weak Reference
    _signal_finish                            - Undefined Weak Reference
    _signal_init                              - Undefined Weak Reference
    _terminate_alloc                          - Undefined Weak Reference
    _terminate_user_alloc                     - Undefined Weak Reference
    _terminateio                              - Undefined Weak Reference
    __Vectors_Size                           0x00000188   Number         0  startup_stm32f40_41xxx.o ABSOLUTE
    __Vectors                                0x08000000   Data           4  startup_stm32f40_41xxx.o(RESET)
    __Vectors_End                            0x08000188   Data           0  startup_stm32f40_41xxx.o(RESET)
    __main                                   0x08000189   Thumb Code     8  __main.o(!!!main)
    __scatterload                            0x08000191   Thumb Code     0  __scatter.o(!!!scatter)
    __scatterload_rt2                        0x08000191   Thumb Code    44  __scatter.o(!!!scatter)
    __scatterload_rt2_thumb_only             0x08000191   Thumb Code     0  __scatter.o(!!!scatter)
    __scatterload_null                       0x0800019f   Thumb Code     0  __scatter.o(!!!scatter)
    __scatterload_copy                       0x080001c5   Thumb Code    26  __scatter_copy.o(!!handler_copy)
    __scatterload_zeroinit                   0x080001e1   Thumb Code    28  __scatter_zi.o(!!handler_zi)
    _printf_d                                0x080001fd   Thumb Code     0  _printf_d.o(.ARM.Collect$$_printf_percent$$00000009)
    _printf_percent                          0x080001fd   Thumb Code     0  _printf_percent.o(.ARM.Collect$$_printf_percent$$00000000)
    _printf_x                                0x08000203   Thumb Code     0  _printf_x.o(.ARM.Collect$$_printf_percent$$0000000C)
    _printf_c                                0x08000209   Thumb Code     0  _printf_c.o(.ARM.Collect$$_printf_percent$$00000013)
    _printf_s                                0x0800020f   Thumb Code     0  _printf_s.o(.ARM.Collect$$_printf_percent$$00000014)
    _printf_percent_end                      0x08000215   Thumb Code     0  _printf_percent_end.o(.ARM.Collect$$_printf_percent$$00000017)
    __rt_lib_init                            0x08000219   Thumb Code     0  libinit.o(.ARM.Collect$$libinit$$00000000)
    __rt_lib_init_fp_1                       0x0800021b   Thumb Code     0  libinit2.o(.ARM.Collect$$libinit$$00000001)
    __rt_lib_init_alloca_1                   0x0800021f   Thumb Code     0  libinit2.o(.ARM.Collect$$libinit$$0000002E)
    __rt_lib_init_argv_1                     0x0800021f   Thumb Code     0  libinit2.o(.ARM.Collect$$libinit$$0000002C)
    __rt_lib_init_atexit_1                   0x0800021f   Thumb Code     0  libinit2.o(.ARM.Collect$$libinit$$0000001B)
    __rt_lib_init_clock_1                    0x0800021f   Thumb Code     0  libinit2.o(.ARM.Collect$$libinit$$00000021)
    __rt_lib_init_cpp_1                      0x0800021f   Thumb Code     0  libinit2.o(.ARM.Collect$$libinit$$00000032)
    __rt_lib_init_exceptions_1               0x0800021f   Thumb Code     0  libinit2.o(.ARM.Collect$$libinit$$00000030)
    __rt_lib_init_fp_trap_1                  0x0800021f   Thumb Code     0  libinit2.o(.ARM.Collect$$libinit$$0000001F)
    __rt_lib_init_getenv_1                   0x0800021f   Thumb Code     0  libinit2.o(.ARM.Collect$$libinit$$00000023)
    __rt_lib_init_heap_1                     0x0800021f   Thumb Code     0  libinit2.o(.ARM.Collect$$libinit$$0000000A)
    __rt_lib_init_lc_collate_1               0x0800021f   Thumb Code     0  libinit2.o(.ARM.Collect$$libinit$$00000011)
    __rt_lib_init_lc_ctype_1                 0x0800021f   Thumb Code     0  libinit2.o(.ARM.Collect$$libinit$$00000013)
    __rt_lib_init_lc_monetary_1              0x0800021f   Thumb Code     0  libinit2.o(.ARM.Collect$$libinit$$00000015)
    __rt_lib_init_lc_numeric_1               0x0800021f   Thumb Code     0  libinit2.o(.ARM.Collect$$libinit$$00000017)
    __rt_lib_init_lc_time_1                  0x0800021f   Thumb Code     0  libinit2.o(.ARM.Collect$$libinit$$00000019)
    __rt_lib_init_preinit_1                  0x0800021f   Thumb Code     0  libinit2.o(.ARM.Collect$$libinit$$00000004)
    __rt_lib_init_rand_1                     0x0800021f   Thumb Code     0  libinit2.o(.ARM.Collect$$libinit$$0000000E)
    __rt_lib_init_return                     0x0800021f   Thumb Code     0  libinit2.o(.ARM.Collect$$libinit$$00000033)
    __rt_lib_init_signal_1                   0x0800021f   Thumb Code     0  libinit2.o(.ARM.Collect$$libinit$$0000001D)
    __rt_lib_init_stdio_1                    0x0800021f   Thumb Code     0  libinit2.o(.ARM.Collect$$libinit$$00000025)
    __rt_lib_init_user_alloc_1               0x0800021f   Thumb Code     0  libinit2.o(.ARM.Collect$$libinit$$0000000C)
    __rt_lib_shutdown                        0x08000221   Thumb Code     0  libshutdown.o(.ARM.Collect$$libshutdown$$00000000)
    __rt_lib_shutdown_cpp_1                  0x08000223   Thumb Code     0  libshutdown2.o(.ARM.Collect$$libshutdown$$00000002)
    __rt_lib_shutdown_fp_trap_1              0x08000223   Thumb Code     0  libshutdown2.o(.ARM.Collect$$libshutdown$$00000007)
    __rt_lib_shutdown_heap_1                 0x08000223   Thumb Code     0  libshutdown2.o(.ARM.Collect$$libshutdown$$0000000F)
    __rt_lib_shutdown_return                 0x08000223   Thumb Code     0  libshutdown2.o(.ARM.Collect$$libshutdown$$00000010)
    __rt_lib_shutdown_signal_1               0x08000223   Thumb Code     0  libshutdown2.o(.ARM.Collect$$libshutdown$$0000000A)
    __rt_lib_shutdown_stdio_1                0x08000223   Thumb Code     0  libshutdown2.o(.ARM.Collect$$libshutdown$$00000004)
    __rt_lib_shutdown_user_alloc_1           0x08000223   Thumb Code     0  libshutdown2.o(.ARM.Collect$$libshutdown$$0000000C)
    __rt_entry                               0x08000225   Thumb Code     0  __rtentry.o(.ARM.Collect$$rtentry$$00000000)
    __rt_entry_presh_1                       0x08000225   Thumb Code     0  __rtentry2.o(.ARM.Collect$$rtentry$$00000002)
    __rt_entry_sh                            0x08000225   Thumb Code     0  __rtentry4.o(.ARM.Collect$$rtentry$$00000004)
    __rt_entry_li                            0x0800022b   Thumb Code     0  __rtentry2.o(.ARM.Collect$$rtentry$$0000000A)
    __rt_entry_postsh_1                      0x0800022b   Thumb Code     0  __rtentry2.o(.ARM.Collect$$rtentry$$00000009)
    __rt_entry_main                          0x0800022f   Thumb Code     0  __rtentry2.o(.ARM.Collect$$rtentry$$0000000D)
    __rt_entry_postli_1                      0x0800022f   Thumb Code     0  __rtentry2.o(.ARM.Collect$$rtentry$$0000000C)
    __rt_exit                                0x08000237   Thumb Code     0  rtexit.o(.ARM.Collect$$rtexit$$00000000)
    __rt_exit_ls                             0x08000239   Thumb Code     0  rtexit2.o(.ARM.Collect$$rtexit$$00000003)
    __rt_exit_prels_1                        0x08000239   Thumb Code     0  rtexit2.o(.ARM.Collect$$rtexit$$00000002)
    __rt_exit_exit                           0x0800023d   Thumb Code     0  rtexit2.o(.ARM.Collect$$rtexit$$00000004)
    USBH_HID_Reconnect                       0x08000245   Thumb Code   154  main.o(.text)
    main                                     0x080002df   Thumb Code   174  main.o(.text)
    NMI_Handler                              0x08000405   Thumb Code     2  stm32f4xx_it.o(.text)
    HardFault_Handler                        0x08000407   Thumb Code     4  stm32f4xx_it.o(.text)
    MemManage_Handler                        0x0800040b   Thumb Code     4  stm32f4xx_it.o(.text)
    BusFault_Handler                         0x0800040f   Thumb Code     4  stm32f4xx_it.o(.text)
    UsageFault_Handler                       0x08000413   Thumb Code     4  stm32f4xx_it.o(.text)
    SVC_Handler                              0x08000417   Thumb Code     2  stm32f4xx_it.o(.text)
    DebugMon_Handler                         0x08000419   Thumb Code     2  stm32f4xx_it.o(.text)
    PendSV_Handler                           0x0800041b   Thumb Code     2  stm32f4xx_it.o(.text)
    SysTick_Handler                          0x0800041d   Thumb Code     2  stm32f4xx_it.o(.text)
    SystemInit                               0x080004fd   Thumb Code    88  system_stm32f4xx.o(.text)
    SystemCoreClockUpdate                    0x08000555   Thumb Code   174  system_stm32f4xx.o(.text)
    LED_Init                                 0x08000631   Thumb Code    60  led.o(.text)
    delay_init                               0x08000671   Thumb Code    52  delay.o(.text)
    delay_us                                 0x080006a5   Thumb Code    72  delay.o(.text)
    delay_xms                                0x080006ed   Thumb Code    72  delay.o(.text)
    delay_ms                                 0x08000735   Thumb Code    56  delay.o(.text)
    _sys_exit                                0x08000775   Thumb Code     4  usart.o(.text)
    fputc                                    0x08000779   Thumb Code    22  usart.o(.text)
    uart_init                                0x0800078f   Thumb Code   164  usart.o(.text)
    USART1_IRQHandler                        0x08000833   Thumb Code   122  usart.o(.text)
    Reset_Handler                            0x080008bd   Thumb Code     8  startup_stm32f40_41xxx.o(.text)
    ADC_IRQHandler                           0x080008d7   Thumb Code     0  startup_stm32f40_41xxx.o(.text)
    CAN1_RX0_IRQHandler                      0x080008d7   Thumb Code     0  startup_stm32f40_41xxx.o(.text)
    CAN1_RX1_IRQHandler                      0x080008d7   Thumb Code     0  startup_stm32f40_41xxx.o(.text)
    CAN1_SCE_IRQHandler                      0x080008d7   Thumb Code     0  startup_stm32f40_41xxx.o(.text)
    CAN1_TX_IRQHandler                       0x080008d7   Thumb Code     0  startup_stm32f40_41xxx.o(.text)
    CAN2_RX0_IRQHandler                      0x080008d7   Thumb Code     0  startup_stm32f40_41xxx.o(.text)
    CAN2_RX1_IRQHandler                      0x080008d7   Thumb Code     0  startup_stm32f40_41xxx.o(.text)
    CAN2_SCE_IRQHandler                      0x080008d7   Thumb Code     0  startup_stm32f40_41xxx.o(.text)
    CAN2_TX_IRQHandler                       0x080008d7   Thumb Code     0  startup_stm32f40_41xxx.o(.text)
    CRYP_IRQHandler                          0x080008d7   Thumb Code     0  startup_stm32f40_41xxx.o(.text)
    DCMI_IRQHandler                          0x080008d7   Thumb Code     0  startup_stm32f40_41xxx.o(.text)
    DMA1_Stream0_IRQHandler                  0x080008d7   Thumb Code     0  startup_stm32f40_41xxx.o(.text)
    DMA1_Stream1_IRQHandler                  0x080008d7   Thumb Code     0  startup_stm32f40_41xxx.o(.text)
    DMA1_Stream2_IRQHandler                  0x080008d7   Thumb Code     0  startup_stm32f40_41xxx.o(.text)
    DMA1_Stream3_IRQHandler                  0x080008d7   Thumb Code     0  startup_stm32f40_41xxx.o(.text)
    DMA1_Stream4_IRQHandler                  0x080008d7   Thumb Code     0  startup_stm32f40_41xxx.o(.text)
    DMA1_Stream5_IRQHandler                  0x080008d7   Thumb Code     0  startup_stm32f40_41xxx.o(.text)
    DMA1_Stream6_IRQHandler                  0x080008d7   Thumb Code     0  startup_stm32f40_41xxx.o(.text)
    DMA1_Stream7_IRQHandler                  0x080008d7   Thumb Code     0  startup_stm32f40_41xxx.o(.text)
    DMA2_Stream0_IRQHandler                  0x080008d7   Thumb Code     0  startup_stm32f40_41xxx.o(.text)
    DMA2_Stream1_IRQHandler                  0x080008d7   Thumb Code     0  startup_stm32f40_41xxx.o(.text)
    DMA2_Stream2_IRQHandler                  0x080008d7   Thumb Code     0  startup_stm32f40_41xxx.o(.text)
    DMA2_Stream3_IRQHandler                  0x080008d7   Thumb Code     0  startup_stm32f40_41xxx.o(.text)
    DMA2_Stream4_IRQHandler                  0x080008d7   Thumb Code     0  startup_stm32f40_41xxx.o(.text)
    DMA2_Stream5_IRQHandler                  0x080008d7   Thumb Code     0  startup_stm32f40_41xxx.o(.text)
    DMA2_Stream6_IRQHandler                  0x080008d7   Thumb Code     0  startup_stm32f40_41xxx.o(.text)
    DMA2_Stream7_IRQHandler                  0x080008d7   Thumb Code     0  startup_stm32f40_41xxx.o(.text)
    ETH_IRQHandler                           0x080008d7   Thumb Code     0  startup_stm32f40_41xxx.o(.text)
    ETH_WKUP_IRQHandler                      0x080008d7   Thumb Code     0  startup_stm32f40_41xxx.o(.text)
    EXTI0_IRQHandler                         0x080008d7   Thumb Code     0  startup_stm32f40_41xxx.o(.text)
    EXTI15_10_IRQHandler                     0x080008d7   Thumb Code     0  startup_stm32f40_41xxx.o(.text)
    EXTI1_IRQHandler                         0x080008d7   Thumb Code     0  startup_stm32f40_41xxx.o(.text)
    EXTI2_IRQHandler                         0x080008d7   Thumb Code     0  startup_stm32f40_41xxx.o(.text)
    EXTI3_IRQHandler                         0x080008d7   Thumb Code     0  startup_stm32f40_41xxx.o(.text)
    EXTI4_IRQHandler                         0x080008d7   Thumb Code     0  startup_stm32f40_41xxx.o(.text)
    EXTI9_5_IRQHandler                       0x080008d7   Thumb Code     0  startup_stm32f40_41xxx.o(.text)
    FLASH_IRQHandler                         0x080008d7   Thumb Code     0  startup_stm32f40_41xxx.o(.text)
    FPU_IRQHandler                           0x080008d7   Thumb Code     0  startup_stm32f40_41xxx.o(.text)
    FSMC_IRQHandler                          0x080008d7   Thumb Code     0  startup_stm32f40_41xxx.o(.text)
    HASH_RNG_IRQHandler                      0x080008d7   Thumb Code     0  startup_stm32f40_41xxx.o(.text)
    I2C1_ER_IRQHandler                       0x080008d7   Thumb Code     0  startup_stm32f40_41xxx.o(.text)
    I2C1_EV_IRQHandler                       0x080008d7   Thumb Code     0  startup_stm32f40_41xxx.o(.text)
    I2C2_ER_IRQHandler                       0x080008d7   Thumb Code     0  startup_stm32f40_41xxx.o(.text)
    I2C2_EV_IRQHandler                       0x080008d7   Thumb Code     0  startup_stm32f40_41xxx.o(.text)
    I2C3_ER_IRQHandler                       0x080008d7   Thumb Code     0  startup_stm32f40_41xxx.o(.text)
    I2C3_EV_IRQHandler                       0x080008d7   Thumb Code     0  startup_stm32f40_41xxx.o(.text)
    OTG_FS_WKUP_IRQHandler                   0x080008d7   Thumb Code     0  startup_stm32f40_41xxx.o(.text)
    OTG_HS_EP1_IN_IRQHandler                 0x080008d7   Thumb Code     0  startup_stm32f40_41xxx.o(.text)
    OTG_HS_EP1_OUT_IRQHandler                0x080008d7   Thumb Code     0  startup_stm32f40_41xxx.o(.text)
    OTG_HS_IRQHandler                        0x080008d7   Thumb Code     0  startup_stm32f40_41xxx.o(.text)
    OTG_HS_WKUP_IRQHandler                   0x080008d7   Thumb Code     0  startup_stm32f40_41xxx.o(.text)
    PVD_IRQHandler                           0x080008d7   Thumb Code     0  startup_stm32f40_41xxx.o(.text)
    RCC_IRQHandler                           0x080008d7   Thumb Code     0  startup_stm32f40_41xxx.o(.text)
    RTC_Alarm_IRQHandler                     0x080008d7   Thumb Code     0  startup_stm32f40_41xxx.o(.text)
    RTC_WKUP_IRQHandler                      0x080008d7   Thumb Code     0  startup_stm32f40_41xxx.o(.text)
    SDIO_IRQHandler                          0x080008d7   Thumb Code     0  startup_stm32f40_41xxx.o(.text)
    SPI1_IRQHandler                          0x080008d7   Thumb Code     0  startup_stm32f40_41xxx.o(.text)
    SPI2_IRQHandler                          0x080008d7   Thumb Code     0  startup_stm32f40_41xxx.o(.text)
    SPI3_IRQHandler                          0x080008d7   Thumb Code     0  startup_stm32f40_41xxx.o(.text)
    TAMP_STAMP_IRQHandler                    0x080008d7   Thumb Code     0  startup_stm32f40_41xxx.o(.text)
    TIM1_BRK_TIM9_IRQHandler                 0x080008d7   Thumb Code     0  startup_stm32f40_41xxx.o(.text)
    TIM1_CC_IRQHandler                       0x080008d7   Thumb Code     0  startup_stm32f40_41xxx.o(.text)
    TIM1_TRG_COM_TIM11_IRQHandler            0x080008d7   Thumb Code     0  startup_stm32f40_41xxx.o(.text)
    TIM1_UP_TIM10_IRQHandler                 0x080008d7   Thumb Code     0  startup_stm32f40_41xxx.o(.text)
    TIM2_IRQHandler                          0x080008d7   Thumb Code     0  startup_stm32f40_41xxx.o(.text)
    TIM3_IRQHandler                          0x080008d7   Thumb Code     0  startup_stm32f40_41xxx.o(.text)
    TIM4_IRQHandler                          0x080008d7   Thumb Code     0  startup_stm32f40_41xxx.o(.text)
    TIM5_IRQHandler                          0x080008d7   Thumb Code     0  startup_stm32f40_41xxx.o(.text)
    TIM6_DAC_IRQHandler                      0x080008d7   Thumb Code     0  startup_stm32f40_41xxx.o(.text)
    TIM7_IRQHandler                          0x080008d7   Thumb Code     0  startup_stm32f40_41xxx.o(.text)
    TIM8_BRK_TIM12_IRQHandler                0x080008d7   Thumb Code     0  startup_stm32f40_41xxx.o(.text)
    TIM8_CC_IRQHandler                       0x080008d7   Thumb Code     0  startup_stm32f40_41xxx.o(.text)
    TIM8_TRG_COM_TIM14_IRQHandler            0x080008d7   Thumb Code     0  startup_stm32f40_41xxx.o(.text)
    TIM8_UP_TIM13_IRQHandler                 0x080008d7   Thumb Code     0  startup_stm32f40_41xxx.o(.text)
    UART4_IRQHandler                         0x080008d7   Thumb Code     0  startup_stm32f40_41xxx.o(.text)
    UART5_IRQHandler                         0x080008d7   Thumb Code     0  startup_stm32f40_41xxx.o(.text)
    USART2_IRQHandler                        0x080008d7   Thumb Code     0  startup_stm32f40_41xxx.o(.text)
    USART3_IRQHandler                        0x080008d7   Thumb Code     0  startup_stm32f40_41xxx.o(.text)
    USART6_IRQHandler                        0x080008d7   Thumb Code     0  startup_stm32f40_41xxx.o(.text)
    WWDG_IRQHandler                          0x080008d7   Thumb Code     0  startup_stm32f40_41xxx.o(.text)
    __user_initial_stackheap                 0x080008d9   Thumb Code     0  startup_stm32f40_41xxx.o(.text)
    NVIC_PriorityGroupConfig                 0x080008fd   Thumb Code    10  misc.o(.text)
    NVIC_Init                                0x08000907   Thumb Code   106  misc.o(.text)
    NVIC_SetVectorTable                      0x08000971   Thumb Code    14  misc.o(.text)
    NVIC_SystemLPConfig                      0x0800097f   Thumb Code    34  misc.o(.text)
    SysTick_CLKSourceConfig                  0x080009a1   Thumb Code    40  misc.o(.text)
    GPIO_DeInit                              0x080009dd   Thumb Code   268  stm32f4xx_gpio.o(.text)
    GPIO_Init                                0x08000ae9   Thumb Code   144  stm32f4xx_gpio.o(.text)
    GPIO_StructInit                          0x08000b79   Thumb Code    18  stm32f4xx_gpio.o(.text)
    GPIO_PinLockConfig                       0x08000b8b   Thumb Code    34  stm32f4xx_gpio.o(.text)
    GPIO_ReadInputDataBit                    0x08000bad   Thumb Code    18  stm32f4xx_gpio.o(.text)
    GPIO_ReadInputData                       0x08000bbf   Thumb Code     8  stm32f4xx_gpio.o(.text)
    GPIO_ReadOutputDataBit                   0x08000bc7   Thumb Code    18  stm32f4xx_gpio.o(.text)
    GPIO_ReadOutputData                      0x08000bd9   Thumb Code     8  stm32f4xx_gpio.o(.text)
    GPIO_SetBits                             0x08000be1   Thumb Code     4  stm32f4xx_gpio.o(.text)
    GPIO_ResetBits                           0x08000be5   Thumb Code     4  stm32f4xx_gpio.o(.text)
    GPIO_WriteBit                            0x08000be9   Thumb Code    10  stm32f4xx_gpio.o(.text)
    GPIO_Write                               0x08000bf3   Thumb Code     4  stm32f4xx_gpio.o(.text)
    GPIO_ToggleBits                          0x08000bf7   Thumb Code     8  stm32f4xx_gpio.o(.text)
    GPIO_PinAFConfig                         0x08000bff   Thumb Code    70  stm32f4xx_gpio.o(.text)
    RCC_DeInit                               0x08000c71   Thumb Code    82  stm32f4xx_rcc.o(.text)
    RCC_HSEConfig                            0x08000cc3   Thumb Code    14  stm32f4xx_rcc.o(.text)
    RCC_GetFlagStatus                        0x08000cd1   Thumb Code    60  stm32f4xx_rcc.o(.text)
    RCC_WaitForHSEStartUp                    0x08000d0d   Thumb Code    56  stm32f4xx_rcc.o(.text)
    RCC_AdjustHSICalibrationValue            0x08000d45   Thumb Code    20  stm32f4xx_rcc.o(.text)
    RCC_HSICmd                               0x08000d59   Thumb Code     6  stm32f4xx_rcc.o(.text)
    RCC_LSEConfig                            0x08000d5f   Thumb Code    46  stm32f4xx_rcc.o(.text)
    RCC_LSICmd                               0x08000d8d   Thumb Code     6  stm32f4xx_rcc.o(.text)
    RCC_PLLConfig                            0x08000d93   Thumb Code    32  stm32f4xx_rcc.o(.text)
    RCC_PLLCmd                               0x08000db3   Thumb Code     6  stm32f4xx_rcc.o(.text)
    RCC_PLLI2SConfig                         0x08000db9   Thumb Code    14  stm32f4xx_rcc.o(.text)
    RCC_PLLI2SCmd                            0x08000dc7   Thumb Code     6  stm32f4xx_rcc.o(.text)
    RCC_PLLSAIConfig                         0x08000dcd   Thumb Code    20  stm32f4xx_rcc.o(.text)
    RCC_PLLSAICmd                            0x08000de1   Thumb Code     6  stm32f4xx_rcc.o(.text)
    RCC_ClockSecuritySystemCmd               0x08000de7   Thumb Code     6  stm32f4xx_rcc.o(.text)
    RCC_MCO1Config                           0x08000ded   Thumb Code    28  stm32f4xx_rcc.o(.text)
    RCC_MCO2Config                           0x08000e09   Thumb Code    28  stm32f4xx_rcc.o(.text)
    RCC_SYSCLKConfig                         0x08000e25   Thumb Code    20  stm32f4xx_rcc.o(.text)
    RCC_GetSYSCLKSource                      0x08000e39   Thumb Code    12  stm32f4xx_rcc.o(.text)
    RCC_HCLKConfig                           0x08000e45   Thumb Code    20  stm32f4xx_rcc.o(.text)
    RCC_PCLK1Config                          0x08000e59   Thumb Code    20  stm32f4xx_rcc.o(.text)
    RCC_PCLK2Config                          0x08000e6d   Thumb Code    22  stm32f4xx_rcc.o(.text)
    RCC_GetClocksFreq                        0x08000e83   Thumb Code   222  stm32f4xx_rcc.o(.text)
    RCC_RTCCLKConfig                         0x08000f61   Thumb Code    54  stm32f4xx_rcc.o(.text)
    RCC_RTCCLKCmd                            0x08000f97   Thumb Code     8  stm32f4xx_rcc.o(.text)
    RCC_BackupResetCmd                       0x08000f9f   Thumb Code     8  stm32f4xx_rcc.o(.text)
    RCC_I2SCLKConfig                         0x08000fa7   Thumb Code     6  stm32f4xx_rcc.o(.text)
    RCC_SAIPLLI2SClkDivConfig                0x08000fad   Thumb Code    26  stm32f4xx_rcc.o(.text)
    RCC_SAIPLLSAIClkDivConfig                0x08000fc7   Thumb Code    28  stm32f4xx_rcc.o(.text)
    RCC_SAIBlockACLKConfig                   0x08000fe3   Thumb Code    20  stm32f4xx_rcc.o(.text)
    RCC_SAIBlockBCLKConfig                   0x08000ff7   Thumb Code    20  stm32f4xx_rcc.o(.text)
    RCC_LTDCCLKDivConfig                     0x0800100b   Thumb Code    20  stm32f4xx_rcc.o(.text)
    RCC_TIMCLKPresConfig                     0x0800101f   Thumb Code     6  stm32f4xx_rcc.o(.text)
    RCC_AHB1PeriphClockCmd                   0x08001025   Thumb Code    34  stm32f4xx_rcc.o(.text)
    RCC_AHB2PeriphClockCmd                   0x08001047   Thumb Code    78  stm32f4xx_rcc.o(.text)
    RCC_AHB3PeriphClockCmd                   0x08001095   Thumb Code    34  stm32f4xx_rcc.o(.text)
    RCC_APB1PeriphClockCmd                   0x080010b7   Thumb Code    34  stm32f4xx_rcc.o(.text)
    RCC_APB2PeriphClockCmd                   0x080010d9   Thumb Code    34  stm32f4xx_rcc.o(.text)
    RCC_AHB1PeriphResetCmd                   0x080010fb   Thumb Code    34  stm32f4xx_rcc.o(.text)
    RCC_AHB2PeriphResetCmd                   0x0800111d   Thumb Code    34  stm32f4xx_rcc.o(.text)
    RCC_AHB3PeriphResetCmd                   0x0800113f   Thumb Code    34  stm32f4xx_rcc.o(.text)
    RCC_APB1PeriphResetCmd                   0x08001161   Thumb Code    34  stm32f4xx_rcc.o(.text)
    RCC_APB2PeriphResetCmd                   0x08001183   Thumb Code    34  stm32f4xx_rcc.o(.text)
    RCC_AHB1PeriphClockLPModeCmd             0x080011a5   Thumb Code    34  stm32f4xx_rcc.o(.text)
    RCC_AHB2PeriphClockLPModeCmd             0x080011c7   Thumb Code    34  stm32f4xx_rcc.o(.text)
    RCC_AHB3PeriphClockLPModeCmd             0x080011e9   Thumb Code    34  stm32f4xx_rcc.o(.text)
    RCC_APB1PeriphClockLPModeCmd             0x0800120b   Thumb Code    34  stm32f4xx_rcc.o(.text)
    RCC_APB2PeriphClockLPModeCmd             0x0800122d   Thumb Code    34  stm32f4xx_rcc.o(.text)
    RCC_LSEModeConfig                        0x0800124f   Thumb Code    40  stm32f4xx_rcc.o(.text)
    RCC_ITConfig                             0x08001277   Thumb Code    34  stm32f4xx_rcc.o(.text)
    RCC_ClearFlag                            0x08001299   Thumb Code    18  stm32f4xx_rcc.o(.text)
    RCC_GetITStatus                          0x080012ab   Thumb Code    22  stm32f4xx_rcc.o(.text)
    RCC_ClearITPendingBit                    0x080012c1   Thumb Code     8  stm32f4xx_rcc.o(.text)
    USART_DeInit                             0x080012cd   Thumb Code   206  stm32f4xx_usart.o(.text)
    USART_Init                               0x0800139b   Thumb Code   204  stm32f4xx_usart.o(.text)
    USART_StructInit                         0x08001467   Thumb Code    24  stm32f4xx_usart.o(.text)
    USART_ClockInit                          0x0800147f   Thumb Code    32  stm32f4xx_usart.o(.text)
    USART_ClockStructInit                    0x0800149f   Thumb Code    12  stm32f4xx_usart.o(.text)
    USART_Cmd                                0x080014ab   Thumb Code    24  stm32f4xx_usart.o(.text)
    USART_SetPrescaler                       0x080014c3   Thumb Code    16  stm32f4xx_usart.o(.text)
    USART_OverSampling8Cmd                   0x080014d3   Thumb Code    22  stm32f4xx_usart.o(.text)
    USART_OneBitMethodCmd                    0x080014e9   Thumb Code    24  stm32f4xx_usart.o(.text)
    USART_SendData                           0x08001501   Thumb Code     8  stm32f4xx_usart.o(.text)
    USART_ReceiveData                        0x08001509   Thumb Code    10  stm32f4xx_usart.o(.text)
    USART_SetAddress                         0x08001513   Thumb Code    18  stm32f4xx_usart.o(.text)
    USART_ReceiverWakeUpCmd                  0x08001525   Thumb Code    24  stm32f4xx_usart.o(.text)
    USART_WakeUpConfig                       0x0800153d   Thumb Code    18  stm32f4xx_usart.o(.text)
    USART_LINBreakDetectLengthConfig         0x0800154f   Thumb Code    18  stm32f4xx_usart.o(.text)
    USART_LINCmd                             0x08001561   Thumb Code    24  stm32f4xx_usart.o(.text)
    USART_SendBreak                          0x08001579   Thumb Code    10  stm32f4xx_usart.o(.text)
    USART_HalfDuplexCmd                      0x08001583   Thumb Code    24  stm32f4xx_usart.o(.text)
    USART_SetGuardTime                       0x0800159b   Thumb Code    16  stm32f4xx_usart.o(.text)
    USART_SmartCardCmd                       0x080015ab   Thumb Code    24  stm32f4xx_usart.o(.text)
    USART_SmartCardNACKCmd                   0x080015c3   Thumb Code    24  stm32f4xx_usart.o(.text)
    USART_IrDAConfig                         0x080015db   Thumb Code    18  stm32f4xx_usart.o(.text)
    USART_IrDACmd                            0x080015ed   Thumb Code    24  stm32f4xx_usart.o(.text)
    USART_DMACmd                             0x08001605   Thumb Code    18  stm32f4xx_usart.o(.text)
    USART_ITConfig                           0x08001617   Thumb Code    74  stm32f4xx_usart.o(.text)
    USART_GetFlagStatus                      0x08001661   Thumb Code    26  stm32f4xx_usart.o(.text)
    USART_ClearFlag                          0x0800167b   Thumb Code    18  stm32f4xx_usart.o(.text)
    USART_GetITStatus                        0x0800168d   Thumb Code   118  stm32f4xx_usart.o(.text)
    USART_ClearITPendingBit                  0x08001703   Thumb Code    30  stm32f4xx_usart.o(.text)
    USB_OTG_WritePacket                      0x080017c1   Thumb Code    64  usb_core.o(.text)
    USB_OTG_ReadPacket                       0x08001801   Thumb Code    40  usb_core.o(.text)
    USB_OTG_SelectCore                       0x08001829   Thumb Code   204  usb_core.o(.text)
    USB_OTG_CoreInit                         0x080018f5   Thumb Code   294  usb_core.o(.text)
    USB_OTG_EnableGlobalInt                  0x08001a1b   Thumb Code    34  usb_core.o(.text)
    USB_OTG_DisableGlobalInt                 0x08001a3d   Thumb Code    34  usb_core.o(.text)
    USB_OTG_FlushTxFifo                      0x08001a5f   Thumb Code    80  usb_core.o(.text)
    USB_OTG_FlushRxFifo                      0x08001aaf   Thumb Code    70  usb_core.o(.text)
    USB_OTG_SetCurrentMode                   0x08001af5   Thumb Code    76  usb_core.o(.text)
    USB_OTG_GetMode                          0x08001b41   Thumb Code    20  usb_core.o(.text)
    USB_OTG_IsDeviceMode                     0x08001b55   Thumb Code    22  usb_core.o(.text)
    USB_OTG_IsHostMode                       0x08001b6b   Thumb Code    20  usb_core.o(.text)
    USB_OTG_ReadCoreItr                      0x08001b7f   Thumb Code    16  usb_core.o(.text)
    USB_OTG_ReadOtgItr                       0x08001b8f   Thumb Code     8  usb_core.o(.text)
    USB_OTG_EnableHostInt                    0x08001b97   Thumb Code   116  usb_core.o(.text)
    USB_OTG_ReadHPRT0                        0x08001c0b   Thumb Code    48  usb_core.o(.text)
    USB_OTG_DriveVbus                        0x08001c3b   Thumb Code    92  usb_core.o(.text)
    USB_OTG_ResetPort                        0x08001c97   Thumb Code    64  usb_core.o(.text)
    USB_OTG_InitFSLSPClkSel                  0x08001cd7   Thumb Code    24  usb_core.o(.text)
    USB_OTG_CoreInitHost                     0x08001cef   Thumb Code   214  usb_core.o(.text)
    USB_OTG_IsEvenFrame                      0x08001dc5   Thumb Code    16  usb_core.o(.text)
    USB_OTG_ReadHostAllChannels_intr         0x08001dd5   Thumb Code     8  usb_core.o(.text)
    USB_OTG_HC_Init                          0x08001ddd   Thumb Code   568  usb_core.o(.text)
    USB_OTG_HC_StartXfer                     0x08002015   Thumb Code   502  usb_core.o(.text)
    USB_OTG_HC_Halt                          0x0800220b   Thumb Code   130  usb_core.o(.text)
    USB_OTG_HC_DoPing                        0x0800228d   Thumb Code    90  usb_core.o(.text)
    USB_OTG_StopHost                         0x080022e7   Thumb Code    96  usb_core.o(.text)
    HCD_Init                                 0x08002347   Thumb Code    96  usb_hcd.o(.text)
    HCD_GetCurrentSpeed                      0x080023a7   Thumb Code    20  usb_hcd.o(.text)
    HCD_ResetPort                            0x080023bb   Thumb Code    14  usb_hcd.o(.text)
    HCD_IsDeviceConnected                    0x080023c9   Thumb Code     8  usb_hcd.o(.text)
    HCD_GetCurrentFrame                      0x080023d1   Thumb Code    10  usb_hcd.o(.text)
    HCD_GetURB_State                         0x080023db   Thumb Code    10  usb_hcd.o(.text)
    HCD_GetXferCnt                           0x080023e5   Thumb Code    12  usb_hcd.o(.text)
    HCD_GetHCState                           0x080023f1   Thumb Code    10  usb_hcd.o(.text)
    HCD_HC_Init                              0x080023fb   Thumb Code    16  usb_hcd.o(.text)
    HCD_SubmitRequest                        0x0800240b   Thumb Code    32  usb_hcd.o(.text)
    USBH_OTG_ISR_Handler                     0x080031f3   Thumb Code   168  usb_hcd_int.o(.text)
    USBH_Connected                           0x080032a1   Thumb Code    12  usbh_core.o(.text)
    USBH_Disconnected                        0x080032ad   Thumb Code    12  usbh_core.o(.text)
    USBH_SOF                                 0x080032b9   Thumb Code     6  usbh_core.o(.text)
    USBH_DeInit                              0x080032bf   Thumb Code    58  usbh_core.o(.text)
    USBH_Init                                0x080032f9   Thumb Code    68  usbh_core.o(.text)
    USBH_HandleControl                       0x0800333d   Thumb Code   534  usbh_core.o(.text)
    USBH_ErrorHandle                         0x08003553   Thumb Code    46  usbh_core.o(.text)
    USBH_Process                             0x08003757   Thumb Code   538  usbh_core.o(.text)
    USBH_Open_Channel                        0x080039b5   Thumb Code   154  usbh_hcs.o(.text)
    USBH_Modify_Channel                      0x08003a4f   Thumb Code   100  usbh_hcs.o(.text)
    USBH_GetFreeChannel                      0x08003ab3   Thumb Code    40  usbh_hcs.o(.text)
    USBH_Alloc_Channel                       0x08003adb   Thumb Code    38  usbh_hcs.o(.text)
    USBH_Free_Channel                        0x08003b01   Thumb Code    30  usbh_hcs.o(.text)
    USBH_DeAllocate_AllChannel               0x08003b1f   Thumb Code    28  usbh_hcs.o(.text)
    USBH_CtlReq                              0x08003b53   Thumb Code   100  usbh_ioreq.o(.text)
    USBH_CtlSendSetup                        0x08003bb7   Thumb Code    66  usbh_ioreq.o(.text)
    USBH_CtlSendData                         0x08003bf9   Thumb Code   110  usbh_ioreq.o(.text)
    USBH_CtlReceiveData                      0x08003c67   Thumb Code    70  usbh_ioreq.o(.text)
    USBH_BulkSendData                        0x08003cad   Thumb Code    94  usbh_ioreq.o(.text)
    USBH_BulkReceiveData                     0x08003d0b   Thumb Code    96  usbh_ioreq.o(.text)
    USBH_InterruptReceiveData                0x08003d6b   Thumb Code   120  usbh_ioreq.o(.text)
    USBH_InterruptSendData                   0x08003de3   Thumb Code   118  usbh_ioreq.o(.text)
    USBH_IsocReceiveData                     0x08003e59   Thumb Code    70  usbh_ioreq.o(.text)
    USBH_IsocSendData                        0x08003e9f   Thumb Code    68  usbh_ioreq.o(.text)
    USBH_GetDescriptor                       0x08003f3d   Thumb Code    68  usbh_stdreq.o(.text)
    USBH_Get_DevDesc                         0x08003f81   Thumb Code    56  usbh_stdreq.o(.text)
    USBH_GetNextDesc                         0x08003fff   Thumb Code    18  usbh_stdreq.o(.text)
    USBH_Get_CfgDesc                         0x08004123   Thumb Code    88  usbh_stdreq.o(.text)
    USBH_Get_StringDesc                      0x080041b1   Thumb Code    60  usbh_stdreq.o(.text)
    USBH_SetAddress                          0x080041ed   Thumb Code    38  usbh_stdreq.o(.text)
    USBH_SetCfg                              0x08004213   Thumb Code    38  usbh_stdreq.o(.text)
    USBH_SetInterface                        0x08004239   Thumb Code    44  usbh_stdreq.o(.text)
    USBH_ClrFeature                          0x08004265   Thumb Code    76  usbh_stdreq.o(.text)
    USBH_Set_Report                          0x08004707   Thumb Code    52  usbh_hid_core.o(.text)
    USB_OTG_BSP_Init                         0x08004965   Thumb Code   112  usb_bsp_usr.o(.text)
    USB_OTG_BSP_EnableInterrupt              0x080049d5   Thumb Code    36  usb_bsp_usr.o(.text)
    USB_OTG_BSP_DisableInterrupt             0x080049f9   Thumb Code     2  usb_bsp_usr.o(.text)
    USB_OTG_BSP_ConfigVBUS                   0x080049fb   Thumb Code     2  usb_bsp_usr.o(.text)
    USB_OTG_BSP_DriveVBUS                    0x080049fd   Thumb Code     2  usb_bsp_usr.o(.text)
    USB_OTG_BSP_uDelay                       0x080049ff   Thumb Code    12  usb_bsp_usr.o(.text)
    USB_OTG_BSP_mDelay                       0x08004a0b   Thumb Code    12  usb_bsp_usr.o(.text)
    USBH_Msg_Show                            0x08004a21   Thumb Code   146  usb_hid_usr.o(.text)
    OTG_FS_IRQHandler                        0x08004ab3   Thumb Code    10  usb_hid_usr.o(.text)
    USBH_USR_Init                            0x08004abd   Thumb Code    70  usb_hid_usr.o(.text)
    USBH_USR_DeviceAttached                  0x08004b03   Thumb Code    26  usb_hid_usr.o(.text)
    USBH_USR_DeviceDisconnected              0x08004b1d   Thumb Code    38  usb_hid_usr.o(.text)
    USBH_USR_ResetDevice                     0x08004b43   Thumb Code    26  usb_hid_usr.o(.text)
    USBH_USR_DeviceSpeedDetected             0x08004b5d   Thumb Code   110  usb_hid_usr.o(.text)
    USBH_USR_Device_DescAvailable            0x08004bcb   Thumb Code  1126  usb_hid_usr.o(.text)
    USBH_USR_DeviceAddressAssigned           0x08005031   Thumb Code    28  usb_hid_usr.o(.text)
    USBH_USR_Configuration_DescAvailable     0x0800504d   Thumb Code  1316  usb_hid_usr.o(.text)
    USBH_USR_Manufacturer_String             0x08005571   Thumb Code    32  usb_hid_usr.o(.text)
    USBH_USR_Product_String                  0x08005591   Thumb Code    32  usb_hid_usr.o(.text)
    USBH_USR_SerialNum_String                0x080055b1   Thumb Code    32  usb_hid_usr.o(.text)
    USBH_USR_EnumerationDone                 0x080055d1   Thumb Code    28  usb_hid_usr.o(.text)
    USBH_USR_DeviceNotSupported              0x080055ed   Thumb Code    10  usb_hid_usr.o(.text)
    USBH_USR_UserInput                       0x080055f7   Thumb Code    36  usb_hid_usr.o(.text)
    USBH_USR_OverCurrentDetected             0x0800561b   Thumb Code    30  usb_hid_usr.o(.text)
    USBH_USR_DeInit                          0x08005639   Thumb Code    30  usb_hid_usr.o(.text)
    USBH_USR_UnrecoveredError                0x08005657   Thumb Code    30  usb_hid_usr.o(.text)
    USBH_Check_HIDCommDead                   0x08005675   Thumb Code    24  usb_hid_usr.o(.text)
    USBH_Check_EnumeDead                     0x0800568d   Thumb Code    80  usb_hid_usr.o(.text)
    USR_Logitech_Init                        0x080056dd   Thumb Code    16  usb_hid_usr.o(.text)
    USR_MOUSE_Init                           0x080056ed   Thumb Code    16  usb_hid_usr.o(.text)
    USR_KEYBRD_Init                          0x080056fd   Thumb Code    16  usb_hid_usr.o(.text)
    USR_Logitech_ProcessData                 0x0800570d   Thumb Code   150  usb_hid_usr.o(.text)
    USR_MOUSE_ProcessData                    0x080057a3   Thumb Code   936  usb_hid_usr.o(.text)
    USR_KEYBRD_ProcessData                   0x08005b4b   Thumb Code   172  usb_hid_usr.o(.text)
    __use_no_semihosting                     0x08005c91   Thumb Code     2  use_no_semi_2.o(.text)
    __2printf                                0x08005c95   Thumb Code    20  noretval__2printf.o(.text)
    __2sprintf                               0x08005cad   Thumb Code    34  noretval__2sprintf.o(.text)
    _printf_pre_padding                      0x08005cd5   Thumb Code    44  _printf_pad.o(.text)
    _printf_post_padding                     0x08005d01   Thumb Code    34  _printf_pad.o(.text)
    _printf_str                              0x08005d23   Thumb Code    82  _printf_str.o(.text)
    _printf_int_dec                          0x08005d75   Thumb Code   104  _printf_dec.o(.text)
    _printf_int_hex                          0x08005ded   Thumb Code    84  _printf_hex_int.o(.text)
    _printf_longlong_hex                     0x08005ded   Thumb Code     0  _printf_hex_int.o(.text)
    __printf                                 0x08005e45   Thumb Code   308  __printf_flags_wp.o(.text)
    strcat                                   0x08005f7d   Thumb Code    24  strcat.o(.text)
    __aeabi_memclr4                          0x08005f95   Thumb Code     0  rt_memclr_w.o(.text)
    __aeabi_memclr8                          0x08005f95   Thumb Code     0  rt_memclr_w.o(.text)
    __rt_memclr_w                            0x08005f95   Thumb Code    78  rt_memclr_w.o(.text)
    _memset_w                                0x08005f99   Thumb Code     0  rt_memclr_w.o(.text)
    __use_two_region_memory                  0x08005fe3   Thumb Code     2  heapauxi.o(.text)
    __rt_heap_escrow$2region                 0x08005fe5   Thumb Code     2  heapauxi.o(.text)
    __rt_heap_expand$2region                 0x08005fe7   Thumb Code     2  heapauxi.o(.text)
    __I$use$semihosting                      0x08005fe9   Thumb Code     0  use_no_semi.o(.text)
    __use_no_semihosting_swi                 0x08005fe9   Thumb Code     2  use_no_semi.o(.text)
    _printf_int_common                       0x08005feb   Thumb Code   178  _printf_intcommon.o(.text)
    _printf_char_common                      0x080060a7   Thumb Code    32  _printf_char_common.o(.text)
    _sputc                                   0x080060cd   Thumb Code    10  _sputc.o(.text)
    _printf_cs_common                        0x080060d7   Thumb Code    20  _printf_char.o(.text)
    _printf_char                             0x080060eb   Thumb Code    16  _printf_char.o(.text)
    _printf_string                           0x080060fb   Thumb Code     8  _printf_char.o(.text)
    _printf_char_file                        0x08006105   Thumb Code    32  _printf_char_file.o(.text)
    ferror                                   0x08006129   Thumb Code     8  ferror.o(.text)
    __user_setup_stackheap                   0x08006131   Thumb Code    74  sys_stackheap_outer.o(.text)
    exit                                     0x0800617b   Thumb Code    18  exit.o(.text)
    __user_libspace                          0x0800618d   Thumb Code     8  libspace.o(.text)
    __user_perproc_libspace                  0x0800618d   Thumb Code     0  libspace.o(.text)
    __user_perthread_libspace                0x0800618d   Thumb Code     0  libspace.o(.text)
    _is_digit                                0x08006195   Thumb Code    14  __printf_wp.o(i._is_digit)
    _fp_init                                 0x080061a3   Thumb Code    10  fpinit.o(x$fpl$fpinit)
    __fplib_config_fpu_vfp                   0x080061ab   Thumb Code     0  fpinit.o(x$fpl$fpinit)
    __fplib_config_pureend_doubles           0x080061ab   Thumb Code     0  fpinit.o(x$fpl$fpinit)
    Region$$Table$$Base                      0x080065f0   Number         0  anon$$obj.o(Region$$Table)
    Region$$Table$$Limit                     0x08006610   Number         0  anon$$obj.o(Region$$Table)
    SystemCoreClock                          0x20000000   Data           4  system_stm32f4xx.o(.data)
    AHBPrescTable                            0x20000004   Data          16  system_stm32f4xx.o(.data)
    __stdout                                 0x20000018   Data           4  usart.o(.data)
    USART_RX_STA                             0x2000001c   Data           2  usart.o(.data)
    USBH_HCD_INT_cb                          0x20000030   Data          12  usbh_core.o(.data)
    USBH_HCD_INT_fops                        0x2000003c   Data           4  usbh_core.o(.data)
    HID_Setup                                0x20000048   Data           8  usbh_hid_core.o(.data)
    start_toggle                             0x20000050   Data           1  usbh_hid_core.o(.data)
    HID_cb                                   0x20000054   Data          16  usbh_hid_core.o(.data)
    HID_KEYBRD_cb                            0x20000064   Data           8  usbh_hid_keybd.o(.data)
    HID_MOUSE_Data                           0x20000084   Data           4  usbh_hid_mouse.o(.data)
    HID_MOUSE_cb                             0x20000088   Data           8  usbh_hid_mouse.o(.data)
    HID_Logitech_Data                        0x20000090   Data           7  usbh_hid_logitech.o(.data)
    HID_Logitech_cb                          0x20000098   Data           8  usbh_hid_logitech.o(.data)
    UsbDeviceState                           0x200000a0   Data           1  usb_hid_usr.o(.data)
    USR_Callbacks                            0x200000a4   Data          72  usb_hid_usr.o(.data)
    USB_FIRST_PLUGIN_FLAG                    0x200000ec   Data           1  usb_hid_usr.o(.data)
    USB_Host                                 0x200000fc   Data         132  main.o(.bss)
    USB_OTG_Core_dev                         0x20000180   Data        1452  main.o(.bss)
    USART_RX_BUF                             0x2000072c   Data         200  usart.o(.bss)
    USBH_CfgDesc                             0x200007f4   Data         512  usbh_stdreq.o(.bss)
    HID_Machine                              0x200009f4   Data          84  usbh_hid_core.o(.bss)
    HID_Report                               0x20000a48   Data          72  usbh_hid_core.o(.bss)
    HID_Desc                                 0x20000a90   Data          10  usbh_hid_core.o(.bss)
    tbuf                                     0x20000a9c   Data        2017  usb_hid_usr.o(.bss)
    __libspace_start                         0x20001280   Data          96  libspace.o(.bss)
    __temporary_stack_top$libspace           0x200012e0   Data           0  libspace.o(.bss)



==============================================================================

Memory Map of the image

  Image Entry point : 0x08000189

  Load Region LR_IROM1 (Base: 0x08000000, Size: 0x0000670c, Max: 0x00100000, ABSOLUTE)

    Execution Region ER_IROM1 (Exec base: 0x08000000, Load base: 0x08000000, Size: 0x00006610, Max: 0x00100000, ABSOLUTE)

    Exec Addr    Load Addr    Size         Type   Attr      Idx    E Section Name        Object

    0x08000000   0x08000000   0x00000188   Data   RO          411    RESET               startup_stm32f40_41xxx.o
    0x08000188   0x08000188   0x00000008   Code   RO         1592  * !!!main             c_w.l(__main.o)
    0x08000190   0x08000190   0x00000034   Code   RO         1764    !!!scatter          c_w.l(__scatter.o)
    0x080001c4   0x080001c4   0x0000001a   Code   RO         1766    !!handler_copy      c_w.l(__scatter_copy.o)
    0x080001de   0x080001de   0x00000002   PAD
    0x080001e0   0x080001e0   0x0000001c   Code   RO         1768    !!handler_zi        c_w.l(__scatter_zi.o)
    0x080001fc   0x080001fc   0x00000000   Code   RO         1585    .ARM.Collect$$_printf_percent$$00000000  c_w.l(_printf_percent.o)
    0x080001fc   0x080001fc   0x00000006   Code   RO         1584    .ARM.Collect$$_printf_percent$$00000009  c_w.l(_printf_d.o)
    0x08000202   0x08000202   0x00000006   Code   RO         1583    .ARM.Collect$$_printf_percent$$0000000C  c_w.l(_printf_x.o)
    0x08000208   0x08000208   0x00000006   Code   RO         1581    .ARM.Collect$$_printf_percent$$00000013  c_w.l(_printf_c.o)
    0x0800020e   0x0800020e   0x00000006   Code   RO         1582    .ARM.Collect$$_printf_percent$$00000014  c_w.l(_printf_s.o)
    0x08000214   0x08000214   0x00000004   Code   RO         1607    .ARM.Collect$$_printf_percent$$00000017  c_w.l(_printf_percent_end.o)
    0x08000218   0x08000218   0x00000002   Code   RO         1638    .ARM.Collect$$libinit$$00000000  c_w.l(libinit.o)
    0x0800021a   0x0800021a   0x00000004   Code   RO         1644    .ARM.Collect$$libinit$$00000001  c_w.l(libinit2.o)
    0x0800021e   0x0800021e   0x00000000   Code   RO         1647    .ARM.Collect$$libinit$$00000004  c_w.l(libinit2.o)
    0x0800021e   0x0800021e   0x00000000   Code   RO         1650    .ARM.Collect$$libinit$$0000000A  c_w.l(libinit2.o)
    0x0800021e   0x0800021e   0x00000000   Code   RO         1652    .ARM.Collect$$libinit$$0000000C  c_w.l(libinit2.o)
    0x0800021e   0x0800021e   0x00000000   Code   RO         1654    .ARM.Collect$$libinit$$0000000E  c_w.l(libinit2.o)
    0x0800021e   0x0800021e   0x00000000   Code   RO         1657    .ARM.Collect$$libinit$$00000011  c_w.l(libinit2.o)
    0x0800021e   0x0800021e   0x00000000   Code   RO         1659    .ARM.Collect$$libinit$$00000013  c_w.l(libinit2.o)
    0x0800021e   0x0800021e   0x00000000   Code   RO         1661    .ARM.Collect$$libinit$$00000015  c_w.l(libinit2.o)
    0x0800021e   0x0800021e   0x00000000   Code   RO         1663    .ARM.Collect$$libinit$$00000017  c_w.l(libinit2.o)
    0x0800021e   0x0800021e   0x00000000   Code   RO         1665    .ARM.Collect$$libinit$$00000019  c_w.l(libinit2.o)
    0x0800021e   0x0800021e   0x00000000   Code   RO         1667    .ARM.Collect$$libinit$$0000001B  c_w.l(libinit2.o)
    0x0800021e   0x0800021e   0x00000000   Code   RO         1669    .ARM.Collect$$libinit$$0000001D  c_w.l(libinit2.o)
    0x0800021e   0x0800021e   0x00000000   Code   RO         1671    .ARM.Collect$$libinit$$0000001F  c_w.l(libinit2.o)
    0x0800021e   0x0800021e   0x00000000   Code   RO         1673    .ARM.Collect$$libinit$$00000021  c_w.l(libinit2.o)
    0x0800021e   0x0800021e   0x00000000   Code   RO         1675    .ARM.Collect$$libinit$$00000023  c_w.l(libinit2.o)
    0x0800021e   0x0800021e   0x00000000   Code   RO         1677    .ARM.Collect$$libinit$$00000025  c_w.l(libinit2.o)
    0x0800021e   0x0800021e   0x00000000   Code   RO         1681    .ARM.Collect$$libinit$$0000002C  c_w.l(libinit2.o)
    0x0800021e   0x0800021e   0x00000000   Code   RO         1683    .ARM.Collect$$libinit$$0000002E  c_w.l(libinit2.o)
    0x0800021e   0x0800021e   0x00000000   Code   RO         1685    .ARM.Collect$$libinit$$00000030  c_w.l(libinit2.o)
    0x0800021e   0x0800021e   0x00000000   Code   RO         1687    .ARM.Collect$$libinit$$00000032  c_w.l(libinit2.o)
    0x0800021e   0x0800021e   0x00000002   Code   RO         1688    .ARM.Collect$$libinit$$00000033  c_w.l(libinit2.o)
    0x08000220   0x08000220   0x00000002   Code   RO         1706    .ARM.Collect$$libshutdown$$00000000  c_w.l(libshutdown.o)
    0x08000222   0x08000222   0x00000000   Code   RO         1716    .ARM.Collect$$libshutdown$$00000002  c_w.l(libshutdown2.o)
    0x08000222   0x08000222   0x00000000   Code   RO         1718    .ARM.Collect$$libshutdown$$00000004  c_w.l(libshutdown2.o)
    0x08000222   0x08000222   0x00000000   Code   RO         1721    .ARM.Collect$$libshutdown$$00000007  c_w.l(libshutdown2.o)
    0x08000222   0x08000222   0x00000000   Code   RO         1724    .ARM.Collect$$libshutdown$$0000000A  c_w.l(libshutdown2.o)
    0x08000222   0x08000222   0x00000000   Code   RO         1726    .ARM.Collect$$libshutdown$$0000000C  c_w.l(libshutdown2.o)
    0x08000222   0x08000222   0x00000000   Code   RO         1729    .ARM.Collect$$libshutdown$$0000000F  c_w.l(libshutdown2.o)
    0x08000222   0x08000222   0x00000002   Code   RO         1730    .ARM.Collect$$libshutdown$$00000010  c_w.l(libshutdown2.o)
    0x08000224   0x08000224   0x00000000   Code   RO         1596    .ARM.Collect$$rtentry$$00000000  c_w.l(__rtentry.o)
    0x08000224   0x08000224   0x00000000   Code   RO         1609    .ARM.Collect$$rtentry$$00000002  c_w.l(__rtentry2.o)
    0x08000224   0x08000224   0x00000006   Code   RO         1621    .ARM.Collect$$rtentry$$00000004  c_w.l(__rtentry4.o)
    0x0800022a   0x0800022a   0x00000000   Code   RO         1611    .ARM.Collect$$rtentry$$00000009  c_w.l(__rtentry2.o)
    0x0800022a   0x0800022a   0x00000004   Code   RO         1612    .ARM.Collect$$rtentry$$0000000A  c_w.l(__rtentry2.o)
    0x0800022e   0x0800022e   0x00000000   Code   RO         1614    .ARM.Collect$$rtentry$$0000000C  c_w.l(__rtentry2.o)
    0x0800022e   0x0800022e   0x00000008   Code   RO         1615    .ARM.Collect$$rtentry$$0000000D  c_w.l(__rtentry2.o)
    0x08000236   0x08000236   0x00000002   Code   RO         1642    .ARM.Collect$$rtexit$$00000000  c_w.l(rtexit.o)
    0x08000238   0x08000238   0x00000000   Code   RO         1690    .ARM.Collect$$rtexit$$00000002  c_w.l(rtexit2.o)
    0x08000238   0x08000238   0x00000004   Code   RO         1691    .ARM.Collect$$rtexit$$00000003  c_w.l(rtexit2.o)
    0x0800023c   0x0800023c   0x00000006   Code   RO         1692    .ARM.Collect$$rtexit$$00000004  c_w.l(rtexit2.o)
    0x08000242   0x08000242   0x00000002   PAD
    0x08000244   0x08000244   0x000001c0   Code   RO            3    .text               main.o
    0x08000404   0x08000404   0x0000001a   Code   RO          209    .text               stm32f4xx_it.o
    0x0800041e   0x0800041e   0x00000002   PAD
    0x08000420   0x08000420   0x00000210   Code   RO          258    .text               system_stm32f4xx.o
    0x08000630   0x08000630   0x00000040   Code   RO          284    .text               led.o
    0x08000670   0x08000670   0x00000104   Code   RO          332    .text               delay.o
    0x08000774   0x08000774   0x00000148   Code   RO          380    .text               usart.o
    0x080008bc   0x080008bc   0x00000040   Code   RO          412    .text               startup_stm32f40_41xxx.o
    0x080008fc   0x080008fc   0x000000e0   Code   RO          418    .text               misc.o
    0x080009dc   0x080009dc   0x00000294   Code   RO          767    .text               stm32f4xx_gpio.o
    0x08000c70   0x08000c70   0x0000065c   Code   RO          930    .text               stm32f4xx_rcc.o
    0x080012cc   0x080012cc   0x00000454   Code   RO         1095    .text               stm32f4xx_usart.o
    0x08001720   0x08001720   0x00000c26   Code   RO         1135    .text               usb_core.o
    0x08002346   0x08002346   0x000000e4   Code   RO         1155    .text               usb_hcd.o
    0x0800242a   0x0800242a   0x00000002   PAD
    0x0800242c   0x0800242c   0x00000e74   Code   RO         1175    .text               usb_hcd_int.o
    0x080032a0   0x080032a0   0x00000714   Code   RO         1199    .text               usbh_core.o
    0x080039b4   0x080039b4   0x00000186   Code   RO         1236    .text               usbh_hcs.o
    0x08003b3a   0x08003b3a   0x000003a8   Code   RO         1260    .text               usbh_ioreq.o
    0x08003ee2   0x08003ee2   0x00000002   PAD
    0x08003ee4   0x08003ee4   0x000003d8   Code   RO         1284    .text               usbh_stdreq.o
    0x080042bc   0x080042bc   0x00000484   Code   RO         1315    .text               usbh_hid_core.o
    0x08004740   0x08004740   0x0000015c   Code   RO         1358    .text               usbh_hid_keybd.o
    0x0800489c   0x0800489c   0x00000060   Code   RO         1392    .text               usbh_hid_mouse.o
    0x080048fc   0x080048fc   0x00000068   Code   RO         1422    .text               usbh_hid_logitech.o
    0x08004964   0x08004964   0x000000bc   Code   RO         1452    .text               usb_bsp_usr.o
    0x08004a20   0x08004a20   0x00001270   Code   RO         1476    .text               usb_hid_usr.o
    0x08005c90   0x08005c90   0x00000002   Code   RO         1522    .text               c_w.l(use_no_semi_2.o)
    0x08005c92   0x08005c92   0x00000002   PAD
    0x08005c94   0x08005c94   0x00000018   Code   RO         1528    .text               c_w.l(noretval__2printf.o)
    0x08005cac   0x08005cac   0x00000028   Code   RO         1530    .text               c_w.l(noretval__2sprintf.o)
    0x08005cd4   0x08005cd4   0x0000004e   Code   RO         1534    .text               c_w.l(_printf_pad.o)
    0x08005d22   0x08005d22   0x00000052   Code   RO         1536    .text               c_w.l(_printf_str.o)
    0x08005d74   0x08005d74   0x00000078   Code   RO         1538    .text               c_w.l(_printf_dec.o)
    0x08005dec   0x08005dec   0x00000058   Code   RO         1543    .text               c_w.l(_printf_hex_int.o)
    0x08005e44   0x08005e44   0x00000138   Code   RO         1573    .text               c_w.l(__printf_flags_wp.o)
    0x08005f7c   0x08005f7c   0x00000018   Code   RO         1586    .text               c_w.l(strcat.o)
    0x08005f94   0x08005f94   0x0000004e   Code   RO         1588    .text               c_w.l(rt_memclr_w.o)
    0x08005fe2   0x08005fe2   0x00000006   Code   RO         1590    .text               c_w.l(heapauxi.o)
    0x08005fe8   0x08005fe8   0x00000002   Code   RO         1594    .text               c_w.l(use_no_semi.o)
    0x08005fea   0x08005fea   0x000000b2   Code   RO         1597    .text               c_w.l(_printf_intcommon.o)
    0x0800609c   0x0800609c   0x00000030   Code   RO         1599    .text               c_w.l(_printf_char_common.o)
    0x080060cc   0x080060cc   0x0000000a   Code   RO         1601    .text               c_w.l(_sputc.o)
    0x080060d6   0x080060d6   0x0000002c   Code   RO         1603    .text               c_w.l(_printf_char.o)
    0x08006102   0x08006102   0x00000002   PAD
    0x08006104   0x08006104   0x00000024   Code   RO         1605    .text               c_w.l(_printf_char_file.o)
    0x08006128   0x08006128   0x00000008   Code   RO         1625    .text               c_w.l(ferror.o)
    0x08006130   0x08006130   0x0000004a   Code   RO         1629    .text               c_w.l(sys_stackheap_outer.o)
    0x0800617a   0x0800617a   0x00000012   Code   RO         1631    .text               c_w.l(exit.o)
    0x0800618c   0x0800618c   0x00000008   Code   RO         1639    .text               c_w.l(libspace.o)
    0x08006194   0x08006194   0x0000000e   Code   RO         1571    i._is_digit         c_w.l(__printf_wp.o)
    0x080061a2   0x080061a2   0x0000000a   Code   RO         1698    x$fpl$fpinit        fz_wm.l(fpinit.o)
    0x080061ac   0x080061ac   0x00000018   Data   RO            5    .constdata          main.o
    0x080061c4   0x080061c4   0x0000000d   Data   RO         1200    .constdata          usbh_core.o
    0x080061d1   0x080061d1   0x000001ec   Data   RO         1359    .constdata          usbh_hid_keybd.o
    0x080063bd   0x080063bd   0x000001b5   Data   RO         1478    .constdata          usb_hid_usr.o
    0x08006572   0x08006572   0x00000028   Data   RO         1544    .constdata          c_w.l(_printf_hex_int.o)
    0x0800659a   0x0800659a   0x00000011   Data   RO         1574    .constdata          c_w.l(__printf_flags_wp.o)
    0x080065ab   0x080065ab   0x00000001   PAD
    0x080065ac   0x080065ac   0x00000044   Data   RO         1479    .conststring        usb_hid_usr.o
    0x080065f0   0x080065f0   0x00000020   Data   RO         1762    Region$$Table       anon$$obj.o


    Execution Region RW_IRAM1 (Exec base: 0x20000000, Load base: 0x08006610, Size: 0x000018e0, Max: 0x00020000, ABSOLUTE)

    Exec Addr    Load Addr    Size         Type   Attr      Idx    E Section Name        Object

    0x20000000   0x08006610   0x00000014   Data   RW          259    .data               system_stm32f4xx.o
    0x20000014   0x08006624   0x00000004   Data   RW          333    .data               delay.o
    0x20000018   0x08006628   0x00000006   Data   RW          382    .data               usart.o
    0x2000001e   0x0800662e   0x00000010   Data   RW          931    .data               stm32f4xx_rcc.o
    0x2000002e   0x0800663e   0x00000002   PAD
    0x20000030   0x08006640   0x00000012   Data   RW         1201    .data               usbh_core.o
    0x20000042   0x08006652   0x00000003   Data   RW         1286    .data               usbh_stdreq.o
    0x20000045   0x08006655   0x00000003   PAD
    0x20000048   0x08006658   0x0000001c   Data   RW         1317    .data               usbh_hid_core.o
    0x20000064   0x08006674   0x0000001f   Data   RW         1360    .data               usbh_hid_keybd.o
    0x20000083   0x08006693   0x00000001   PAD
    0x20000084   0x08006694   0x0000000c   Data   RW         1393    .data               usbh_hid_mouse.o
    0x20000090   0x080066a0   0x00000010   Data   RW         1423    .data               usbh_hid_logitech.o
    0x200000a0   0x080066b0   0x0000005a   Data   RW         1480    .data               usb_hid_usr.o
    0x200000fa   0x0800670a   0x00000002   PAD
    0x200000fc        -       0x00000630   Zero   RW            4    .bss                main.o
    0x2000072c        -       0x000000c8   Zero   RW          381    .bss                usart.o
    0x200007f4        -       0x00000200   Zero   RW         1285    .bss                usbh_stdreq.o
    0x200009f4        -       0x000000a6   Zero   RW         1316    .bss                usbh_hid_core.o
    0x20000a9a   0x0800670a   0x00000002   PAD
    0x20000a9c        -       0x000007e1   Zero   RW         1477    .bss                usb_hid_usr.o
    0x2000127d   0x0800670a   0x00000003   PAD
    0x20001280        -       0x00000060   Zero   RW         1640    .bss                c_w.l(libspace.o)
    0x200012e0        -       0x00000200   Zero   RW          410    HEAP                startup_stm32f40_41xxx.o
    0x200014e0        -       0x00000400   Zero   RW          409    STACK               startup_stm32f40_41xxx.o


==============================================================================

Image component sizes


      Code (inc. data)   RO Data    RW Data    ZI Data      Debug   Object Name

       260          8          0          4          0       1469   delay.o
        64          4          0          0          0        519   led.o
       448        120         24          0       1584     290662   main.o
       224         20          0          0          0       1925   misc.o
        64         26        392          0       1536        828   startup_stm32f40_41xxx.o
       660         44          0          0          0       4269   stm32f4xx_gpio.o
        26          0          0          0          0       1214   stm32f4xx_it.o
      1628         52          0         16          0      13140   stm32f4xx_rcc.o
      1108         34          0          0          0       7992   stm32f4xx_usart.o
       528         46          0         20          0       1883   system_stm32f4xx.o
       328         16          0          6        200       3418   usart.o
       188         10          0          0          0       2511   usb_bsp_usr.o
      3110          8          0          0          0      10522   usb_core.o
       228          0          0          0          0       3444   usb_hcd.o
      3700         10          0          0          0       6907   usb_hcd_int.o
      4720       2754        505         90       2017       9408   usb_hid_usr.o
      1812        158         13         18          0       9507   usbh_core.o
       390          0          0          0          0       3028   usbh_hcs.o
      1156         38          0         28        166       7834   usbh_hid_core.o
       348         44        492         31          0       5133   usbh_hid_keybd.o
       104          4          0         16          0       2266   usbh_hid_logitech.o
        96          8          0         12          0       2008   usbh_hid_mouse.o
       936          0          0          0          0       4940   usbh_ioreq.o
       984         12          0          3        512       6365   usbh_stdreq.o

    ----------------------------------------------------------------------
     23116       3416       1458        252       6020     401192   Object Totals
         0          0         32          0          0          0   (incl. Generated)
         6          0          0          8          5          0   (incl. Padding)

    ----------------------------------------------------------------------

      Code (inc. data)   RO Data    RW Data    ZI Data      Debug   Library Member Name

         8          0          0          0          0         68   __main.o
       312          4         17          0          0         92   __printf_flags_wp.o
        14          0          0          0          0         68   __printf_wp.o
         0          0          0          0          0          0   __rtentry.o
        12          0          0          0          0          0   __rtentry2.o
         6          0          0          0          0          0   __rtentry4.o
        52          8          0          0          0          0   __scatter.o
        26          0          0          0          0          0   __scatter_copy.o
        28          0          0          0          0          0   __scatter_zi.o
         6          0          0          0          0          0   _printf_c.o
        44          0          0          0          0        108   _printf_char.o
        48          6          0          0          0         96   _printf_char_common.o
        36          4          0          0          0         80   _printf_char_file.o
         6          0          0          0          0          0   _printf_d.o
       120         16          0          0          0         92   _printf_dec.o
        88          4         40          0          0         88   _printf_hex_int.o
       178          0          0          0          0         88   _printf_intcommon.o
        78          0          0          0          0        108   _printf_pad.o
         0          0          0          0          0          0   _printf_percent.o
         4          0          0          0          0          0   _printf_percent_end.o
         6          0          0          0          0          0   _printf_s.o
        82          0          0          0          0         80   _printf_str.o
         6          0          0          0          0          0   _printf_x.o
        10          0          0          0          0         68   _sputc.o
        18          0          0          0          0         80   exit.o
         8          0          0          0          0         68   ferror.o
         6          0          0          0          0        152   heapauxi.o
         2          0          0          0          0          0   libinit.o
         6          0          0          0          0          0   libinit2.o
         2          0          0          0          0          0   libshutdown.o
         2          0          0          0          0          0   libshutdown2.o
         8          4          0          0         96         68   libspace.o
        24          4          0          0          0         84   noretval__2printf.o
        40          6          0          0          0         84   noretval__2sprintf.o
        78          0          0          0          0         80   rt_memclr_w.o
         2          0          0          0          0          0   rtexit.o
        10          0          0          0          0          0   rtexit2.o
        24          0          0          0          0         68   strcat.o
        74          0          0          0          0         80   sys_stackheap_outer.o
         2          0          0          0          0         68   use_no_semi.o
         2          0          0          0          0         68   use_no_semi_2.o
        10          0          0          0          0        116   fpinit.o

    ----------------------------------------------------------------------
      1496         56         58          0         96       2052   Library Totals
         8          0          1          0          0          0   (incl. Padding)

    ----------------------------------------------------------------------

      Code (inc. data)   RO Data    RW Data    ZI Data      Debug   Library Name

      1478         56         57          0         96       1936   c_w.l
        10          0          0          0          0        116   fz_wm.l

    ----------------------------------------------------------------------
      1496         56         58          0         96       2052   Library Totals

    ----------------------------------------------------------------------

==============================================================================


      Code (inc. data)   RO Data    RW Data    ZI Data      Debug   

     24612       3472       1516        252       6116     397656   Grand Totals
     24612       3472       1516        252       6116     397656   ELF Image Totals
     24612       3472       1516        252          0          0   ROM Totals

==============================================================================

    Total RO  Size (Code + RO Data)                26128 (  25.52kB)
    Total RW  Size (RW Data + ZI Data)              6368 (   6.22kB)
    Total ROM Size (Code + RO Data + RW Data)      26380 (  25.76kB)

==============================================================================

