Component: ARM Compiler 5.06 update 6 (build 750) Tool: armlink [4d35ed]

==============================================================================

Section Cross References

    main.o(.text) refers to usbh_core.o(.text) for USBH_DeInit
    main.o(.text) refers to usb_core.o(.text) for USB_OTG_StopHost
    main.o(.text) refers to stm32f4xx_rcc.o(.text) for RCC_AHB2PeriphClockCmd
    main.o(.text) refers to delay.o(.text) for delay_ms
    main.o(.text) refers to rt_memclr_w.o(.text) for __aeabi_memclr4
    main.o(.text) refers to misc.o(.text) for NVIC_PriorityGroupConfig
    main.o(.text) refers to serial_bus.o(.text) for USART1_SBUS_Init
    main.o(.text) refers to led.o(.text) for LED_Init
    main.o(.text) refers to timer_delay.o(.text) for timer_delay_init
    main.o(.text) refers to usb_hid_usr.o(.text) for USBH_Check_HIDCommDead
    main.o(.text) refers to stm32f4xx_tim.o(.text) for TIM_GetITStatus
    main.o(.text) refers to main.o(.bss) for USB_Host
    main.o(.text) refers to usb_hid_usr.o(.data) for USR_cb
    main.o(.text) refers to usbh_hid_core.o(.data) for CLASS_cb
    main.o(.text) refers to usbh_hid_core.o(.bss) for HID_Machine
    main.o(.text) refers to usbh_hid_logitech.o(.bss) for Logitech_Data
    main.o(.text) refers to main.o(.data) for serval
    system_stm32f4xx.o(.text) refers to system_stm32f4xx.o(.data) for SystemCoreClock
    led.o(.text) refers to stm32f4xx_rcc.o(.text) for RCC_AHB1PeriphClockCmd
    led.o(.text) refers to stm32f4xx_gpio.o(.text) for GPIO_Init
    gpio_jtag.o(.text) refers to stm32f4xx_rcc.o(.text) for RCC_AHB1PeriphClockCmd
    gpio_jtag.o(.text) refers to stm32f4xx_gpio.o(.text) for GPIO_Init
    timer_delay.o(.text) refers to stm32f4xx_rcc.o(.text) for RCC_APB1PeriphClockCmd
    timer_delay.o(.text) refers to stm32f4xx_tim.o(.text) for TIM_TimeBaseInit
    serial_bus.o(.text) refers to stm32f4xx_rcc.o(.text) for RCC_AHB1PeriphClockCmd
    serial_bus.o(.text) refers to stm32f4xx_gpio.o(.text) for GPIO_PinAFConfig
    serial_bus.o(.text) refers to stm32f4xx_usart.o(.text) for USART_Init
    serial_bus.o(.text) refers to misc.o(.text) for NVIC_Init
    serial_bus.o(.text) refers to rt_memclr_w.o(.text) for __aeabi_memclr4
    serial_bus.o(.text) refers to serial_bus.o(.bss) for values
    timer.o(.text) refers to stm32f4xx_rcc.o(.text) for RCC_APB1PeriphClockCmd
    timer.o(.text) refers to stm32f4xx_tim.o(.text) for TIM_TimeBaseInit
    timer.o(.text) refers to misc.o(.text) for NVIC_Init
    delay.o(.text) refers to misc.o(.text) for SysTick_CLKSourceConfig
    delay.o(.text) refers to delay.o(.data) for fac_us
    usart.o(.rev16_text) refers (Special) to use_no_semi_2.o(.text) for __use_no_semihosting
    usart.o(.revsh_text) refers (Special) to use_no_semi_2.o(.text) for __use_no_semihosting
    usart.o(.text) refers (Special) to use_no_semi_2.o(.text) for __use_no_semihosting
    usart.o(.text) refers to stm32f4xx_rcc.o(.text) for RCC_AHB1PeriphClockCmd
    usart.o(.text) refers to stm32f4xx_gpio.o(.text) for GPIO_PinAFConfig
    usart.o(.text) refers to stm32f4xx_usart.o(.text) for USART_Init
    usart.o(.text) refers to misc.o(.text) for NVIC_Init
    usart.o(.text) refers to usart.o(.data) for USART_RX_STA
    usart.o(.text) refers to usart.o(.bss) for USART_RX_BUF
    usart.o(.bss) refers (Special) to use_no_semi_2.o(.text) for __use_no_semihosting
    usart.o(.data) refers (Special) to use_no_semi_2.o(.text) for __use_no_semihosting
    startup_stm32f40_41xxx.o(STACK) refers (Special) to heapauxi.o(.text) for __use_two_region_memory
    startup_stm32f40_41xxx.o(HEAP) refers (Special) to heapauxi.o(.text) for __use_two_region_memory
    startup_stm32f40_41xxx.o(RESET) refers (Special) to heapauxi.o(.text) for __use_two_region_memory
    startup_stm32f40_41xxx.o(RESET) refers to startup_stm32f40_41xxx.o(STACK) for __initial_sp
    startup_stm32f40_41xxx.o(RESET) refers to startup_stm32f40_41xxx.o(.text) for Reset_Handler
    startup_stm32f40_41xxx.o(RESET) refers to stm32f4xx_it.o(.text) for NMI_Handler
    startup_stm32f40_41xxx.o(RESET) refers to main.o(.text) for TIM3_IRQHandler
    startup_stm32f40_41xxx.o(RESET) refers to timer_delay.o(.text) for TIM4_IRQHandler
    startup_stm32f40_41xxx.o(RESET) refers to usart.o(.text) for USART1_IRQHandler
    startup_stm32f40_41xxx.o(RESET) refers to usb_hid_usr.o(.text) for OTG_FS_IRQHandler
    startup_stm32f40_41xxx.o(.text) refers (Special) to heapauxi.o(.text) for __use_two_region_memory
    startup_stm32f40_41xxx.o(.text) refers to system_stm32f4xx.o(.text) for SystemInit
    startup_stm32f40_41xxx.o(.text) refers to __main.o(!!!main) for __main
    startup_stm32f40_41xxx.o(.text) refers to startup_stm32f40_41xxx.o(HEAP) for Heap_Mem
    startup_stm32f40_41xxx.o(.text) refers to startup_stm32f40_41xxx.o(STACK) for Stack_Mem
    stm32f4xx_adc.o(.text) refers to stm32f4xx_rcc.o(.text) for RCC_APB2PeriphResetCmd
    stm32f4xx_can.o(.text) refers to stm32f4xx_rcc.o(.text) for RCC_APB1PeriphResetCmd
[...]
    .ARM.Collect$$libinit$$0000001D          0x0800020c   Section        0  libinit2.o(.ARM.Collect$$libinit$$0000001D)
    .ARM.Collect$$libinit$$0000001F          0x0800020c   Section        0  libinit2.o(.ARM.Collect$$libinit$$0000001F)
    .ARM.Collect$$libinit$$00000021          0x0800020c   Section        0  libinit2.o(.ARM.Collect$$libinit$$00000021)
    .ARM.Collect$$libinit$$00000023          0x0800020c   Section        0  libinit2.o(.ARM.Collect$$libinit$$00000023)
    .ARM.Collect$$libinit$$00000025          0x0800020c   Section        0  libinit2.o(.ARM.Collect$$libinit$$00000025)
    .ARM.Collect$$libinit$$0000002C          0x0800020c   Section        0  libinit2.o(.ARM.Collect$$libinit$$0000002C)
    .ARM.Collect$$libinit$$0000002E          0x0800020c   Section        0  libinit2.o(.ARM.Collect$$libinit$$0000002E)
    .ARM.Collect$$libinit$$00000030          0x0800020c   Section        0  libinit2.o(.ARM.Collect$$libinit$$00000030)
    .ARM.Collect$$libinit$$00000032          0x0800020c   Section        0  libinit2.o(.ARM.Collect$$libinit$$00000032)
    .ARM.Collect$$libinit$$00000033          0x0800020c   Section        2  libinit2.o(.ARM.Collect$$libinit$$00000033)
    .ARM.Collect$$libshutdown$$00000000      0x0800020e   Section        2  libshutdown.o(.ARM.Collect$$libshutdown$$00000000)
    .ARM.Collect$$libshutdown$$00000002      0x08000210   Section        0  libshutdown2.o(.ARM.Collect$$libshutdown$$00000002)
    .ARM.Collect$$libshutdown$$00000004      0x08000210   Section        0  libshutdown2.o(.ARM.Collect$$libshutdown$$00000004)
    .ARM.Collect$$libshutdown$$00000007      0x08000210   Section        0  libshutdown2.o(.ARM.Collect$$libshutdown$$00000007)
    .ARM.Collect$$libshutdown$$0000000A      0x08000210   Section        0  libshutdown2.o(.ARM.Collect$$libshutdown$$0000000A)
    .ARM.Collect$$libshutdown$$0000000C      0x08000210   Section        0  libshutdown2.o(.ARM.Collect$$libshutdown$$0000000C)
    .ARM.Collect$$libshutdown$$0000000F      0x08000210   Section        0  libshutdown2.o(.ARM.Collect$$libshutdown$$0000000F)
    .ARM.Collect$$libshutdown$$00000010      0x08000210   Section        2  libshutdown2.o(.ARM.Collect$$libshutdown$$00000010)
    .ARM.Collect$$rtentry$$00000000          0x08000212   Section        0  __rtentry.o(.ARM.Collect$$rtentry$$00000000)
    .ARM.Collect$$rtentry$$00000002          0x08000212   Section        0  __rtentry2.o(.ARM.Collect$$rtentry$$00000002)
    .ARM.Collect$$rtentry$$00000004          0x08000212   Section        6  __rtentry4.o(.ARM.Collect$$rtentry$$00000004)
    .ARM.Collect$$rtentry$$00000009          0x08000218   Section        0  __rtentry2.o(.ARM.Collect$$rtentry$$00000009)
    .ARM.Collect$$rtentry$$0000000A          0x08000218   Section        4  __rtentry2.o(.ARM.Collect$$rtentry$$0000000A)
    .ARM.Collect$$rtentry$$0000000C          0x0800021c   Section        0  __rtentry2.o(.ARM.Collect$$rtentry$$0000000C)
    .ARM.Collect$$rtentry$$0000000D          0x0800021c   Section        8  __rtentry2.o(.ARM.Collect$$rtentry$$0000000D)
    .ARM.Collect$$rtexit$$00000000           0x08000224   Section        2  rtexit.o(.ARM.Collect$$rtexit$$00000000)
    .ARM.Collect$$rtexit$$00000002           0x08000226   Section        0  rtexit2.o(.ARM.Collect$$rtexit$$00000002)
    .ARM.Collect$$rtexit$$00000003           0x08000226   Section        4  rtexit2.o(.ARM.Collect$$rtexit$$00000003)
    .ARM.Collect$$rtexit$$00000004           0x0800022a   Section        6  rtexit2.o(.ARM.Collect$$rtexit$$00000004)
    .text                                    0x08000230   Section        0  main.o(.text)
    .text                                    0x080003d0   Section        0  stm32f4xx_it.o(.text)
    .text                                    0x080003ec   Section        0  system_stm32f4xx.o(.text)
    SetSysClock                              0x080003ed   Thumb Code   220  system_stm32f4xx.o(.text)
    .text                                    0x080005fc   Section        0  led.o(.text)
    .text                                    0x0800063c   Section        0  timer_delay.o(.text)
    .text                                    0x08000708   Section        0  serial_bus.o(.text)
    .text                                    0x08000990   Section        0  delay.o(.text)
    .text                                    0x08000a94   Section        0  usart.o(.text)
    .text                                    0x08000bdc   Section       64  startup_stm32f40_41xxx.o(.text)
    $v0                                      0x08000bdc   Number         0  startup_stm32f40_41xxx.o(.text)
    .text                                    0x08000c1c   Section        0  misc.o(.text)
    .text                                    0x08000cfc   Section        0  stm32f4xx_gpio.o(.text)
    .text                                    0x08000f90   Section        0  stm32f4xx_rcc.o(.text)
    .text                                    0x080015ec   Section        0  stm32f4xx_tim.o(.text)
    TI4_Config                               0x08001d8b   Thumb Code    80  stm32f4xx_tim.o(.text)
    TI3_Config                               0x08001ded   Thumb Code    72  stm32f4xx_tim.o(.text)
    TI2_Config                               0x08001e4f   Thumb Code    90  stm32f4xx_tim.o(.text)
    TI1_Config                               0x08001ebb   Thumb Code    58  stm32f4xx_tim.o(.text)
    .text                                    0x08002290   Section        0  stm32f4xx_usart.o(.text)
    .text                                    0x080026e4   Section        0  usb_core.o(.text)
    USB_OTG_EnableCommonInt                  0x080026e5   Thumb Code    52  usb_core.o(.text)
    USB_OTG_CoreReset                        0x08002719   Thumb Code   108  usb_core.o(.text)
    .text                                    0x0800330a   Section        0  usb_hcd.o(.text)
    .text                                    0x080033f0   Section        0  usb_hcd_int.o(.text)
    USB_OTG_USBH_handle_IncompletePeriodicXfer_ISR 0x080033f1   Thumb Code    70  usb_hcd_int.o(.text)
    USB_OTG_USBH_handle_Disconnect_ISR       0x08003437   Thumb Code    40  usb_hcd_int.o(.text)
    USB_OTG_USBH_handle_port_ISR             0x0800345f   Thumb Code   282  usb_hcd_int.o(.text)
    USB_OTG_USBH_handle_hc_n_Out_ISR         0x08003579   Thumb Code   984  usb_hcd_int.o(.text)
    USB_OTG_USBH_handle_hc_n_In_ISR          0x08003951   Thumb Code  1066  usb_hcd_int.o(.text)
    USB_OTG_USBH_handle_hc_ISR               0x08003d7b   Thumb Code    86  usb_hcd_int.o(.text)
    USB_OTG_USBH_handle_ptxfempty_ISR        0x08003dd1   Thumb Code   302  usb_hcd_int.o(.text)
    USB_OTG_USBH_handle_nptxfempty_ISR       0x08003eff   Thumb Code   302  usb_hcd_int.o(.text)
    USB_OTG_USBH_handle_rx_qlvl_ISR          0x0800402d   Thumb Code   356  usb_hcd_int.o(.text)
    USB_OTG_USBH_handle_sof_ISR              0x08004191   Thumb Code    38  usb_hcd_int.o(.text)
    .text                                    0x08004264   Section        0  usbh_core.o(.text)
    USBH_HandleEnum                          0x08004545   Thumb Code   472  usbh_core.o(.text)
    .text                                    0x080048ba   Section        0  usbh_hcs.o(.text)
    .text                                    0x08004a40   Section        0  usbh_ioreq.o(.text)
    USBH_SubmitSetupRequest                  0x08004a41   Thumb Code    24  usbh_ioreq.o(.text)
    .text                                    0x08004de8   Section        0  usbh_stdreq.o(.text)
    USBH_ParseDevDesc                        0x08004de9   Thumb Code    88  usbh_stdreq.o(.text)
    USBH_ParseEPDesc                         0x08004ebd   Thumb Code    32  usbh_stdreq.o(.text)
    USBH_ParseInterfaceDesc                  0x08004edd   Thumb Code    38  usbh_stdreq.o(.text)
    USBH_ParseCfgDesc                        0x08004f15   Thumb Code   274  usbh_stdreq.o(.text)
    USBH_ParseStringDesc                     0x0800507f   Thumb Code    54  usbh_stdreq.o(.text)
    .text                                    0x080051c0   Section        0  usbh_hid_core.o(.text)
    USBH_HID_InterfaceInit                   0x080051c1   Thumb Code   352  usbh_hid_core.o(.text)
    USBH_HID_InterfaceDeInit                 0x08005321   Thumb Code    94  usbh_hid_core.o(.text)
    USBH_Set_Protocol                        0x0800537f   Thumb Code    48  usbh_hid_core.o(.text)
    USBH_Set_Idle                            0x080053af   Thumb Code    50  usbh_hid_core.o(.text)
    USBH_Get_HID_ReportDescriptor            0x080053e1   Thumb Code    40  usbh_hid_core.o(.text)
    USBH_ParseHIDDesc                        0x08005409   Thumb Code    42  usbh_hid_core.o(.text)
    USBH_Get_HID_Descriptor                  0x08005433   Thumb Code    40  usbh_hid_core.o(.text)
    USBH_HID_ClassRequest                    0x0800545b   Thumb Code   158  usbh_hid_core.o(.text)
    USBH_HID_Handle                          0x080054f9   Thumb Code   274  usbh_hid_core.o(.text)
    .text                                    0x08005644   Section        0  usbh_hid_keybd.o(.text)
    KEYBRD_Init                              0x08005645   Thumb Code     8  usbh_hid_keybd.o(.text)
    KEYBRD_Decode                            0x0800564d   Thumb Code   296  usbh_hid_keybd.o(.text)
    .text                                    0x080057a0   Section        0  usbh_hid_mouse.o(.text)
    MOUSE_Init                               0x080057a1   Thumb Code     8  usbh_hid_mouse.o(.text)
    MOUSE_Decode                             0x080057a9   Thumb Code    80  usbh_hid_mouse.o(.text)
    .text                                    0x08005800   Section        0  usbh_hid_logitech.o(.text)
    Logitech_Init                            0x08005801   Thumb Code     8  usbh_hid_logitech.o(.text)
    Logitech_Decode                          0x08005809   Thumb Code    70  usbh_hid_logitech.o(.text)
    .text                                    0x08005854   Section        0  usb_bsp_usr.o(.text)
    .text                                    0x08005910   Section        0  usb_hid_usr.o(.text)
    .text                                    0x08005bf8   Section        2  use_no_semi_2.o(.text)
    .text                                    0x08005bfc   Section        0  noretval__2sprintf.o(.text)
    .text                                    0x08005c24   Section        0  _printf_pad.o(.text)
    .text                                    0x08005c74   Section        0  _printf_hex_int.o(.text)
    .text                                    0x08005ccc   Section        0  __printf_flags_wp.o(.text)
    .text                                    0x08005e04   Section        0  strcat.o(.text)
    .text                                    0x08005e1c   Section       78  rt_memclr_w.o(.text)
    .text                                    0x08005e6a   Section        0  heapauxi.o(.text)
    .text                                    0x08005e70   Section        2  use_no_semi.o(.text)
    .text                                    0x08005e72   Section        0  _printf_intcommon.o(.text)
    .text                                    0x08005f24   Section        0  _printf_char_common.o(.text)
    _printf_input_char                       0x08005f25   Thumb Code    10  _printf_char_common.o(.text)
    .text                                    0x08005f54   Section        0  _sputc.o(.text)
    .text                                    0x08005f5e   Section       74  sys_stackheap_outer.o(.text)
    .text                                    0x08005fa8   Section        0  exit.o(.text)
    .text                                    0x08005fbc   Section        8  libspace.o(.text)
    i._is_digit                              0x08005fc4   Section        0  __printf_wp.o(i._is_digit)
    x$fpl$fpinit                             0x08005fd2   Section       10  fpinit.o(x$fpl$fpinit)
    $v0                                      0x08005fd2   Number         0  fpinit.o(x$fpl$fpinit)
    .constdata                               0x08005fdc   Section      492  usbh_hid_keybd.o(.constdata)
    HID_KEYBRD_Codes                         0x08005fdc   Data         232  usbh_hid_keybd.o(.constdata)
    HID_KEYBRD_Key                           0x080060c4   Data         130  usbh_hid_keybd.o(.constdata)
    HID_KEYBRD_ShiftKey                      0x08006146   Data         130  usbh_hid_keybd.o(.constdata)
    .constdata                               0x080061c8   Section       40  _printf_hex_int.o(.constdata)
    uc_hextab                                0x080061c8   Data          20  _printf_hex_int.o(.constdata)
    lc_hextab                                0x080061dc   Data          20  _printf_hex_int.o(.constdata)
    .constdata                               0x080061f0   Section       17  __printf_flags_wp.o(.constdata)
    maptable                                 0x080061f0   Data          17  __printf_flags_wp.o(.constdata)
    .data                                    0x20000000   Section        1  main.o(.data)
    .data                                    0x20000004   Section       20  system_stm32f4xx.o(.data)
    .data                                    0x20000018   Section        4  delay.o(.data)
    fac_us                                   0x20000018   Data           1  delay.o(.data)
    fac_ms                                   0x2000001a   Data           2  delay.o(.data)
    .data                                    0x2000001c   Section        6  usart.o(.data)
    .data                                    0x20000022   Section       16  stm32f4xx_rcc.o(.data)
    APBAHBPrescTable                         0x20000022   Data          16  stm32f4xx_rcc.o(.data)
    .data                                    0x20000034   Section       18  usbh_core.o(.data)
    timeout                                  0x20000044   Data           2  usbh_core.o(.data)
    .data                                    0x20000046   Section        3  usbh_stdreq.o(.data)
    prev_ep_size                             0x20000046   Data           2  usbh_stdreq.o(.data)
    prev_itf                                 0x20000048   Data           1  usbh_stdreq.o(.data)
    .data                                    0x2000004c   Section       28  usbh_hid_core.o(.data)
    .data                                    0x20000068   Section       31  usbh_hid_keybd.o(.data)
    shift                                    0x20000070   Data           1  usbh_hid_keybd.o(.data)
    keys                                     0x20000071   Data           6  usbh_hid_keybd.o(.data)
    keys_new                                 0x20000077   Data           6  usbh_hid_keybd.o(.data)
    keys_last                                0x2000007d   Data           6  usbh_hid_keybd.o(.data)
    key_newest                               0x20000083   Data           1  usbh_hid_keybd.o(.data)
    nbr_keys                                 0x20000084   Data           1  usbh_hid_keybd.o(.data)
    nbr_keys_new                             0x20000085   Data           1  usbh_hid_keybd.o(.data)
    nbr_keys_last                            0x20000086   Data           1  usbh_hid_keybd.o(.data)
    .data                                    0x20000088   Section       12  usbh_hid_mouse.o(.data)
    .data                                    0x20000094   Section        8  usbh_hid_logitech.o(.data)
    .data                                    0x2000009c   Section       88  usb_hid_usr.o(.data)
    x                                        0x200000e8   Data           2  usb_hid_usr.o(.data)
    y                                        0x200000ea   Data           2  usb_hid_usr.o(.data)
    z                                        0x200000ec   Data           2  usb_hid_usr.o(.data)
    pos                                      0x200000ee   Data           2  usb_hid_usr.o(.data)
    maxinputchar                             0x200000f0   Data           2  usb_hid_usr.o(.data)
    errcnt                                   0x200000f2   Data           2  usb_hid_usr.o(.data)
    .bss                                     0x200000f4   Section     1584  main.o(.bss)
    .bss                                     0x20000724   Section       32  serial_bus.o(.bss)
    .bss                                     0x20000744   Section      200  usart.o(.bss)
    .bss                                     0x2000080c   Section      512  usbh_stdreq.o(.bss)
    .bss                                     0x20000a0c   Section      166  usbh_hid_core.o(.bss)
    .bss                                     0x20000ab2   Section       10  usbh_hid_logitech.o(.bss)
    .bss                                     0x20000abc   Section     2017  usb_hid_usr.o(.bss)
    .bss                                     0x200012a0   Section       96  libspace.o(.bss)
    HEAP                                     0x20001300   Section      512  startup_stm32f40_41xxx.o(HEAP)
    Heap_Mem                                 0x20001300   Data         512  startup_stm32f40_41xxx.o(HEAP)
    STACK                                    0x20001500   Section     1024  startup_stm32f40_41xxx.o(STACK)
    Stack_Mem                                0x20001500   Data        1024  startup_stm32f40_41xxx.o(STACK)
    __initial_sp                             0x20001900   Data           0  startup_stm32f40_41xxx.o(STACK)

    Global Symbols

    Symbol Name                              Value     Ov Type        Size  Object(Section)

    BuildAttributes$$THM_ISAv4$E$P$D$K$B$S$7EM$VFPi3$EXTD16$VFPS$VFMA$PE$A:L22UL41UL21$X:L11$S22US41US21$IEEE1$IW$USESV6$~STKCKD$USESV7$~SHL$OSPACE$ROPI$EBA8$UX$STANDARDLIB$REQ8$PRES8$EABIv2 0x00000000   Number         0  anon$$obj.o ABSOLUTE
    __ARM_use_no_argv                        0x00000000   Number         0  main.o ABSOLUTE
    _printf_flags                            0x00000000   Number         0  printf_stubs.o ABSOLUTE
    _printf_return_value                     0x00000000   Number         0  printf_stubs.o ABSOLUTE
    _printf_sizespec                         0x00000000   Number         0  printf_stubs.o ABSOLUTE
    _printf_widthprec                        0x00000000   Number         0  printf_stubs.o ABSOLUTE
    __ARM_exceptions_init                     - Undefined Weak Reference
    __alloca_initialize                       - Undefined Weak Reference
    __arm_preinit_                            - Undefined Weak Reference
    __cpp_initialize__aeabi_                  - Undefined Weak Reference
    __cxa_finalize                            - Undefined Weak Reference
    __rt_locale                               - Undefined Weak Reference
    __sigvec_lookup                           - Undefined Weak Reference
    _atexit_init                              - Undefined Weak Reference
    _call_atexit_fns                          - Undefined Weak Reference
    _clock_init                               - Undefined Weak Reference
    _fp_trap_init                             - Undefined Weak Reference
    _fp_trap_shutdown                         - Undefined Weak Reference
    _get_lc_collate                           - Undefined Weak Reference
    _get_lc_ctype                             - Undefined Weak Reference
    _get_lc_monetary                          - Undefined Weak Reference
    _get_lc_numeric                           - Undefined Weak Reference
    _get_lc_time                              - Undefined Weak Reference
    _getenv_init                              - Undefined Weak Reference
    _handle_redirection                       - Undefined Weak Reference
    _init_alloc                               - Undefined Weak Reference
    _init_user_alloc                          - Undefined Weak Reference
    _initio                                   - Undefined Weak Reference
    _printf_truncate_unsigned                 - Undefined Weak Reference
    _rand_init                                - Undefined Weak Reference
    _signal_finish                            - Undefined Weak Reference
    _signal_init                              - Undefined Weak Reference
    _terminate_alloc                          - Undefined Weak Reference
    _terminate_user_alloc                     - Undefined Weak Reference
    _terminateio                              - Undefined Weak Reference
    __Vectors_Size                           0x00000188   Number         0  startup_stm32f40_41xxx.o ABSOLUTE
    __Vectors                                0x08000000   Data           4  startup_stm32f40_41xxx.o(RESET)
    __Vectors_End                            0x08000188   Data           0  startup_stm32f40_41xxx.o(RESET)
    __main                                   0x08000189   Thumb Code     8  __main.o(!!!main)
    __scatterload                            0x08000191   Thumb Code     0  __scatter.o(!!!scatter)
    __scatterload_rt2                        0x08000191   Thumb Code    44  __scatter.o(!!!scatter)
    __scatterload_rt2_thumb_only             0x08000191   Thumb Code     0  __scatter.o(!!!scatter)
    __scatterload_null                       0x0800019f   Thumb Code     0  __scatter.o(!!!scatter)
    __scatterload_copy                       0x080001c5   Thumb Code    26  __scatter_copy.o(!!handler_copy)
    __scatterload_zeroinit                   0x080001e1   Thumb Code    28  __scatter_zi.o(!!handler_zi)
    _printf_percent                          0x080001fd   Thumb Code     0  _printf_percent.o(.ARM.Collect$$_printf_percent$$00000000)
    _printf_x                                0x080001fd   Thumb Code     0  _printf_x.o(.ARM.Collect$$_printf_percent$$0000000C)
    _printf_percent_end                      0x08000203   Thumb Code     0  _printf_percent_end.o(.ARM.Collect$$_printf_percent$$00000017)
    __rt_lib_init                            0x08000207   Thumb Code     0  libinit.o(.ARM.Collect$$libinit$$00000000)
    __rt_lib_init_fp_1                       0x08000209   Thumb Code     0  libinit2.o(.ARM.Collect$$libinit$$00000001)
    __rt_lib_init_alloca_1                   0x0800020d   Thumb Code     0  libinit2.o(.ARM.Collect$$libinit$$0000002E)
    __rt_lib_init_argv_1                     0x0800020d   Thumb Code     0  libinit2.o(.ARM.Collect$$libinit$$0000002C)
    __rt_lib_init_atexit_1                   0x0800020d   Thumb Code     0  libinit2.o(.ARM.Collect$$libinit$$0000001B)
    __rt_lib_init_clock_1                    0x0800020d   Thumb Code     0  libinit2.o(.ARM.Collect$$libinit$$00000021)
    __rt_lib_init_cpp_1                      0x0800020d   Thumb Code     0  libinit2.o(.ARM.Collect$$libinit$$00000032)
    __rt_lib_init_exceptions_1               0x0800020d   Thumb Code     0  libinit2.o(.ARM.Collect$$libinit$$00000030)
    __rt_lib_init_fp_trap_1                  0x0800020d   Thumb Code     0  libinit2.o(.ARM.Collect$$libinit$$0000001F)
    __rt_lib_init_getenv_1                   0x0800020d   Thumb Code     0  libinit2.o(.ARM.Collect$$libinit$$00000023)
    __rt_lib_init_heap_1                     0x0800020d   Thumb Code     0  libinit2.o(.ARM.Collect$$libinit$$0000000A)
    __rt_lib_init_lc_collate_1               0x0800020d   Thumb Code     0  libinit2.o(.ARM.Collect$$libinit$$00000011)
    __rt_lib_init_lc_ctype_1                 0x0800020d   Thumb Code     0  libinit2.o(.ARM.Collect$$libinit$$00000013)
    __rt_lib_init_lc_monetary_1              0x0800020d   Thumb Code     0  libinit2.o(.ARM.Collect$$libinit$$00000015)
    __rt_lib_init_lc_numeric_1               0x0800020d   Thumb Code     0  libinit2.o(.ARM.Collect$$libinit$$00000017)
    __rt_lib_init_lc_time_1                  0x0800020d   Thumb Code     0  libinit2.o(.ARM.Collect$$libinit$$00000019)
    __rt_lib_init_preinit_1                  0x0800020d   Thumb Code     0  libinit2.o(.ARM.Collect$$libinit$$00000004)
    __rt_lib_init_rand_1                     0x0800020d   Thumb Code     0  libinit2.o(.ARM.Collect$$libinit$$0000000E)
    __rt_lib_init_return                     0x0800020d   Thumb Code     0  libinit2.o(.ARM.Collect$$libinit$$00000033)
    __rt_lib_init_signal_1                   0x0800020d   Thumb Code     0  libinit2.o(.ARM.Collect$$libinit$$0000001D)
    __rt_lib_init_stdio_1                    0x0800020d   Thumb Code     0  libinit2.o(.ARM.Collect$$libinit$$00000025)
    __rt_lib_init_user_alloc_1               0x0800020d   Thumb Code     0  libinit2.o(.ARM.Collect$$libinit$$0000000C)
    __rt_lib_shutdown                        0x0800020f   Thumb Code     0  libshutdown.o(.ARM.Collect$$libshutdown$$00000000)
    __rt_lib_shutdown_cpp_1                  0x08000211   Thumb Code     0  libshutdown2.o(.ARM.Collect$$libshutdown$$00000002)
    __rt_lib_shutdown_fp_trap_1              0x08000211   Thumb Code     0  libshutdown2.o(.ARM.Collect$$libshutdown$$00000007)
    __rt_lib_shutdown_heap_1                 0x08000211   Thumb Code     0  libshutdown2.o(.ARM.Collect$$libshutdown$$0000000F)
    __rt_lib_shutdown_return                 0x08000211   Thumb Code     0  libshutdown2.o(.ARM.Collect$$libshutdown$$00000010)
    __rt_lib_shutdown_signal_1               0x08000211   Thumb Code     0  libshutdown2.o(.ARM.Collect$$libshutdown$$0000000A)
    __rt_lib_shutdown_stdio_1                0x08000211   Thumb Code     0  libshutdown2.o(.ARM.Collect$$libshutdown$$00000004)
    __rt_lib_shutdown_user_alloc_1           0x08000211   Thumb Code     0  libshutdown2.o(.ARM.Collect$$libshutdown$$0000000C)
    __rt_entry                               0x08000213   Thumb Code     0  __rtentry.o(.ARM.Collect$$rtentry$$00000000)
    __rt_entry_presh_1                       0x08000213   Thumb Code     0  __rtentry2.o(.ARM.Collect$$rtentry$$00000002)
    __rt_entry_sh                            0x08000213   Thumb Code     0  __rtentry4.o(.ARM.Collect$$rtentry$$00000004)
    __rt_entry_li                            0x08000219   Thumb Code     0  __rtentry2.o(.ARM.Collect$$rtentry$$0000000A)
    __rt_entry_postsh_1                      0x08000219   Thumb Code     0  __rtentry2.o(.ARM.Collect$$rtentry$$00000009)
    __rt_entry_main                          0x0800021d   Thumb Code     0  __rtentry2.o(.ARM.Collect$$rtentry$$0000000D)
    __rt_entry_postli_1                      0x0800021d   Thumb Code     0  __rtentry2.o(.ARM.Collect$$rtentry$$0000000C)
    __rt_exit                                0x08000225   Thumb Code     0  rtexit.o(.ARM.Collect$$rtexit$$00000000)
    __rt_exit_ls                             0x08000227   Thumb Code     0  rtexit2.o(.ARM.Collect$$rtexit$$00000003)
    __rt_exit_prels_1                        0x08000227   Thumb Code     0  rtexit2.o(.ARM.Collect$$rtexit$$00000002)
    __rt_exit_exit                           0x0800022b   Thumb Code     0  rtexit2.o(.ARM.Collect$$rtexit$$00000004)
    USBH_HID_Reconnect                       0x08000231   Thumb Code   132  main.o(.text)
    main                                     0x080002b5   Thumb Code   198  main.o(.text)
    TIM3_IRQHandler                          0x0800037b   Thumb Code    38  main.o(.text)
    NMI_Handler                              0x080003d1   Thumb Code     2  stm32f4xx_it.o(.text)
    HardFault_Handler                        0x080003d3   Thumb Code     4  stm32f4xx_it.o(.text)
    MemManage_Handler                        0x080003d7   Thumb Code     4  stm32f4xx_it.o(.text)
    BusFault_Handler                         0x080003db   Thumb Code     4  stm32f4xx_it.o(.text)
    UsageFault_Handler                       0x080003df   Thumb Code     4  stm32f4xx_it.o(.text)
    SVC_Handler                              0x080003e3   Thumb Code     2  stm32f4xx_it.o(.text)
    DebugMon_Handler                         0x080003e5   Thumb Code     2  stm32f4xx_it.o(.text)
    PendSV_Handler                           0x080003e7   Thumb Code     2  stm32f4xx_it.o(.text)
    SysTick_Handler                          0x080003e9   Thumb Code     2  stm32f4xx_it.o(.text)
    SystemInit                               0x080004c9   Thumb Code    88  system_stm32f4xx.o(.text)
    SystemCoreClockUpdate                    0x08000521   Thumb Code   174  system_stm32f4xx.o(.text)
    LED_Init                                 0x080005fd   Thumb Code    60  led.o(.text)
    TIM4_init                                0x0800063d   Thumb Code    48  timer_delay.o(.text)
    timer_delay_init                         0x0800066d   Thumb Code    12  timer_delay.o(.text)
    timer_delay_ms                           0x08000679   Thumb Code    66  timer_delay.o(.text)
    timer_delay_us                           0x080006bb   Thumb Code    54  timer_delay.o(.text)
    TIM4_IRQHandler                          0x080006f1   Thumb Code    20  timer_delay.o(.text)
    USART1_SBUS_Init                         0x08000709   Thumb Code   164  serial_bus.o(.text)
    sbus_8b                                  0x080007ad   Thumb Code    58  serial_bus.o(.text)
    sbus_16b                                 0x080007e7   Thumb Code    58  serial_bus.o(.text)
    sbus_send                                0x08000821   Thumb Code   222  serial_bus.o(.text)
    sbus_out                                 0x080008ff   Thumb Code   118  serial_bus.o(.text)
    delay_init                               0x08000991   Thumb Code    52  delay.o(.text)
    delay_us                                 0x080009c5   Thumb Code    72  delay.o(.text)
    delay_xms                                0x08000a0d   Thumb Code    72  delay.o(.text)
    delay_ms                                 0x08000a55   Thumb Code    56  delay.o(.text)
    _sys_exit                                0x08000a95   Thumb Code     4  usart.o(.text)
    fputc                                    0x08000a99   Thumb Code    22  usart.o(.text)
    uart_init                                0x08000aaf   Thumb Code   164  usart.o(.text)
    USART1_IRQHandler                        0x08000b53   Thumb Code   122  usart.o(.text)
    Reset_Handler                            0x08000bdd   Thumb Code     8  startup_stm32f40_41xxx.o(.text)
    ADC_IRQHandler                           0x08000bf7   Thumb Code     0  startup_stm32f40_41xxx.o(.text)
    CAN1_RX0_IRQHandler                      0x08000bf7   Thumb Code     0  startup_stm32f40_41xxx.o(.text)
    CAN1_RX1_IRQHandler                      0x08000bf7   Thumb Code     0  startup_stm32f40_41xxx.o(.text)
    CAN1_SCE_IRQHandler                      0x08000bf7   Thumb Code     0  startup_stm32f40_41xxx.o(.text)
    CAN1_TX_IRQHandler                       0x08000bf7   Thumb Code     0  startup_stm32f40_41xxx.o(.text)
    CAN2_RX0_IRQHandler                      0x08000bf7   Thumb Code     0  startup_stm32f40_41xxx.o(.text)
    CAN2_RX1_IRQHandler                      0x08000bf7   Thumb Code     0  startup_stm32f40_41xxx.o(.text)
    CAN2_SCE_IRQHandler                      0x08000bf7   Thumb Code     0  startup_stm32f40_41xxx.o(.text)
    CAN2_TX_IRQHandler                       0x08000bf7   Thumb Code     0  startup_stm32f40_41xxx.o(.text)
    CRYP_IRQHandler                          0x08000bf7   Thumb Code     0  startup_stm32f40_41xxx.o(.text)
    DCMI_IRQHandler                          0x08000bf7   Thumb Code     0  startup_stm32f40_41xxx.o(.text)
    DMA1_Stream0_IRQHandler                  0x08000bf7   Thumb Code     0  startup_stm32f40_41xxx.o(.text)
    DMA1_Stream1_IRQHandler                  0x08000bf7   Thumb Code     0  startup_stm32f40_41xxx.o(.text)
    DMA1_Stream2_IRQHandler                  0x08000bf7   Thumb Code     0  startup_stm32f40_41xxx.o(.text)
    DMA1_Stream3_IRQHandler                  0x08000bf7   Thumb Code     0  startup_stm32f40_41xxx.o(.text)
    DMA1_Stream4_IRQHandler                  0x08000bf7   Thumb Code     0  startup_stm32f40_41xxx.o(.text)
    DMA1_Stream5_IRQHandler                  0x08000bf7   Thumb Code     0  startup_stm32f40_41xxx.o(.text)
    DMA1_Stream6_IRQHandler                  0x08000bf7   Thumb Code     0  startup_stm32f40_41xxx.o(.text)
    DMA1_Stream7_IRQHandler                  0x08000bf7   Thumb Code     0  startup_stm32f40_41xxx.o(.text)
    DMA2_Stream0_IRQHandler                  0x08000bf7   Thumb Code     0  startup_stm32f40_41xxx.o(.text)
    DMA2_Stream1_IRQHandler                  0x08000bf7   Thumb Code     0  startup_stm32f40_41xxx.o(.text)
    DMA2_Stream2_IRQHandler                  0x08000bf7   Thumb Code     0  startup_stm32f40_41xxx.o(.text)
    DMA2_Stream3_IRQHandler                  0x08000bf7   Thumb Code     0  startup_stm32f40_41xxx.o(.text)
    DMA2_Stream4_IRQHandler                  0x08000bf7   Thumb Code     0  startup_stm32f40_41xxx.o(.text)
    DMA2_Stream5_IRQHandler                  0x08000bf7   Thumb Code     0  startup_stm32f40_41xxx.o(.text)
    DMA2_Stream6_IRQHandler                  0x08000bf7   Thumb Code     0  startup_stm32f40_41xxx.o(.text)
    DMA2_Stream7_IRQHandler                  0x08000bf7   Thumb Code     0  startup_stm32f40_41xxx.o(.text)
    ETH_IRQHandler                           0x08000bf7   Thumb Code     0  startup_stm32f40_41xxx.o(.text)
    ETH_WKUP_IRQHandler                      0x08000bf7   Thumb Code     0  startup_stm32f40_41xxx.o(.text)
    EXTI0_IRQHandler                         0x08000bf7   Thumb Code     0  startup_stm32f40_41xxx.o(.text)
    EXTI15_10_IRQHandler                     0x08000bf7   Thumb Code     0  startup_stm32f40_41xxx.o(.text)
    EXTI1_IRQHandler                         0x08000bf7   Thumb Code     0  startup_stm32f40_41xxx.o(.text)
    EXTI2_IRQHandler                         0x08000bf7   Thumb Code     0  startup_stm32f40_41xxx.o(.text)
    EXTI3_IRQHandler                         0x08000bf7   Thumb Code     0  startup_stm32f40_41xxx.o(.text)
    EXTI4_IRQHandler                         0x08000bf7   Thumb Code     0  startup_stm32f40_41xxx.o(.text)
    EXTI9_5_IRQHandler                       0x08000bf7   Thumb Code     0  startup_stm32f40_41xxx.o(.text)
    FLASH_IRQHandler                         0x08000bf7   Thumb Code     0  startup_stm32f40_41xxx.o(.text)
    FPU_IRQHandler                           0x08000bf7   Thumb Code     0  startup_stm32f40_41xxx.o(.text)
    FSMC_IRQHandler                          0x08000bf7   Thumb Code     0  startup_stm32f40_41xxx.o(.text)
    HASH_RNG_IRQHandler                      0x08000bf7   Thumb Code     0  startup_stm32f40_41xxx.o(.text)
    I2C1_ER_IRQHandler                       0x08000bf7   Thumb Code     0  startup_stm32f40_41xxx.o(.text)
    I2C1_EV_IRQHandler                       0x08000bf7   Thumb Code     0  startup_stm32f40_41xxx.o(.text)
    I2C2_ER_IRQHandler                       0x08000bf7   Thumb Code     0  startup_stm32f40_41xxx.o(.text)
    I2C2_EV_IRQHandler                       0x08000bf7   Thumb Code     0  startup_stm32f40_41xxx.o(.text)
    I2C3_ER_IRQHandler                       0x08000bf7   Thumb Code     0  startup_stm32f40_41xxx.o(.text)
    I2C3_EV_IRQHandler                       0x08000bf7   Thumb Code     0  startup_stm32f40_41xxx.o(.text)
    OTG_FS_WKUP_IRQHandler                   0x08000bf7   Thumb Code     0  startup_stm32f40_41xxx.o(.text)
    OTG_HS_EP1_IN_IRQHandler                 0x08000bf7   Thumb Code     0  startup_stm32f40_41xxx.o(.text)
    OTG_HS_EP1_OUT_IRQHandler                0x08000bf7   Thumb Code     0  startup_stm32f40_41xxx.o(.text)
    OTG_HS_IRQHandler                        0x08000bf7   Thumb Code     0  startup_stm32f40_41xxx.o(.text)
    OTG_HS_WKUP_IRQHandler                   0x08000bf7   Thumb Code     0  startup_stm32f40_41xxx.o(.text)
    PVD_IRQHandler                           0x08000bf7   Thumb Code     0  startup_stm32f40_41xxx.o(.text)
    RCC_IRQHandler                           0x08000bf7   Thumb Code     0  startup_stm32f40_41xxx.o(.text)
    RTC_Alarm_IRQHandler                     0x08000bf7   Thumb Code     0  startup_stm32f40_41xxx.o(.text)
    RTC_WKUP_IRQHandler                      0x08000bf7   Thumb Code     0  startup_stm32f40_41xxx.o(.text)
    SDIO_IRQHandler                          0x08000bf7   Thumb Code     0  startup_stm32f40_41xxx.o(.text)
    SPI1_IRQHandler                          0x08000bf7   Thumb Code     0  startup_stm32f40_41xxx.o(.text)
    SPI2_IRQHandler                          0x08000bf7   Thumb Code     0  startup_stm32f40_41xxx.o(.text)
    SPI3_IRQHandler                          0x08000bf7   Thumb Code     0  startup_stm32f40_41xxx.o(.text)
    TAMP_STAMP_IRQHandler                    0x08000bf7   Thumb Code     0  startup_stm32f40_41xxx.o(.text)
    TIM1_BRK_TIM9_IRQHandler                 0x08000bf7   Thumb Code     0  startup_stm32f40_41xxx.o(.text)
    TIM1_CC_IRQHandler                       0x08000bf7   Thumb Code     0  startup_stm32f40_41xxx.o(.text)
    TIM1_TRG_COM_TIM11_IRQHandler            0x08000bf7   Thumb Code     0  startup_stm32f40_41xxx.o(.text)
    TIM1_UP_TIM10_IRQHandler                 0x08000bf7   Thumb Code     0  startup_stm32f40_41xxx.o(.text)
    TIM2_IRQHandler                          0x08000bf7   Thumb Code     0  startup_stm32f40_41xxx.o(.text)
    TIM5_IRQHandler                          0x08000bf7   Thumb Code     0  startup_stm32f40_41xxx.o(.text)
    TIM6_DAC_IRQHandler                      0x08000bf7   Thumb Code     0  startup_stm32f40_41xxx.o(.text)
    TIM7_IRQHandler                          0x08000bf7   Thumb Code     0  startup_stm32f40_41xxx.o(.text)
    TIM8_BRK_TIM12_IRQHandler                0x08000bf7   Thumb Code     0  startup_stm32f40_41xxx.o(.text)
    TIM8_CC_IRQHandler                       0x08000bf7   Thumb Code     0  startup_stm32f40_41xxx.o(.text)
    TIM8_TRG_COM_TIM14_IRQHandler            0x08000bf7   Thumb Code     0  startup_stm32f40_41xxx.o(.text)
    TIM8_UP_TIM13_IRQHandler                 0x08000bf7   Thumb Code     0  startup_stm32f40_41xxx.o(.text)
    UART4_IRQHandler                         0x08000bf7   Thumb Code     0  startup_stm32f40_41xxx.o(.text)
    UART5_IRQHandler                         0x08000bf7   Thumb Code     0  startup_stm32f40_41xxx.o(.text)
    USART2_IRQHandler                        0x08000bf7   Thumb Code     0  startup_stm32f40_41xxx.o(.text)
    USART3_IRQHandler                        0x08000bf7   Thumb Code     0  startup_stm32f40_41xxx.o(.text)
    USART6_IRQHandler                        0x08000bf7   Thumb Code     0  startup_stm32f40_41xxx.o(.text)
    WWDG_IRQHandler                          0x08000bf7   Thumb Code     0  startup_stm32f40_41xxx.o(.text)
    __user_initial_stackheap                 0x08000bf9   Thumb Code     0  startup_stm32f40_41xxx.o(.text)
    NVIC_PriorityGroupConfig                 0x08000c1d   Thumb Code    10  misc.o(.text)
    NVIC_Init                                0x08000c27   Thumb Code   106  misc.o(.text)
    NVIC_SetVectorTable                      0x08000c91   Thumb Code    14  misc.o(.text)
    NVIC_SystemLPConfig                      0x08000c9f   Thumb Code    34  misc.o(.text)
    SysTick_CLKSourceConfig                  0x08000cc1   Thumb Code    40  misc.o(.text)
    GPIO_DeInit                              0x08000cfd   Thumb Code   268  stm32f4xx_gpio.o(.text)
    GPIO_Init                                0x08000e09   Thumb Code   144  stm32f4xx_gpio.o(.text)
    GPIO_StructInit                          0x08000e99   Thumb Code    18  stm32f4xx_gpio.o(.text)
    GPIO_PinLockConfig                       0x08000eab   Thumb Code    34  stm32f4xx_gpio.o(.text)
    GPIO_ReadInputDataBit                    0x08000ecd   Thumb Code    18  stm32f4xx_gpio.o(.text)
    GPIO_ReadInputData                       0x08000edf   Thumb Code     8  stm32f4xx_gpio.o(.text)
    GPIO_ReadOutputDataBit                   0x08000ee7   Thumb Code    18  stm32f4xx_gpio.o(.text)
    GPIO_ReadOutputData                      0x08000ef9   Thumb Code     8  stm32f4xx_gpio.o(.text)
    GPIO_SetBits                             0x08000f01   Thumb Code     4  stm32f4xx_gpio.o(.text)
    GPIO_ResetBits                           0x08000f05   Thumb Code     4  stm32f4xx_gpio.o(.text)
    GPIO_WriteBit                            0x08000f09   Thumb Code    10  stm32f4xx_gpio.o(.text)
    GPIO_Write                               0x08000f13   Thumb Code     4  stm32f4xx_gpio.o(.text)
    GPIO_ToggleBits                          0x08000f17   Thumb Code     8  stm32f4xx_gpio.o(.text)
    GPIO_PinAFConfig                         0x08000f1f   Thumb Code    70  stm32f4xx_gpio.o(.text)
    RCC_DeInit                               0x08000f91   Thumb Code    82  stm32f4xx_rcc.o(.text)
    RCC_HSEConfig                            0x08000fe3   Thumb Code    14  stm32f4xx_rcc.o(.text)
    RCC_GetFlagStatus                        0x08000ff1   Thumb Code    60  stm32f4xx_rcc.o(.text)
    RCC_WaitForHSEStartUp                    0x0800102d   Thumb Code    56  stm32f4xx_rcc.o(.text)
    RCC_AdjustHSICalibrationValue            0x08001065   Thumb Code    20  stm32f4xx_rcc.o(.text)
    RCC_HSICmd                               0x08001079   Thumb Code     6  stm32f4xx_rcc.o(.text)
    RCC_LSEConfig                            0x0800107f   Thumb Code    46  stm32f4xx_rcc.o(.text)
    RCC_LSICmd                               0x080010ad   Thumb Code     6  stm32f4xx_rcc.o(.text)
    RCC_PLLConfig                            0x080010b3   Thumb Code    32  stm32f4xx_rcc.o(.text)
    RCC_PLLCmd                               0x080010d3   Thumb Code     6  stm32f4xx_rcc.o(.text)
    RCC_PLLI2SConfig                         0x080010d9   Thumb Code    14  stm32f4xx_rcc.o(.text)
    RCC_PLLI2SCmd                            0x080010e7   Thumb Code     6  stm32f4xx_rcc.o(.text)
    RCC_PLLSAIConfig                         0x080010ed   Thumb Code    20  stm32f4xx_rcc.o(.text)
    RCC_PLLSAICmd                            0x08001101   Thumb Code     6  stm32f4xx_rcc.o(.text)
    RCC_ClockSecuritySystemCmd               0x08001107   Thumb Code     6  stm32f4xx_rcc.o(.text)
    RCC_MCO1Config                           0x0800110d   Thumb Code    28  stm32f4xx_rcc.o(.text)
    RCC_MCO2Config                           0x08001129   Thumb Code    28  stm32f4xx_rcc.o(.text)
    RCC_SYSCLKConfig                         0x08001145   Thumb Code    20  stm32f4xx_rcc.o(.text)
    RCC_GetSYSCLKSource                      0x08001159   Thumb Code    12  stm32f4xx_rcc.o(.text)
    RCC_HCLKConfig                           0x08001165   Thumb Code    20  stm32f4xx_rcc.o(.text)
    RCC_PCLK1Config                          0x08001179   Thumb Code    20  stm32f4xx_rcc.o(.text)
    RCC_PCLK2Config                          0x0800118d   Thumb Code    22  stm32f4xx_rcc.o(.text)
    RCC_GetClocksFreq                        0x080011a3   Thumb Code   222  stm32f4xx_rcc.o(.text)
    RCC_RTCCLKConfig                         0x08001281   Thumb Code    54  stm32f4xx_rcc.o(.text)
    RCC_RTCCLKCmd                            0x080012b7   Thumb Code     8  stm32f4xx_rcc.o(.text)
    RCC_BackupResetCmd                       0x080012bf   Thumb Code     8  stm32f4xx_rcc.o(.text)
    RCC_I2SCLKConfig                         0x080012c7   Thumb Code     6  stm32f4xx_rcc.o(.text)
    RCC_SAIPLLI2SClkDivConfig                0x080012cd   Thumb Code    26  stm32f4xx_rcc.o(.text)
    RCC_SAIPLLSAIClkDivConfig                0x080012e7   Thumb Code    28  stm32f4xx_rcc.o(.text)
    RCC_SAIBlockACLKConfig                   0x08001303   Thumb Code    20  stm32f4xx_rcc.o(.text)
    RCC_SAIBlockBCLKConfig                   0x08001317   Thumb Code    20  stm32f4xx_rcc.o(.text)
    RCC_LTDCCLKDivConfig                     0x0800132b   Thumb Code    20  stm32f4xx_rcc.o(.text)
    RCC_TIMCLKPresConfig                     0x0800133f   Thumb Code     6  stm32f4xx_rcc.o(.text)
    RCC_AHB1PeriphClockCmd                   0x08001345   Thumb Code    34  stm32f4xx_rcc.o(.text)
    RCC_AHB2PeriphClockCmd                   0x08001367   Thumb Code    78  stm32f4xx_rcc.o(.text)
    RCC_AHB3PeriphClockCmd                   0x080013b5   Thumb Code    34  stm32f4xx_rcc.o(.text)
    RCC_APB1PeriphClockCmd                   0x080013d7   Thumb Code    34  stm32f4xx_rcc.o(.text)
    RCC_APB2PeriphClockCmd                   0x080013f9   Thumb Code    34  stm32f4xx_rcc.o(.text)
    RCC_AHB1PeriphResetCmd                   0x0800141b   Thumb Code    34  stm32f4xx_rcc.o(.text)
    RCC_AHB2PeriphResetCmd                   0x0800143d   Thumb Code    34  stm32f4xx_rcc.o(.text)
    RCC_AHB3PeriphResetCmd                   0x0800145f   Thumb Code    34  stm32f4xx_rcc.o(.text)
    RCC_APB1PeriphResetCmd                   0x08001481   Thumb Code    34  stm32f4xx_rcc.o(.text)
    RCC_APB2PeriphResetCmd                   0x080014a3   Thumb Code    34  stm32f4xx_rcc.o(.text)
    RCC_AHB1PeriphClockLPModeCmd             0x080014c5   Thumb Code    34  stm32f4xx_rcc.o(.text)
    RCC_AHB2PeriphClockLPModeCmd             0x080014e7   Thumb Code    34  stm32f4xx_rcc.o(.text)
    RCC_AHB3PeriphClockLPModeCmd             0x08001509   Thumb Code    34  stm32f4xx_rcc.o(.text)
    RCC_APB1PeriphClockLPModeCmd             0x0800152b   Thumb Code    34  stm32f4xx_rcc.o(.text)
    RCC_APB2PeriphClockLPModeCmd             0x0800154d   Thumb Code    34  stm32f4xx_rcc.o(.text)
    RCC_LSEModeConfig                        0x0800156f   Thumb Code    40  stm32f4xx_rcc.o(.text)
    RCC_ITConfig                             0x08001597   Thumb Code    34  stm32f4xx_rcc.o(.text)
    RCC_ClearFlag                            0x080015b9   Thumb Code    18  stm32f4xx_rcc.o(.text)
    RCC_GetITStatus                          0x080015cb   Thumb Code    22  stm32f4xx_rcc.o(.text)
    RCC_ClearITPendingBit                    0x080015e1   Thumb Code     8  stm32f4xx_rcc.o(.text)
    TIM_DeInit                               0x080015ed   Thumb Code   346  stm32f4xx_tim.o(.text)
    TIM_TimeBaseInit                         0x08001747   Thumb Code   104  stm32f4xx_tim.o(.text)
    TIM_TimeBaseStructInit                   0x080017af   Thumb Code    18  stm32f4xx_tim.o(.text)
    TIM_PrescalerConfig                      0x080017c1   Thumb Code     6  stm32f4xx_tim.o(.text)
    TIM_CounterModeConfig                    0x080017c7   Thumb Code    18  stm32f4xx_tim.o(.text)
    TIM_SetCounter                           0x080017d9   Thumb Code     4  stm32f4xx_tim.o(.text)
    TIM_SetAutoreload                        0x080017dd   Thumb Code     4  stm32f4xx_tim.o(.text)
    TIM_GetCounter                           0x080017e1   Thumb Code     6  stm32f4xx_tim.o(.text)
    TIM_GetPrescaler                         0x080017e7   Thumb Code     6  stm32f4xx_tim.o(.text)
    TIM_UpdateDisableConfig                  0x080017ed   Thumb Code    24  stm32f4xx_tim.o(.text)
    TIM_UpdateRequestConfig                  0x08001805   Thumb Code    24  stm32f4xx_tim.o(.text)
    TIM_ARRPreloadConfig                     0x0800181d   Thumb Code    24  stm32f4xx_tim.o(.text)
    TIM_SelectOnePulseMode                   0x08001835   Thumb Code    18  stm32f4xx_tim.o(.text)
    TIM_SetClockDivision                     0x08001847   Thumb Code    18  stm32f4xx_tim.o(.text)
    TIM_Cmd                                  0x08001859   Thumb Code    24  stm32f4xx_tim.o(.text)
    TIM_OC1Init                              0x08001871   Thumb Code   114  stm32f4xx_tim.o(.text)
    TIM_OC2Init                              0x080018e3   Thumb Code   154  stm32f4xx_tim.o(.text)
    TIM_OC3Init                              0x0800197d   Thumb Code   204  stm32f4xx_tim.o(.text)
    TIM_OC4Init                              0x08001a49   Thumb Code   112  stm32f4xx_tim.o(.text)
    TIM_OCStructInit                         0x08001ab9   Thumb Code    20  stm32f4xx_tim.o(.text)
    TIM_SelectOCxM                           0x08001acd   Thumb Code    86  stm32f4xx_tim.o(.text)
    TIM_SetCompare1                          0x08001b23   Thumb Code     4  stm32f4xx_tim.o(.text)
    TIM_SetCompare2                          0x08001b27   Thumb Code     4  stm32f4xx_tim.o(.text)
    TIM_SetCompare3                          0x08001b2b   Thumb Code     4  stm32f4xx_tim.o(.text)
    TIM_SetCompare4                          0x08001b2f   Thumb Code     4  stm32f4xx_tim.o(.text)
    TIM_ForcedOC1Config                      0x08001b33   Thumb Code    18  stm32f4xx_tim.o(.text)
    TIM_ForcedOC2Config                      0x08001b45   Thumb Code    26  stm32f4xx_tim.o(.text)
    TIM_ForcedOC3Config                      0x08001b5f   Thumb Code    18  stm32f4xx_tim.o(.text)
    TIM_ForcedOC4Config                      0x08001b71   Thumb Code    26  stm32f4xx_tim.o(.text)
    TIM_OC1PreloadConfig                     0x08001b8b   Thumb Code    18  stm32f4xx_tim.o(.text)
    TIM_OC2PreloadConfig                     0x08001b9d   Thumb Code    26  stm32f4xx_tim.o(.text)
    TIM_OC3PreloadConfig                     0x08001bb7   Thumb Code    18  stm32f4xx_tim.o(.text)
    TIM_OC4PreloadConfig                     0x08001bc9   Thumb Code    26  stm32f4xx_tim.o(.text)
    TIM_OC1FastConfig                        0x08001be3   Thumb Code    18  stm32f4xx_tim.o(.text)
    TIM_OC2FastConfig                        0x08001bf5   Thumb Code    26  stm32f4xx_tim.o(.text)
    TIM_OC3FastConfig                        0x08001c0f   Thumb Code    18  stm32f4xx_tim.o(.text)
    TIM_OC4FastConfig                        0x08001c21   Thumb Code    26  stm32f4xx_tim.o(.text)
    TIM_ClearOC1Ref                          0x08001c3b   Thumb Code    18  stm32f4xx_tim.o(.text)
    TIM_ClearOC2Ref                          0x08001c4d   Thumb Code    24  stm32f4xx_tim.o(.text)
    TIM_ClearOC3Ref                          0x08001c65   Thumb Code    18  stm32f4xx_tim.o(.text)
    TIM_ClearOC4Ref                          0x08001c77   Thumb Code    24  stm32f4xx_tim.o(.text)
    TIM_OC1PolarityConfig                    0x08001c8f   Thumb Code    18  stm32f4xx_tim.o(.text)
    TIM_OC1NPolarityConfig                   0x08001ca1   Thumb Code    18  stm32f4xx_tim.o(.text)
    TIM_OC2PolarityConfig                    0x08001cb3   Thumb Code    26  stm32f4xx_tim.o(.text)
    TIM_OC2NPolarityConfig                   0x08001ccd   Thumb Code    26  stm32f4xx_tim.o(.text)
    TIM_OC3PolarityConfig                    0x08001ce7   Thumb Code    26  stm32f4xx_tim.o(.text)
    TIM_OC3NPolarityConfig                   0x08001d01   Thumb Code    26  stm32f4xx_tim.o(.text)
    TIM_OC4PolarityConfig                    0x08001d1b   Thumb Code    26  stm32f4xx_tim.o(.text)
    TIM_CCxCmd                               0x08001d35   Thumb Code    30  stm32f4xx_tim.o(.text)
    TIM_CCxNCmd                              0x08001d53   Thumb Code    30  stm32f4xx_tim.o(.text)
    TIM_SetIC4Prescaler                      0x08001d71   Thumb Code    26  stm32f4xx_tim.o(.text)
    TIM_SetIC3Prescaler                      0x08001ddb   Thumb Code    18  stm32f4xx_tim.o(.text)
    TIM_SetIC2Prescaler                      0x08001e35   Thumb Code    26  stm32f4xx_tim.o(.text)
    TIM_SetIC1Prescaler                      0x08001ea9   Thumb Code    18  stm32f4xx_tim.o(.text)
    TIM_ICInit                               0x08001ef5   Thumb Code   110  stm32f4xx_tim.o(.text)
    TIM_ICStructInit                         0x08001f63   Thumb Code    18  stm32f4xx_tim.o(.text)
    TIM_PWMIConfig                           0x08001f75   Thumb Code   124  stm32f4xx_tim.o(.text)
    TIM_GetCapture1                          0x08001ff1   Thumb Code     6  stm32f4xx_tim.o(.text)
    TIM_GetCapture2                          0x08001ff7   Thumb Code     6  stm32f4xx_tim.o(.text)
    TIM_GetCapture3                          0x08001ffd   Thumb Code     6  stm32f4xx_tim.o(.text)
    TIM_GetCapture4                          0x08002003   Thumb Code     6  stm32f4xx_tim.o(.text)
    TIM_BDTRConfig                           0x08002009   Thumb Code    32  stm32f4xx_tim.o(.text)
    TIM_BDTRStructInit                       0x08002029   Thumb Code    18  stm32f4xx_tim.o(.text)
    TIM_CtrlPWMOutputs                       0x0800203b   Thumb Code    30  stm32f4xx_tim.o(.text)
    TIM_SelectCOM                            0x08002059   Thumb Code    24  stm32f4xx_tim.o(.text)
    TIM_CCPreloadControl                     0x08002071   Thumb Code    24  stm32f4xx_tim.o(.text)
    TIM_ITConfig                             0x08002089   Thumb Code    18  stm32f4xx_tim.o(.text)
    TIM_GenerateEvent                        0x0800209b   Thumb Code     4  stm32f4xx_tim.o(.text)
    TIM_GetFlagStatus                        0x0800209f   Thumb Code    18  stm32f4xx_tim.o(.text)
    TIM_ClearFlag                            0x080020b1   Thumb Code     6  stm32f4xx_tim.o(.text)
    TIM_GetITStatus                          0x080020b7   Thumb Code    34  stm32f4xx_tim.o(.text)
    TIM_ClearITPendingBit                    0x080020d9   Thumb Code     6  stm32f4xx_tim.o(.text)
    TIM_DMAConfig                            0x080020df   Thumb Code    10  stm32f4xx_tim.o(.text)
    TIM_DMACmd                               0x080020e9   Thumb Code    18  stm32f4xx_tim.o(.text)
    TIM_SelectCCDMA                          0x080020fb   Thumb Code    24  stm32f4xx_tim.o(.text)
    TIM_InternalClockConfig                  0x08002113   Thumb Code    12  stm32f4xx_tim.o(.text)
    TIM_SelectInputTrigger                   0x0800211f   Thumb Code    18  stm32f4xx_tim.o(.text)
    TIM_ITRxExternalClockConfig              0x08002131   Thumb Code    24  stm32f4xx_tim.o(.text)
    TIM_TIxExternalClockConfig               0x08002149   Thumb Code    62  stm32f4xx_tim.o(.text)
    TIM_ETRConfig                            0x08002187   Thumb Code    28  stm32f4xx_tim.o(.text)
    TIM_ETRClockMode1Config                  0x080021a3   Thumb Code    54  stm32f4xx_tim.o(.text)
    TIM_ETRClockMode2Config                  0x080021d9   Thumb Code    32  stm32f4xx_tim.o(.text)
    TIM_SelectOutputTrigger                  0x080021f9   Thumb Code    18  stm32f4xx_tim.o(.text)
    TIM_SelectSlaveMode                      0x0800220b   Thumb Code    18  stm32f4xx_tim.o(.text)
    TIM_SelectMasterSlaveMode                0x0800221d   Thumb Code    18  stm32f4xx_tim.o(.text)
    TIM_EncoderInterfaceConfig               0x0800222f   Thumb Code    66  stm32f4xx_tim.o(.text)
    TIM_SelectHallSensor                     0x08002271   Thumb Code    24  stm32f4xx_tim.o(.text)
    TIM_RemapConfig                          0x08002289   Thumb Code     6  stm32f4xx_tim.o(.text)
    USART_DeInit                             0x08002291   Thumb Code   206  stm32f4xx_usart.o(.text)
    USART_Init                               0x0800235f   Thumb Code   204  stm32f4xx_usart.o(.text)
    USART_StructInit                         0x0800242b   Thumb Code    24  stm32f4xx_usart.o(.text)
    USART_ClockInit                          0x08002443   Thumb Code    32  stm32f4xx_usart.o(.text)
    USART_ClockStructInit                    0x08002463   Thumb Code    12  stm32f4xx_usart.o(.text)
    USART_Cmd                                0x0800246f   Thumb Code    24  stm32f4xx_usart.o(.text)
    USART_SetPrescaler                       0x08002487   Thumb Code    16  stm32f4xx_usart.o(.text)
    USART_OverSampling8Cmd                   0x08002497   Thumb Code    22  stm32f4xx_usart.o(.text)
    USART_OneBitMethodCmd                    0x080024ad   Thumb Code    24  stm32f4xx_usart.o(.text)
    USART_SendData                           0x080024c5   Thumb Code     8  stm32f4xx_usart.o(.text)
    USART_ReceiveData                        0x080024cd   Thumb Code    10  stm32f4xx_usart.o(.text)
    USART_SetAddress                         0x080024d7   Thumb Code    18  stm32f4xx_usart.o(.text)
    USART_ReceiverWakeUpCmd                  0x080024e9   Thumb Code    24  stm32f4xx_usart.o(.text)
    USART_WakeUpConfig                       0x08002501   Thumb Code    18  stm32f4xx_usart.o(.text)
    USART_LINBreakDetectLengthConfig         0x08002513   Thumb Code    18  stm32f4xx_usart.o(.text)
    USART_LINCmd                             0x08002525   Thumb Code    24  stm32f4xx_usart.o(.text)
    USART_SendBreak                          0x0800253d   Thumb Code    10  stm32f4xx_usart.o(.text)
    USART_HalfDuplexCmd                      0x08002547   Thumb Code    24  stm32f4xx_usart.o(.text)
    USART_SetGuardTime                       0x0800255f   Thumb Code    16  stm32f4xx_usart.o(.text)
    USART_SmartCardCmd                       0x0800256f   Thumb Code    24  stm32f4xx_usart.o(.text)
    USART_SmartCardNACKCmd                   0x08002587   Thumb Code    24  stm32f4xx_usart.o(.text)
    USART_IrDAConfig                         0x0800259f   Thumb Code    18  stm32f4xx_usart.o(.text)
    USART_IrDACmd                            0x080025b1   Thumb Code    24  stm32f4xx_usart.o(.text)
    USART_DMACmd                             0x080025c9   Thumb Code    18  stm32f4xx_usart.o(.text)
    USART_ITConfig                           0x080025db   Thumb Code    74  stm32f4xx_usart.o(.text)
    USART_GetFlagStatus                      0x08002625   Thumb Code    26  stm32f4xx_usart.o(.text)
    USART_ClearFlag                          0x0800263f   Thumb Code    18  stm32f4xx_usart.o(.text)
    USART_GetITStatus                        0x08002651   Thumb Code   118  stm32f4xx_usart.o(.text)
    USART_ClearITPendingBit                  0x080026c7   Thumb Code    30  stm32f4xx_usart.o(.text)
    USB_OTG_WritePacket                      0x08002785   Thumb Code    64  usb_core.o(.text)
    USB_OTG_ReadPacket                       0x080027c5   Thumb Code    40  usb_core.o(.text)
    USB_OTG_SelectCore                       0x080027ed   Thumb Code   204  usb_core.o(.text)
    USB_OTG_CoreInit                         0x080028b9   Thumb Code   294  usb_core.o(.text)
    USB_OTG_EnableGlobalInt                  0x080029df   Thumb Code    34  usb_core.o(.text)
    USB_OTG_DisableGlobalInt                 0x08002a01   Thumb Code    34  usb_core.o(.text)
    USB_OTG_FlushTxFifo                      0x08002a23   Thumb Code    80  usb_core.o(.text)
    USB_OTG_FlushRxFifo                      0x08002a73   Thumb Code    70  usb_core.o(.text)
    USB_OTG_SetCurrentMode                   0x08002ab9   Thumb Code    76  usb_core.o(.text)
    USB_OTG_GetMode                          0x08002b05   Thumb Code    20  usb_core.o(.text)
    USB_OTG_IsDeviceMode                     0x08002b19   Thumb Code    22  usb_core.o(.text)
    USB_OTG_IsHostMode                       0x08002b2f   Thumb Code    20  usb_core.o(.text)
    USB_OTG_ReadCoreItr                      0x08002b43   Thumb Code    16  usb_core.o(.text)
    USB_OTG_ReadOtgItr                       0x08002b53   Thumb Code     8  usb_core.o(.text)
    USB_OTG_EnableHostInt                    0x08002b5b   Thumb Code   116  usb_core.o(.text)
    USB_OTG_ReadHPRT0                        0x08002bcf   Thumb Code    48  usb_core.o(.text)
    USB_OTG_DriveVbus                        0x08002bff   Thumb Code    92  usb_core.o(.text)
    USB_OTG_ResetPort                        0x08002c5b   Thumb Code    64  usb_core.o(.text)
    USB_OTG_InitFSLSPClkSel                  0x08002c9b   Thumb Code    24  usb_core.o(.text)
    USB_OTG_CoreInitHost                     0x08002cb3   Thumb Code   214  usb_core.o(.text)
    USB_OTG_IsEvenFrame                      0x08002d89   Thumb Code    16  usb_core.o(.text)
    USB_OTG_ReadHostAllChannels_intr         0x08002d99   Thumb Code     8  usb_core.o(.text)
    USB_OTG_HC_Init                          0x08002da1   Thumb Code   568  usb_core.o(.text)
    USB_OTG_HC_StartXfer                     0x08002fd9   Thumb Code   502  usb_core.o(.text)
    USB_OTG_HC_Halt                          0x080031cf   Thumb Code   130  usb_core.o(.text)
    USB_OTG_HC_DoPing                        0x08003251   Thumb Code    90  usb_core.o(.text)
    USB_OTG_StopHost                         0x080032ab   Thumb Code    96  usb_core.o(.text)
    HCD_Init                                 0x0800330b   Thumb Code    96  usb_hcd.o(.text)
    HCD_GetCurrentSpeed                      0x0800336b   Thumb Code    20  usb_hcd.o(.text)
    HCD_ResetPort                            0x0800337f   Thumb Code    14  usb_hcd.o(.text)
    HCD_IsDeviceConnected                    0x0800338d   Thumb Code     8  usb_hcd.o(.text)
    HCD_GetCurrentFrame                      0x08003395   Thumb Code    10  usb_hcd.o(.text)
    HCD_GetURB_State                         0x0800339f   Thumb Code    10  usb_hcd.o(.text)
    HCD_GetXferCnt                           0x080033a9   Thumb Code    12  usb_hcd.o(.text)
    HCD_GetHCState                           0x080033b5   Thumb Code    10  usb_hcd.o(.text)
    HCD_HC_Init                              0x080033bf   Thumb Code    16  usb_hcd.o(.text)
    HCD_SubmitRequest                        0x080033cf   Thumb Code    32  usb_hcd.o(.text)
    USBH_OTG_ISR_Handler                     0x080041b7   Thumb Code   168  usb_hcd_int.o(.text)
    USBH_Connected                           0x08004265   Thumb Code    12  usbh_core.o(.text)
    USBH_Disconnected                        0x08004271   Thumb Code    12  usbh_core.o(.text)
    USBH_SOF                                 0x0800427d   Thumb Code     6  usbh_core.o(.text)
    USBH_DeInit                              0x08004283   Thumb Code    58  usbh_core.o(.text)
    USBH_Init                                0x080042bd   Thumb Code    68  usbh_core.o(.text)
    USBH_HandleControl                       0x08004301   Thumb Code   534  usbh_core.o(.text)
    USBH_ErrorHandle                         0x08004517   Thumb Code    46  usbh_core.o(.text)
    USBH_Process                             0x0800471d   Thumb Code   414  usbh_core.o(.text)
    USBH_Open_Channel                        0x080048bb   Thumb Code   154  usbh_hcs.o(.text)
    USBH_Modify_Channel                      0x08004955   Thumb Code   100  usbh_hcs.o(.text)
    USBH_GetFreeChannel                      0x080049b9   Thumb Code    40  usbh_hcs.o(.text)
    USBH_Alloc_Channel                       0x080049e1   Thumb Code    38  usbh_hcs.o(.text)
    USBH_Free_Channel                        0x08004a07   Thumb Code    30  usbh_hcs.o(.text)
    USBH_DeAllocate_AllChannel               0x08004a25   Thumb Code    28  usbh_hcs.o(.text)
    USBH_CtlReq                              0x08004a59   Thumb Code   100  usbh_ioreq.o(.text)
    USBH_CtlSendSetup                        0x08004abd   Thumb Code    66  usbh_ioreq.o(.text)
    USBH_CtlSendData                         0x08004aff   Thumb Code   110  usbh_ioreq.o(.text)
    USBH_CtlReceiveData                      0x08004b6d   Thumb Code    70  usbh_ioreq.o(.text)
    USBH_BulkSendData                        0x08004bb3   Thumb Code    94  usbh_ioreq.o(.text)
    USBH_BulkReceiveData                     0x08004c11   Thumb Code    96  usbh_ioreq.o(.text)
    USBH_InterruptReceiveData                0x08004c71   Thumb Code   120  usbh_ioreq.o(.text)
    USBH_InterruptSendData                   0x08004ce9   Thumb Code   118  usbh_ioreq.o(.text)
    USBH_IsocReceiveData                     0x08004d5f   Thumb Code    70  usbh_ioreq.o(.text)
    USBH_IsocSendData                        0x08004da5   Thumb Code    68  usbh_ioreq.o(.text)
    USBH_GetDescriptor                       0x08004e41   Thumb Code    68  usbh_stdreq.o(.text)
    USBH_Get_DevDesc                         0x08004e85   Thumb Code    56  usbh_stdreq.o(.text)
    USBH_GetNextDesc                         0x08004f03   Thumb Code    18  usbh_stdreq.o(.text)
    USBH_Get_CfgDesc                         0x08005027   Thumb Code    88  usbh_stdreq.o(.text)
    USBH_Get_StringDesc                      0x080050b5   Thumb Code    60  usbh_stdreq.o(.text)
    USBH_SetAddress                          0x080050f1   Thumb Code    38  usbh_stdreq.o(.text)
    USBH_SetCfg                              0x08005117   Thumb Code    38  usbh_stdreq.o(.text)
    USBH_SetInterface                        0x0800513d   Thumb Code    44  usbh_stdreq.o(.text)
    USBH_ClrFeature                          0x08005169   Thumb Code    76  usbh_stdreq.o(.text)
    USBH_Set_Report                          0x0800560b   Thumb Code    52  usbh_hid_core.o(.text)
    USB_OTG_BSP_Init                         0x08005855   Thumb Code   112  usb_bsp_usr.o(.text)
    USB_OTG_BSP_EnableInterrupt              0x080058c5   Thumb Code    36  usb_bsp_usr.o(.text)
    USB_OTG_BSP_DisableInterrupt             0x080058e9   Thumb Code     2  usb_bsp_usr.o(.text)
    USB_OTG_BSP_ConfigVBUS                   0x080058eb   Thumb Code     2  usb_bsp_usr.o(.text)
    USB_OTG_BSP_DriveVBUS                    0x080058ed   Thumb Code     2  usb_bsp_usr.o(.text)
    USB_OTG_BSP_uDelay                       0x080058ef   Thumb Code    12  usb_bsp_usr.o(.text)
    USB_OTG_BSP_mDelay                       0x080058fb   Thumb Code    12  usb_bsp_usr.o(.text)
    USBH_Msg_Show                            0x08005911   Thumb Code     2  usb_hid_usr.o(.text)
    OTG_FS_IRQHandler                        0x08005913   Thumb Code    10  usb_hid_usr.o(.text)
    USBH_USR_Init                            0x0800591d   Thumb Code     2  usb_hid_usr.o(.text)
    USBH_USR_DeviceAttached                  0x0800591f   Thumb Code     2  usb_hid_usr.o(.text)
    USBH_USR_DeviceDisconnected              0x08005921   Thumb Code    16  usb_hid_usr.o(.text)
    USBH_USR_ResetDevice                     0x08005931   Thumb Code     2  usb_hid_usr.o(.text)
    USBH_USR_DeviceSpeedDetected             0x08005933   Thumb Code     2  usb_hid_usr.o(.text)
    USBH_USR_Device_DescAvailable            0x08005935   Thumb Code     2  usb_hid_usr.o(.text)
    USBH_USR_DeviceAddressAssigned           0x08005937   Thumb Code     2  usb_hid_usr.o(.text)
    USBH_USR_Configuration_DescAvailable     0x08005939   Thumb Code     2  usb_hid_usr.o(.text)
    USBH_USR_Manufacturer_String             0x0800593b   Thumb Code     2  usb_hid_usr.o(.text)
    USBH_USR_Product_String                  0x0800593d   Thumb Code     2  usb_hid_usr.o(.text)
    USBH_USR_SerialNum_String                0x0800593f   Thumb Code     2  usb_hid_usr.o(.text)
    USBH_USR_EnumerationDone                 0x08005941   Thumb Code     2  usb_hid_usr.o(.text)
    USBH_USR_DeviceNotSupported              0x08005943   Thumb Code    10  usb_hid_usr.o(.text)
    USBH_USR_UserInput                       0x0800594d   Thumb Code     8  usb_hid_usr.o(.text)
    USBH_USR_OverCurrentDetected             0x08005955   Thumb Code     2  usb_hid_usr.o(.text)
    USBH_USR_DeInit                          0x08005957   Thumb Code     2  usb_hid_usr.o(.text)
    USBH_USR_UnrecoveredError                0x08005959   Thumb Code     2  usb_hid_usr.o(.text)
    USR_Logitech_Init                        0x0800595b   Thumb Code    10  usb_hid_usr.o(.text)
    USR_MOUSE_Init                           0x08005965   Thumb Code    16  usb_hid_usr.o(.text)
    USR_KEYBRD_Init                          0x08005975   Thumb Code    16  usb_hid_usr.o(.text)
    USR_Logitech_ProcessData                 0x08005985   Thumb Code    12  usb_hid_usr.o(.text)
    USR_MOUSE_ProcessData                    0x08005991   Thumb Code   298  usb_hid_usr.o(.text)
    USR_KEYBRD_ProcessData                   0x08005abb   Thumb Code   112  usb_hid_usr.o(.text)
    USBH_Check_HIDCommDead                   0x08005b2b   Thumb Code    24  usb_hid_usr.o(.text)
    USBH_Check_EnumeDead                     0x08005b43   Thumb Code    84  usb_hid_usr.o(.text)
    __use_no_semihosting                     0x08005bf9   Thumb Code     2  use_no_semi_2.o(.text)
    __2sprintf                               0x08005bfd   Thumb Code    34  noretval__2sprintf.o(.text)
    _printf_pre_padding                      0x08005c25   Thumb Code    44  _printf_pad.o(.text)
    _printf_post_padding                     0x08005c51   Thumb Code    34  _printf_pad.o(.text)
    _printf_int_hex                          0x08005c75   Thumb Code    84  _printf_hex_int.o(.text)
    _printf_longlong_hex                     0x08005c75   Thumb Code     0  _printf_hex_int.o(.text)
    __printf                                 0x08005ccd   Thumb Code   308  __printf_flags_wp.o(.text)
    strcat                                   0x08005e05   Thumb Code    24  strcat.o(.text)
    __aeabi_memclr4                          0x08005e1d   Thumb Code     0  rt_memclr_w.o(.text)
    __aeabi_memclr8                          0x08005e1d   Thumb Code     0  rt_memclr_w.o(.text)
    __rt_memclr_w                            0x08005e1d   Thumb Code    78  rt_memclr_w.o(.text)
    _memset_w                                0x08005e21   Thumb Code     0  rt_memclr_w.o(.text)
    __use_two_region_memory                  0x08005e6b   Thumb Code     2  heapauxi.o(.text)
    __rt_heap_escrow$2region                 0x08005e6d   Thumb Code     2  heapauxi.o(.text)
    __rt_heap_expand$2region                 0x08005e6f   Thumb Code     2  heapauxi.o(.text)
    __I$use$semihosting                      0x08005e71   Thumb Code     0  use_no_semi.o(.text)
    __use_no_semihosting_swi                 0x08005e71   Thumb Code     2  use_no_semi.o(.text)
    _printf_int_common                       0x08005e73   Thumb Code   178  _printf_intcommon.o(.text)
    _printf_char_common                      0x08005f2f   Thumb Code    32  _printf_char_common.o(.text)
    _sputc                                   0x08005f55   Thumb Code    10  _sputc.o(.text)
    __user_setup_stackheap                   0x08005f5f   Thumb Code    74  sys_stackheap_outer.o(.text)
    exit                                     0x08005fa9   Thumb Code    18  exit.o(.text)
    __user_libspace                          0x08005fbd   Thumb Code     8  libspace.o(.text)
    __user_perproc_libspace                  0x08005fbd   Thumb Code     0  libspace.o(.text)
    __user_perthread_libspace                0x08005fbd   Thumb Code     0  libspace.o(.text)
    _is_digit                                0x08005fc5   Thumb Code    14  __printf_wp.o(i._is_digit)
    _fp_init                                 0x08005fd3   Thumb Code    10  fpinit.o(x$fpl$fpinit)
    __fplib_config_fpu_vfp                   0x08005fdb   Thumb Code     0  fpinit.o(x$fpl$fpinit)
    __fplib_config_pureend_doubles           0x08005fdb   Thumb Code     0  fpinit.o(x$fpl$fpinit)
    Region$$Table$$Base                      0x08006204   Number         0  anon$$obj.o(Region$$Table)
    Region$$Table$$Limit                     0x08006224   Number         0  anon$$obj.o(Region$$Table)
    serval                                   0x20000000   Data           1  main.o(.data)
    SystemCoreClock                          0x20000004   Data           4  system_stm32f4xx.o(.data)
    AHBPrescTable                            0x20000008   Data          16  system_stm32f4xx.o(.data)
    __stdout                                 0x2000001c   Data           4  usart.o(.data)
    USART_RX_STA                             0x20000020   Data           2  usart.o(.data)
    USBH_HCD_INT_cb                          0x20000034   Data          12  usbh_core.o(.data)
    USBH_HCD_INT_fops                        0x20000040   Data           4  usbh_core.o(.data)
    HID_Setup                                0x2000004c   Data           8  usbh_hid_core.o(.data)
    start_toggle                             0x20000054   Data           1  usbh_hid_core.o(.data)
    CLASS_cb                                 0x20000058   Data          16  usbh_hid_core.o(.data)
    HID_KEYBRD_cb                            0x20000068   Data           8  usbh_hid_keybd.o(.data)
    HID_MOUSE_Data                           0x20000088   Data           4  usbh_hid_mouse.o(.data)
    HID_MOUSE_cb                             0x2000008c   Data           8  usbh_hid_mouse.o(.data)
    HID_Logitech_cb                          0x20000094   Data           8  usbh_hid_logitech.o(.data)
    USB_FIRST_PLUGIN_FLAG                    0x2000009c   Data           1  usb_hid_usr.o(.data)
    UsbDeviceState                           0x2000009d   Data           1  usb_hid_usr.o(.data)
    USR_cb                                   0x200000a0   Data          72  usb_hid_usr.o(.data)
    USB_Host                                 0x200000f4   Data         132  main.o(.bss)
    USB_OTG_Core_dev                         0x20000178   Data        1452  main.o(.bss)
    values                                   0x20000724   Data          32  serial_bus.o(.bss)
    USART_RX_BUF                             0x20000744   Data         200  usart.o(.bss)
    USBH_CfgDesc                             0x2000080c   Data         512  usbh_stdreq.o(.bss)
    HID_Machine                              0x20000a0c   Data          84  usbh_hid_core.o(.bss)
    HID_Report                               0x20000a60   Data          72  usbh_hid_core.o(.bss)
    HID_Desc                                 0x20000aa8   Data          10  usbh_hid_core.o(.bss)
    Logitech_Data                            0x20000ab2   Data          10  usbh_hid_logitech.o(.bss)
    tbuf                                     0x20000abc   Data        2017  usb_hid_usr.o(.bss)
    __libspace_start                         0x200012a0   Data          96  libspace.o(.bss)
    __temporary_stack_top$libspace           0x20001300   Data           0  libspace.o(.bss)



==============================================================================

Memory Map of the image

  Image Entry point : 0x08000189

  Load Region LR_IROM1 (Base: 0x08000000, Size: 0x00006318, Max: 0x00100000, ABSOLUTE)

    Execution Region ER_IROM1 (Exec base: 0x08000000, Load base: 0x08000000, Size: 0x00006224, Max: 0x00100000, ABSOLUTE)

    Exec Addr    Load Addr    Size         Type   Attr      Idx    E Section Name        Object

    0x08000000   0x08000000   0x00000188   Data   RO          499    RESET               startup_stm32f40_41xxx.o
    0x08000188   0x08000188   0x00000008   Code   RO         1667  * !!!main             c_w.l(__main.o)
    0x08000190   0x08000190   0x00000034   Code   RO         1831    !!!scatter          c_w.l(__scatter.o)
    0x080001c4   0x080001c4   0x0000001a   Code   RO         1833    !!handler_copy      c_w.l(__scatter_copy.o)
    0x080001de   0x080001de   0x00000002   PAD
    0x080001e0   0x080001e0   0x0000001c   Code   RO         1835    !!handler_zi        c_w.l(__scatter_zi.o)
    0x080001fc   0x080001fc   0x00000000   Code   RO         1660    .ARM.Collect$$_printf_percent$$00000000  c_w.l(_printf_percent.o)
    0x080001fc   0x080001fc   0x00000006   Code   RO         1659    .ARM.Collect$$_printf_percent$$0000000C  c_w.l(_printf_x.o)
    0x08000202   0x08000202   0x00000004   Code   RO         1678    .ARM.Collect$$_printf_percent$$00000017  c_w.l(_printf_percent_end.o)
    0x08000206   0x08000206   0x00000002   Code   RO         1705    .ARM.Collect$$libinit$$00000000  c_w.l(libinit.o)
    0x08000208   0x08000208   0x00000004   Code   RO         1711    .ARM.Collect$$libinit$$00000001  c_w.l(libinit2.o)
    0x0800020c   0x0800020c   0x00000000   Code   RO         1714    .ARM.Collect$$libinit$$00000004  c_w.l(libinit2.o)
    0x0800020c   0x0800020c   0x00000000   Code   RO         1717    .ARM.Collect$$libinit$$0000000A  c_w.l(libinit2.o)
    0x0800020c   0x0800020c   0x00000000   Code   RO         1719    .ARM.Collect$$libinit$$0000000C  c_w.l(libinit2.o)
    0x0800020c   0x0800020c   0x00000000   Code   RO         1721    .ARM.Collect$$libinit$$0000000E  c_w.l(libinit2.o)
    0x0800020c   0x0800020c   0x00000000   Code   RO         1724    .ARM.Collect$$libinit$$00000011  c_w.l(libinit2.o)
    0x0800020c   0x0800020c   0x00000000   Code   RO         1726    .ARM.Collect$$libinit$$00000013  c_w.l(libinit2.o)
    0x0800020c   0x0800020c   0x00000000   Code   RO         1728    .ARM.Collect$$libinit$$00000015  c_w.l(libinit2.o)
    0x0800020c   0x0800020c   0x00000000   Code   RO         1730    .ARM.Collect$$libinit$$00000017  c_w.l(libinit2.o)
    0x0800020c   0x0800020c   0x00000000   Code   RO         1732    .ARM.Collect$$libinit$$00000019  c_w.l(libinit2.o)
    0x0800020c   0x0800020c   0x00000000   Code   RO         1734    .ARM.Collect$$libinit$$0000001B  c_w.l(libinit2.o)
    0x0800020c   0x0800020c   0x00000000   Code   RO         1736    .ARM.Collect$$libinit$$0000001D  c_w.l(libinit2.o)
    0x0800020c   0x0800020c   0x00000000   Code   RO         1738    .ARM.Collect$$libinit$$0000001F  c_w.l(libinit2.o)
    0x0800020c   0x0800020c   0x00000000   Code   RO         1740    .ARM.Collect$$libinit$$00000021  c_w.l(libinit2.o)
    0x0800020c   0x0800020c   0x00000000   Code   RO         1742    .ARM.Collect$$libinit$$00000023  c_w.l(libinit2.o)
    0x0800020c   0x0800020c   0x00000000   Code   RO         1744    .ARM.Collect$$libinit$$00000025  c_w.l(libinit2.o)
    0x0800020c   0x0800020c   0x00000000   Code   RO         1748    .ARM.Collect$$libinit$$0000002C  c_w.l(libinit2.o)
    0x0800020c   0x0800020c   0x00000000   Code   RO         1750    .ARM.Collect$$libinit$$0000002E  c_w.l(libinit2.o)
    0x0800020c   0x0800020c   0x00000000   Code   RO         1752    .ARM.Collect$$libinit$$00000030  c_w.l(libinit2.o)
    0x0800020c   0x0800020c   0x00000000   Code   RO         1754    .ARM.Collect$$libinit$$00000032  c_w.l(libinit2.o)
    0x0800020c   0x0800020c   0x00000002   Code   RO         1755    .ARM.Collect$$libinit$$00000033  c_w.l(libinit2.o)
    0x0800020e   0x0800020e   0x00000002   Code   RO         1773    .ARM.Collect$$libshutdown$$00000000  c_w.l(libshutdown.o)
    0x08000210   0x08000210   0x00000000   Code   RO         1783    .ARM.Collect$$libshutdown$$00000002  c_w.l(libshutdown2.o)
    0x08000210   0x08000210   0x00000000   Code   RO         1785    .ARM.Collect$$libshutdown$$00000004  c_w.l(libshutdown2.o)
    0x08000210   0x08000210   0x00000000   Code   RO         1788    .ARM.Collect$$libshutdown$$00000007  c_w.l(libshutdown2.o)
    0x08000210   0x08000210   0x00000000   Code   RO         1791    .ARM.Collect$$libshutdown$$0000000A  c_w.l(libshutdown2.o)
    0x08000210   0x08000210   0x00000000   Code   RO         1793    .ARM.Collect$$libshutdown$$0000000C  c_w.l(libshutdown2.o)
    0x08000210   0x08000210   0x00000000   Code   RO         1796    .ARM.Collect$$libshutdown$$0000000F  c_w.l(libshutdown2.o)
    0x08000210   0x08000210   0x00000002   Code   RO         1797    .ARM.Collect$$libshutdown$$00000010  c_w.l(libshutdown2.o)
    0x08000212   0x08000212   0x00000000   Code   RO         1671    .ARM.Collect$$rtentry$$00000000  c_w.l(__rtentry.o)
    0x08000212   0x08000212   0x00000000   Code   RO         1680    .ARM.Collect$$rtentry$$00000002  c_w.l(__rtentry2.o)
    0x08000212   0x08000212   0x00000006   Code   RO         1692    .ARM.Collect$$rtentry$$00000004  c_w.l(__rtentry4.o)
    0x08000218   0x08000218   0x00000000   Code   RO         1682    .ARM.Collect$$rtentry$$00000009  c_w.l(__rtentry2.o)
    0x08000218   0x08000218   0x00000004   Code   RO         1683    .ARM.Collect$$rtentry$$0000000A  c_w.l(__rtentry2.o)
    0x0800021c   0x0800021c   0x00000000   Code   RO         1685    .ARM.Collect$$rtentry$$0000000C  c_w.l(__rtentry2.o)
    0x0800021c   0x0800021c   0x00000008   Code   RO         1686    .ARM.Collect$$rtentry$$0000000D  c_w.l(__rtentry2.o)
    0x08000224   0x08000224   0x00000002   Code   RO         1709    .ARM.Collect$$rtexit$$00000000  c_w.l(rtexit.o)
    0x08000226   0x08000226   0x00000000   Code   RO         1757    .ARM.Collect$$rtexit$$00000002  c_w.l(rtexit2.o)
    0x08000226   0x08000226   0x00000004   Code   RO         1758    .ARM.Collect$$rtexit$$00000003  c_w.l(rtexit2.o)
    0x0800022a   0x0800022a   0x00000006   Code   RO         1759    .ARM.Collect$$rtexit$$00000004  c_w.l(rtexit2.o)
    0x08000230   0x08000230   0x000001a0   Code   RO            3    .text               main.o
    0x080003d0   0x080003d0   0x0000001a   Code   RO          219    .text               stm32f4xx_it.o
    0x080003ea   0x080003ea   0x00000002   PAD
    0x080003ec   0x080003ec   0x00000210   Code   RO          268    .text               system_stm32f4xx.o
    0x080005fc   0x080005fc   0x00000040   Code   RO          294    .text               led.o
    0x0800063c   0x0800063c   0x000000cc   Code   RO          345    .text               timer_delay.o
    0x08000708   0x08000708   0x00000288   Code   RO          369    .text               serial_bus.o
    0x08000990   0x08000990   0x00000104   Code   RO          420    .text               delay.o
    0x08000a94   0x08000a94   0x00000148   Code   RO          468    .text               usart.o
    0x08000bdc   0x08000bdc   0x00000040   Code   RO          500    .text               startup_stm32f40_41xxx.o
    0x08000c1c   0x08000c1c   0x000000e0   Code   RO          506    .text               misc.o
    0x08000cfc   0x08000cfc   0x00000294   Code   RO          855    .text               stm32f4xx_gpio.o
    0x08000f90   0x08000f90   0x0000065c   Code   RO         1018    .text               stm32f4xx_rcc.o
    0x080015ec   0x080015ec   0x00000ca2   Code   RO         1163    .text               stm32f4xx_tim.o
    0x0800228e   0x0800228e   0x00000002   PAD
    0x08002290   0x08002290   0x00000454   Code   RO         1183    .text               stm32f4xx_usart.o
    0x080026e4   0x080026e4   0x00000c26   Code   RO         1223    .text               usb_core.o
    0x0800330a   0x0800330a   0x000000e4   Code   RO         1243    .text               usb_hcd.o
    0x080033ee   0x080033ee   0x00000002   PAD
    0x080033f0   0x080033f0   0x00000e74   Code   RO         1263    .text               usb_hcd_int.o
    0x08004264   0x08004264   0x00000656   Code   RO         1287    .text               usbh_core.o
    0x080048ba   0x080048ba   0x00000186   Code   RO         1323    .text               usbh_hcs.o
    0x08004a40   0x08004a40   0x000003a8   Code   RO         1347    .text               usbh_ioreq.o
    0x08004de8   0x08004de8   0x000003d8   Code   RO         1371    .text               usbh_stdreq.o
    0x080051c0   0x080051c0   0x00000484   Code   RO         1402    .text               usbh_hid_core.o
    0x08005644   0x08005644   0x0000015c   Code   RO         1445    .text               usbh_hid_keybd.o
    0x080057a0   0x080057a0   0x00000060   Code   RO         1479    .text               usbh_hid_mouse.o
    0x08005800   0x08005800   0x00000054   Code   RO         1509    .text               usbh_hid_logitech.o
    0x08005854   0x08005854   0x000000bc   Code   RO         1540    .text               usb_bsp_usr.o
    0x08005910   0x08005910   0x000002e8   Code   RO         1564    .text               usb_hid_usr.o
    0x08005bf8   0x08005bf8   0x00000002   Code   RO         1608    .text               c_w.l(use_no_semi_2.o)
    0x08005bfa   0x08005bfa   0x00000002   PAD
    0x08005bfc   0x08005bfc   0x00000028   Code   RO         1612    .text               c_w.l(noretval__2sprintf.o)
    0x08005c24   0x08005c24   0x0000004e   Code   RO         1616    .text               c_w.l(_printf_pad.o)
    0x08005c72   0x08005c72   0x00000002   PAD
    0x08005c74   0x08005c74   0x00000058   Code   RO         1621    .text               c_w.l(_printf_hex_int.o)
    0x08005ccc   0x08005ccc   0x00000138   Code   RO         1651    .text               c_w.l(__printf_flags_wp.o)
    0x08005e04   0x08005e04   0x00000018   Code   RO         1661    .text               c_w.l(strcat.o)
    0x08005e1c   0x08005e1c   0x0000004e   Code   RO         1663    .text               c_w.l(rt_memclr_w.o)
    0x08005e6a   0x08005e6a   0x00000006   Code   RO         1665    .text               c_w.l(heapauxi.o)
    0x08005e70   0x08005e70   0x00000002   Code   RO         1669    .text               c_w.l(use_no_semi.o)
    0x08005e72   0x08005e72   0x000000b2   Code   RO         1672    .text               c_w.l(_printf_intcommon.o)
    0x08005f24   0x08005f24   0x00000030   Code   RO         1674    .text               c_w.l(_printf_char_common.o)
    0x08005f54   0x08005f54   0x0000000a   Code   RO         1676    .text               c_w.l(_sputc.o)
    0x08005f5e   0x08005f5e   0x0000004a   Code   RO         1696    .text               c_w.l(sys_stackheap_outer.o)
    0x08005fa8   0x08005fa8   0x00000012   Code   RO         1698    .text               c_w.l(exit.o)
    0x08005fba   0x08005fba   0x00000002   PAD
    0x08005fbc   0x08005fbc   0x00000008   Code   RO         1706    .text               c_w.l(libspace.o)
    0x08005fc4   0x08005fc4   0x0000000e   Code   RO         1649    i._is_digit         c_w.l(__printf_wp.o)
    0x08005fd2   0x08005fd2   0x0000000a   Code   RO         1765    x$fpl$fpinit        fz_wm.l(fpinit.o)
    0x08005fdc   0x08005fdc   0x000001ec   Data   RO         1446    .constdata          usbh_hid_keybd.o
    0x080061c8   0x080061c8   0x00000028   Data   RO         1622    .constdata          c_w.l(_printf_hex_int.o)
    0x080061f0   0x080061f0   0x00000011   Data   RO         1652    .constdata          c_w.l(__printf_flags_wp.o)
    0x08006201   0x08006201   0x00000003   PAD
    0x08006204   0x08006204   0x00000020   Data   RO         1829    Region$$Table       anon$$obj.o


    Execution Region RW_IRAM1 (Exec base: 0x20000000, Load base: 0x08006224, Size: 0x00001900, Max: 0x00020000, ABSOLUTE)

    Exec Addr    Load Addr    Size         Type   Attr      Idx    E Section Name        Object

    0x20000000   0x08006224   0x00000001   Data   RW            5    .data               main.o
    0x20000001   0x08006225   0x00000003   PAD
    0x20000004   0x08006228   0x00000014   Data   RW          269    .data               system_stm32f4xx.o
    0x20000018   0x0800623c   0x00000004   Data   RW          421    .data               delay.o
    0x2000001c   0x08006240   0x00000006   Data   RW          470    .data               usart.o
    0x20000022   0x08006246   0x00000010   Data   RW         1019    .data               stm32f4xx_rcc.o
    0x20000032   0x08006256   0x00000002   PAD
    0x20000034   0x08006258   0x00000012   Data   RW         1288    .data               usbh_core.o
    0x20000046   0x0800626a   0x00000003   Data   RW         1373    .data               usbh_stdreq.o
    0x20000049   0x0800626d   0x00000003   PAD
    0x2000004c   0x08006270   0x0000001c   Data   RW         1404    .data               usbh_hid_core.o
    0x20000068   0x0800628c   0x0000001f   Data   RW         1447    .data               usbh_hid_keybd.o
    0x20000087   0x080062ab   0x00000001   PAD
    0x20000088   0x080062ac   0x0000000c   Data   RW         1480    .data               usbh_hid_mouse.o
    0x20000094   0x080062b8   0x00000008   Data   RW         1511    .data               usbh_hid_logitech.o
    0x2000009c   0x080062c0   0x00000058   Data   RW         1566    .data               usb_hid_usr.o
    0x200000f4        -       0x00000630   Zero   RW            4    .bss                main.o
    0x20000724        -       0x00000020   Zero   RW          370    .bss                serial_bus.o
    0x20000744        -       0x000000c8   Zero   RW          469    .bss                usart.o
    0x2000080c        -       0x00000200   Zero   RW         1372    .bss                usbh_stdreq.o
    0x20000a0c        -       0x000000a6   Zero   RW         1403    .bss                usbh_hid_core.o
    0x20000ab2        -       0x0000000a   Zero   RW         1510    .bss                usbh_hid_logitech.o
    0x20000abc        -       0x000007e1   Zero   RW         1565    .bss                usb_hid_usr.o
    0x2000129d   0x08006318   0x00000003   PAD
    0x200012a0        -       0x00000060   Zero   RW         1707    .bss                c_w.l(libspace.o)
    0x20001300        -       0x00000200   Zero   RW          498    HEAP                startup_stm32f40_41xxx.o
    0x20001500        -       0x00000400   Zero   RW          497    STACK               startup_stm32f40_41xxx.o


==============================================================================

Image component sizes


      Code (inc. data)   RO Data    RW Data    ZI Data      Debug   Object Name

       260          8          0          4          0       1617   delay.o
        64          4          0          0          0        591   led.o
       416         48          0          1       1584     315268   main.o
       224         20          0          0          0       2073   misc.o
       648         28          0          0         32       3224   serial_bus.o
        64         26        392          0       1536        888   startup_stm32f40_41xxx.o
       660         44          0          0          0       4413   stm32f4xx_gpio.o
        26          0          0          0          0       1290   stm32f4xx_it.o
      1628         52          0         16          0      13356   stm32f4xx_rcc.o
      3234         60          0          0          0      23272   stm32f4xx_tim.o
      1108         34          0          0          0       8136   stm32f4xx_usart.o
       528         46          0         20          0       2099   system_stm32f4xx.o
       204          4          0          0          0       1367   timer_delay.o
       328         16          0          6        200       3634   usart.o
       188         10          0          0          0       2699   usb_bsp_usr.o
      3110          8          0          0          0      10666   usb_core.o
       228          0          0          0          0       3588   usb_hcd.o
      3700         10          0          0          0       7055   usb_hcd_int.o
       744         98          0         88       2017       8113   usb_hid_usr.o
      1622         44          0         18          0       9783   usbh_core.o
       390          0          0          0          0       3176   usbh_hcs.o
      1156         36          0         28        166       8136   usbh_hid_core.o
       348         44        492         31          0       5427   usbh_hid_keybd.o
        84          6          0          8         10       2470   usbh_hid_logitech.o
        96          8          0         12          0       2300   usbh_hid_mouse.o
       936          0          0          0          0       5088   usbh_ioreq.o
       984         12          0          3        512       6581   usbh_stdreq.o

    ----------------------------------------------------------------------
     22984        666        916        244       6060     456310   Object Totals
         0          0         32          0          0          0   (incl. Generated)
         6          0          0          9          3          0   (incl. Padding)

    ----------------------------------------------------------------------

      Code (inc. data)   RO Data    RW Data    ZI Data      Debug   Library Member Name

         8          0          0          0          0         68   __main.o
       312          4         17          0          0         92   __printf_flags_wp.o
        14          0          0          0          0         68   __printf_wp.o
         0          0          0          0          0          0   __rtentry.o
        12          0          0          0          0          0   __rtentry2.o
         6          0          0          0          0          0   __rtentry4.o
        52          8          0          0          0          0   __scatter.o
        26          0          0          0          0          0   __scatter_copy.o
        28          0          0          0          0          0   __scatter_zi.o
        48          6          0          0          0         96   _printf_char_common.o
        88          4         40          0          0         88   _printf_hex_int.o
       178          0          0          0          0         88   _printf_intcommon.o
        78          0          0          0          0        108   _printf_pad.o
         0          0          0          0          0          0   _printf_percent.o
         4          0          0          0          0          0   _printf_percent_end.o
         6          0          0          0          0          0   _printf_x.o
        10          0          0          0          0         68   _sputc.o
        18          0          0          0          0         80   exit.o
         6          0          0          0          0        152   heapauxi.o
         2          0          0          0          0          0   libinit.o
         6          0          0          0          0          0   libinit2.o
         2          0          0          0          0          0   libshutdown.o
         2          0          0          0          0          0   libshutdown2.o
         8          4          0          0         96         68   libspace.o
        40          6          0          0          0         84   noretval__2sprintf.o
        78          0          0          0          0         80   rt_memclr_w.o
         2          0          0          0          0          0   rtexit.o
        10          0          0          0          0          0   rtexit2.o
        24          0          0          0          0         68   strcat.o
        74          0          0          0          0         80   sys_stackheap_outer.o
         2          0          0          0          0         68   use_no_semi.o
         2          0          0          0          0         68   use_no_semi_2.o
        10          0          0          0          0        116   fpinit.o

    ----------------------------------------------------------------------
      1164         32         60          0         96       1540   Library Totals
         8          0          3          0          0          0   (incl. Padding)

    ----------------------------------------------------------------------

      Code (inc. data)   RO Data    RW Data    ZI Data      Debug   Library Name

      1146         32         57          0         96       1424   c_w.l
        10          0          0          0          0        116   fz_wm.l

    ----------------------------------------------------------------------
      1164         32         60          0         96       1540   Library Totals

    ----------------------------------------------------------------------

==============================================================================


      Code (inc. data)   RO Data    RW Data    ZI Data      Debug   

     24148        698        976        244       6156     451574   Grand Totals
     24148        698        976        244       6156     451574   ELF Image Totals
     24148        698        976        244          0          0   ROM Totals

==============================================================================

    Total RO  Size (Code + RO Data)                25124 (  24.54kB)
    Total RW  Size (RW Data + ZI Data)              6400 (   6.25kB)
    Total ROM Size (Code + RO Data + RW Data)      25368 (  24.77kB)

==============================================================================

