Component: ARM Compiler 5.06 update 6 (build 750) Tool: armlink [4d35ed]

==============================================================================

Section Cross References

    startup_stm32f10x_md.o(RESET) refers to startup_stm32f10x_md.o(STACK) for __initial_sp
    startup_stm32f10x_md.o(RESET) refers to startup_stm32f10x_md.o(.text) for Reset_Handler
    startup_stm32f10x_md.o(RESET) refers to stm32f10x_it.o(.text) for NMI_Handler
    startup_stm32f10x_md.o(RESET) refers to rtc.o(.text) for RTC_IRQHandler
    startup_stm32f10x_md.o(RESET) refers to usart.o(.text) for USART1_IRQHandler
    startup_stm32f10x_md.o(.text) refers to system_stm32f10x.o(.text) for SystemInit
    startup_stm32f10x_md.o(.text) refers to entry.o(.ARM.Collect$$$$00000000) for __main
    main.o(.text) refers to system_stm32f10x.o(.text) for SystemInit
    main.o(.text) refers to delay.o(.text) for delay_init
    main.o(.text) refers to misc.o(.text) for NVIC_PriorityGroupConfig
    main.o(.text) refers to gpio_jtag.o(.text) for JTAG_SWD_GPIO_Config
    main.o(.text) refers to led4pin.o(.text) for led4pin_Init
    main.o(.text) refers to ds18b20.o(.text) for DS18B20_Init
    main.o(.text) refers to rtc.o(.text) for RTC_Init
    main.o(.text) refers to stm32f10x_pwr.o(.text) for PWR_EnterSTANDBYMode
    stm32f10x_gpio.o(.text) refers to stm32f10x_rcc.o(.text) for RCC_APB2PeriphResetCmd
    stm32f10x_rcc.o(.text) refers to stm32f10x_rcc.o(.data) for APBAHBPrescTable
    stm32f10x_usart.o(.text) refers to stm32f10x_rcc.o(.text) for RCC_APB2PeriphResetCmd
    stm32f10x_adc.o(.text) refers to stm32f10x_rcc.o(.text) for RCC_APB2PeriphResetCmd
    stm32f10x_tim.o(.text) refers to stm32f10x_rcc.o(.text) for RCC_APB2PeriphResetCmd
    stm32f10x_wwdg.o(.text) refers to stm32f10x_rcc.o(.text) for RCC_APB1PeriphResetCmd
    stm32f10x_spi.o(.text) refers to stm32f10x_rcc.o(.text) for RCC_APB2PeriphResetCmd
    stm32f10x_pwr.o(.text) refers to stm32f10x_rcc.o(.text) for RCC_APB1PeriphResetCmd
    stm32f10x_i2c.o(.text) refers to stm32f10x_rcc.o(.text) for RCC_APB1PeriphResetCmd
    stm32f10x_dac.o(.text) refers to stm32f10x_rcc.o(.text) for RCC_APB1PeriphResetCmd
    stm32f10x_can.o(.text) refers to stm32f10x_rcc.o(.text) for RCC_APB1PeriphResetCmd
    stm32f10x_bkp.o(.text) refers to stm32f10x_rcc.o(.text) for RCC_BackupResetCmd
    delay.o(.text) refers to misc.o(.text) for SysTick_CLKSourceConfig
    delay.o(.text) refers to delay.o(.data) for fac_us
    usart.o(.text) refers to stm32f10x_usart.o(.text) for USART_SendData
    usart.o(.text) refers to stm32f10x_rcc.o(.text) for RCC_APB2PeriphClockCmd
    usart.o(.text) refers to stm32f10x_gpio.o(.text) for GPIO_Init
    usart.o(.text) refers to misc.o(.text) for NVIC_Init
    usart.o(.text) refers to usart.o(.data) for USART1_RX_STA
    usart.o(.text) refers to usart.o(.bss) for USART1_RX_BUF
    gpio_jtag.o(.text) refers to stm32f10x_rcc.o(.text) for RCC_APB2PeriphClockCmd
    gpio_jtag.o(.text) refers to stm32f10x_gpio.o(.text) for GPIO_PinRemapConfig
    ds18b20.o(.text) refers to delay.o(.text) for delay_us
    ds18b20.o(.text) refers to stm32f10x_rcc.o(.text) for RCC_APB2PeriphClockCmd
    ds18b20.o(.text) refers to stm32f10x_gpio.o(.text) for GPIO_Init
    ds18b20.o(.text) refers to fflti.o(.text) for __aeabi_i2f
    ds18b20.o(.text) refers to f2d.o(.text) for __aeabi_f2d
    ds18b20.o(.text) refers to dmul.o(.text) for __aeabi_dmul
    ds18b20.o(.text) refers to dadd.o(.text) for __aeabi_dadd
    ds18b20.o(.text) refers to dfixi.o(.text) for __aeabi_d2iz
    led4pin.o(.text) refers to stm32f10x_rcc.o(.text) for RCC_APB2PeriphClockCmd
    led4pin.o(.text) refers to stm32f10x_gpio.o(.text) for GPIO_Init
    led4pin.o(.text) refers to memcpya.o(.text) for __aeabi_memcpy4
    rtc.o(.text) refers to misc.o(.text) for NVIC_Init
    rtc.o(.text) refers to stm32f10x_rtc.o(.text) for RTC_GetCounter
    rtc.o(.text) refers to stm32f10x_rcc.o(.text) for RCC_APB1PeriphClockCmd
    rtc.o(.text) refers to stm32f10x_pwr.o(.text) for PWR_BackupAccessCmd
    rtc.o(.text) refers to stm32f10x_bkp.o(.text) for BKP_ReadBackupRegister
    rtc.o(.text) refers to delay.o(.text) for delay_ms
    rtc.o(.text) refers to rtc.o(.constdata) for table_week
    rtc.o(.text) refers to rtc.o(.bss) for calendar
    entry.o(.ARM.Collect$$$$00000000) refers (Special) to entry10a.o(.ARM.Collect$$$$0000000D) for __rt_final_cpp
    entry.o(.ARM.Collect$$$$00000000) refers (Special) to entry11a.o(.ARM.Collect$$$$0000000F) for __rt_final_exit
    entry.o(.ARM.Collect$$$$00000000) refers (Special) to entry7b.o(.ARM.Collect$$$$00000008) for _main_clock
    entry.o(.ARM.Collect$$$$00000000) refers (Special) to entry8b.o(.ARM.Collect$$$$0000000A) for _main_cpp_init
    entry.o(.ARM.Collect$$$$00000000) refers (Special) to entry9a.o(.ARM.Collect$$$$0000000B) for _main_init
    entry.o(.ARM.Collect$$$$00000000) refers (Special) to entry5.o(.ARM.Collect$$$$00000004) for _main_scatterload
    entry.o(.ARM.Collect$$$$00000000) refers (Special) to entry2.o(.ARM.Collect$$$$00000001) for _main_stk
    dadd.o(.text) refers (Special) to iusefp.o(.text) for __I$use$fp
    dadd.o(.text) refers to llshl.o(.text) for __aeabi_llsl
    dadd.o(.text) refers to llsshr.o(.text) for __aeabi_lasr
    dadd.o(.text) refers to depilogue.o(.text) for _double_epilogue
    dmul.o(.text) refers (Special) to iusefp.o(.text) for __I$use$fp
    dmul.o(.text) refers to depilogue.o(.text) for _double_epilogue
    fflti.o(.text) refers (Special) to iusefp.o(.text) for __I$use$fp
    fflti.o(.text) refers to fepilogue.o(.text) for _float_epilogue
    dfixi.o(.text) refers (Special) to iusefp.o(.text) for __I$use$fp
    dfixi.o(.text) refers to llushr.o(.text) for __aeabi_llsr
    f2d.o(.text) refers (Special) to iusefp.o(.text) for __I$use$fp
    entry2.o(.ARM.Collect$$$$00000001) refers to entry2.o(.ARM.Collect$$$$00002712) for __lit__00000000
    entry2.o(.ARM.Collect$$$$00002712) refers to startup_stm32f10x_md.o(STACK) for __initial_sp
    entry2.o(__vectab_stack_and_reset_area) refers to startup_stm32f10x_md.o(STACK) for __initial_sp
    entry2.o(__vectab_stack_and_reset_area) refers to entry.o(.ARM.Collect$$$$00000000) for __main
    entry5.o(.ARM.Collect$$$$00000004) refers to init.o(.text) for __scatterload
    entry9a.o(.ARM.Collect$$$$0000000B) refers to main.o(.text) for main
    entry9b.o(.ARM.Collect$$$$0000000C) refers to main.o(.text) for main
    depilogue.o(.text) refers to llshl.o(.text) for __aeabi_llsl
    depilogue.o(.text) refers to llushr.o(.text) for __aeabi_llsr
    init.o(.text) refers to entry5.o(.ARM.Collect$$$$00000004) for __main_after_scatterload


==============================================================================

Removing Unused input sections from the image.

    Removing startup_stm32f10x_md.o(HEAP), (512 bytes).
    Removing stm32f10x_adc.o(.text), (1072 bytes).
    Removing stm32f10x_dma.o(.text), (576 bytes).
    Removing stm32f10x_flash.o(.text), (1324 bytes).
    Removing stm32f10x_tim.o(.text), (3014 bytes).
    Removing stm32f10x_exti.o(.text), (320 bytes).
    Removing stm32f10x_wwdg.o(.text), (124 bytes).
    Removing stm32f10x_spi.o(.text), (768 bytes).
    Removing stm32f10x_sdio.o(.text), (456 bytes).
    Removing stm32f10x_iwdg.o(.text), (64 bytes).
    Removing stm32f10x_i2c.o(.text), (996 bytes).
    Removing stm32f10x_fsmc.o(.text), (1540 bytes).
    Removing stm32f10x_dbgmcu.o(.text), (48 bytes).
    Removing stm32f10x_dac.o(.text), (348 bytes).
    Removing stm32f10x_crc.o(.text), (72 bytes).
    Removing stm32f10x_can.o(.text), (1944 bytes).
    Removing core_cm3.o(.emb_text), (32 bytes).
    Removing system_stm32f10x.o(.constdata), (20 bytes).
    Removing sys.o(.emb_text), (6 bytes).
    Removing sys.o(.text), (12 bytes).

20 unused section(s) (total 13248 bytes) removed from the image.

==============================================================================

Image Symbol Table

    Local Symbols

    Symbol Name                              Value     Ov Type        Size  Object(Section)

    ../clib/microlib/init/entry.s            0x00000000   Number         0  entry7a.o ABSOLUTE
    ../clib/microlib/init/entry.s            0x00000000   Number         0  entry11a.o ABSOLUTE
    ../clib/microlib/init/entry.s            0x00000000   Number         0  entry10b.o ABSOLUTE
    ../clib/microlib/init/entry.s            0x00000000   Number         0  entry10a.o ABSOLUTE
    ../clib/microlib/init/entry.s            0x00000000   Number         0  entry9b.o ABSOLUTE
    ../clib/microlib/init/entry.s            0x00000000   Number         0  entry9a.o ABSOLUTE
    ../clib/microlib/init/entry.s            0x00000000   Number         0  entry8b.o ABSOLUTE
    ../clib/microlib/init/entry.s            0x00000000   Number         0  entry8a.o ABSOLUTE
    ../clib/microlib/init/entry.s            0x00000000   Number         0  entry7b.o ABSOLUTE
    ../clib/microlib/init/entry.s            0x00000000   Number         0  entry11b.o ABSOLUTE
    ../clib/microlib/init/entry.s            0x00000000   Number         0  entry.o ABSOLUTE
    ../clib/microlib/init/entry.s            0x00000000   Number         0  entry5.o ABSOLUTE
    ../clib/microlib/init/entry.s            0x00000000   Number         0  entry2.o ABSOLUTE
    ../clib/microlib/longlong.c              0x00000000   Number         0  llsshr.o ABSOLUTE
    ../clib/microlib/longlong.c              0x00000000   Number         0  llushr.o ABSOLUTE
    ../clib/microlib/longlong.c              0x00000000   Number         0  llshl.o ABSOLUTE
    ../clib/microlib/string/memcpy.c         0x00000000   Number         0  memcpya.o ABSOLUTE
    ../clib/microlib/string/memcpy.c         0x00000000   Number         0  memcpyb.o ABSOLUTE
    ../clib/microlib/stubs.s                 0x00000000   Number         0  iusefp.o ABSOLUTE
    ../clib/microlib/stubs.s                 0x00000000   Number         0  useno.o ABSOLUTE
    ../fplib/microlib/f2d.c                  0x00000000   Number         0  f2d.o ABSOLUTE
    ../fplib/microlib/fpadd.c                0x00000000   Number         0  dadd.o ABSOLUTE
    ../fplib/microlib/fpepilogue.c           0x00000000   Number         0  depilogue.o ABSOLUTE
    ../fplib/microlib/fpepilogue.c           0x00000000   Number         0  fepilogue.o ABSOLUTE
    ../fplib/microlib/fpfix.c                0x00000000   Number         0  dfixi.o ABSOLUTE
    ../fplib/microlib/fpflt.c                0x00000000   Number         0  fflti.o ABSOLUTE
    ../fplib/microlib/fpmul.c                0x00000000   Number         0  dmul.o ABSOLUTE
    ..\CMSIS\core_cm3.c                      0x00000000   Number         0  core_cm3.o ABSOLUTE
    ..\CMSIS\startup\startup_stm32f10x_md.s  0x00000000   Number         0  startup_stm32f10x_md.o ABSOLUTE
    ..\CMSIS\system_stm32f10x.c              0x00000000   Number         0  system_stm32f10x.o ABSOLUTE
    ..\FWlib\src\misc.c                      0x00000000   Number         0  misc.o ABSOLUTE
    ..\FWlib\src\stm32f10x_adc.c             0x00000000   Number         0  stm32f10x_adc.o ABSOLUTE
    ..\FWlib\src\stm32f10x_bkp.c             0x00000000   Number         0  stm32f10x_bkp.o ABSOLUTE
    ..\FWlib\src\stm32f10x_can.c             0x00000000   Number         0  stm32f10x_can.o ABSOLUTE
    ..\FWlib\src\stm32f10x_crc.c             0x00000000   Number         0  stm32f10x_crc.o ABSOLUTE
    ..\FWlib\src\stm32f10x_dac.c             0x00000000   Number         0  stm32f10x_dac.o ABSOLUTE
    ..\FWlib\src\stm32f10x_dbgmcu.c          0x00000000   Number         0  stm32f10x_dbgmcu.o ABSOLUTE
    ..\FWlib\src\stm32f10x_dma.c             0x00000000   Number         0  stm32f10x_dma.o ABSOLUTE
    ..\FWlib\src\stm32f10x_exti.c            0x00000000   Number         0  stm32f10x_exti.o ABSOLUTE
    ..\FWlib\src\stm32f10x_flash.c           0x00000000   Number         0  stm32f10x_flash.o ABSOLUTE
    ..\FWlib\src\stm32f10x_fsmc.c            0x00000000   Number         0  stm32f10x_fsmc.o ABSOLUTE
    ..\FWlib\src\stm32f10x_gpio.c            0x00000000   Number         0  stm32f10x_gpio.o ABSOLUTE
    ..\FWlib\src\stm32f10x_i2c.c             0x00000000   Number         0  stm32f10x_i2c.o ABSOLUTE
    ..\FWlib\src\stm32f10x_iwdg.c            0x00000000   Number         0  stm32f10x_iwdg.o ABSOLUTE
    ..\FWlib\src\stm32f10x_pwr.c             0x00000000   Number         0  stm32f10x_pwr.o ABSOLUTE
    ..\FWlib\src\stm32f10x_rcc.c             0x00000000   Number         0  stm32f10x_rcc.o ABSOLUTE
    ..\FWlib\src\stm32f10x_rtc.c             0x00000000   Number         0  stm32f10x_rtc.o ABSOLUTE
    ..\FWlib\src\stm32f10x_sdio.c            0x00000000   Number         0  stm32f10x_sdio.o ABSOLUTE
    ..\FWlib\src\stm32f10x_spi.c             0x00000000   Number         0  stm32f10x_spi.o ABSOLUTE
    ..\FWlib\src\stm32f10x_tim.c             0x00000000   Number         0  stm32f10x_tim.o ABSOLUTE
    ..\FWlib\src\stm32f10x_usart.c           0x00000000   Number         0  stm32f10x_usart.o ABSOLUTE
    ..\FWlib\src\stm32f10x_wwdg.c            0x00000000   Number         0  stm32f10x_wwdg.o ABSOLUTE
    ..\HARDWARE\DS18B20\ds18b20.c            0x00000000   Number         0  ds18b20.o ABSOLUTE
    ..\HARDWARE\GPIO_JTAG\gpio_JTAG.c        0x00000000   Number         0  gpio_jtag.o ABSOLUTE
    ..\HARDWARE\LED4IN\led4pin.c             0x00000000   Number         0  led4pin.o ABSOLUTE
    ..\HARDWARE\rtc\rtc.c                    0x00000000   Number         0  rtc.o ABSOLUTE
    ..\SYSTEM\delay\delay.c                  0x00000000   Number         0  delay.o ABSOLUTE
    ..\SYSTEM\sys\sys.c                      0x00000000   Number         0  sys.o ABSOLUTE
    ..\SYSTEM\usart\usart.c                  0x00000000   Number         0  usart.o ABSOLUTE
    ..\\CMSIS\\core_cm3.c                    0x00000000   Number         0  core_cm3.o ABSOLUTE
    ..\\SYSTEM\\sys\\sys.c                   0x00000000   Number         0  sys.o ABSOLUTE
    dc.s                                     0x00000000   Number         0  dc.o ABSOLUTE
    handlers.s                               0x00000000   Number         0  handlers.o ABSOLUTE
    init.s                                   0x00000000   Number         0  init.o ABSOLUTE
    main.c                                   0x00000000   Number         0  main.o ABSOLUTE
    stm32f10x_it.c                           0x00000000   Number         0  stm32f10x_it.o ABSOLUTE
    RESET                                    0x08000000   Section      236  startup_stm32f10x_md.o(RESET)
    .ARM.Collect$$$$00000000                 0x080000ec   Section        0  entry.o(.ARM.Collect$$$$00000000)
    .ARM.Collect$$$$00000001                 0x080000ec   Section        4  entry2.o(.ARM.Collect$$$$00000001)
    .ARM.Collect$$$$00000004                 0x080000f0   Section        4  entry5.o(.ARM.Collect$$$$00000004)
    .ARM.Collect$$$$00000008                 0x080000f4   Section        0  entry7b.o(.ARM.Collect$$$$00000008)
    .ARM.Collect$$$$0000000A                 0x080000f4   Section        0  entry8b.o(.ARM.Collect$$$$0000000A)
    .ARM.Collect$$$$0000000B                 0x080000f4   Section        8  entry9a.o(.ARM.Collect$$$$0000000B)
    .ARM.Collect$$$$0000000D                 0x080000fc   Section        0  entry10a.o(.ARM.Collect$$$$0000000D)
    .ARM.Collect$$$$0000000F                 0x080000fc   Section        0  entry11a.o(.ARM.Collect$$$$0000000F)
    .ARM.Collect$$$$00002712                 0x080000fc   Section        4  entry2.o(.ARM.Collect$$$$00002712)
    __lit__00000000                          0x080000fc   Data           4  entry2.o(.ARM.Collect$$$$00002712)
    .text                                    0x08000100   Section       36  startup_stm32f10x_md.o(.text)
    .text                                    0x08000124   Section        0  main.o(.text)
    .text                                    0x080002dc   Section        0  stm32f10x_it.o(.text)
    .text                                    0x080002f8   Section        0  stm32f10x_gpio.o(.text)
    .text                                    0x08000628   Section        0  stm32f10x_rcc.o(.text)
    .text                                    0x080009c8   Section        0  stm32f10x_usart.o(.text)
    .text                                    0x08000d38   Section        0  stm32f10x_rtc.o(.text)
    .text                                    0x08000e80   Section        0  misc.o(.text)
    .text                                    0x08000f5c   Section        0  stm32f10x_pwr.o(.text)
    .text                                    0x0800101c   Section        0  stm32f10x_bkp.o(.text)
    .text                                    0x080010c8   Section        0  system_stm32f10x.o(.text)
    SetSysClockTo72                          0x080010c9   Thumb Code   220  system_stm32f10x.o(.text)
    SetSysClock                              0x080011a5   Thumb Code     8  system_stm32f10x.o(.text)
    .text                                    0x08001200   Section        0  delay.o(.text)
    .text                                    0x080012b8   Section        0  usart.o(.text)
    .text                                    0x0800145c   Section        0  gpio_jtag.o(.text)
    .text                                    0x080014e4   Section        0  ds18b20.o(.text)
    .text                                    0x080017a8   Section        0  led4pin.o(.text)
    .text                                    0x08001890   Section        0  rtc.o(.text)
    RTC_NVIC_Config                          0x08001891   Thumb Code    34  rtc.o(.text)
    .text                                    0x08001da4   Section        0  memcpya.o(.text)
    .text                                    0x08001dc8   Section        0  dadd.o(.text)
    .text                                    0x08001f16   Section        0  dmul.o(.text)
    .text                                    0x08001ffa   Section        0  fflti.o(.text)
    .text                                    0x0800200c   Section        0  dfixi.o(.text)
    .text                                    0x0800204a   Section        0  f2d.o(.text)
    .text                                    0x08002070   Section        0  llshl.o(.text)
    .text                                    0x0800208e   Section        0  llushr.o(.text)
    .text                                    0x080020ae   Section        0  llsshr.o(.text)
    .text                                    0x080020d2   Section        0  iusefp.o(.text)
    .text                                    0x080020d2   Section        0  fepilogue.o(.text)
    .text                                    0x08002140   Section        0  depilogue.o(.text)
    .text                                    0x080021fc   Section       36  init.o(.text)
    i.__scatterload_copy                     0x08002220   Section       14  handlers.o(i.__scatterload_copy)
    i.__scatterload_null                     0x0800222e   Section        2  handlers.o(i.__scatterload_null)
    i.__scatterload_zeroinit                 0x08002230   Section       14  handlers.o(i.__scatterload_zeroinit)
    .constdata                               0x0800223e   Section       24  rtc.o(.constdata)
    .data                                    0x20000000   Section       20  stm32f10x_rcc.o(.data)
    APBAHBPrescTable                         0x20000000   Data          16  stm32f10x_rcc.o(.data)
    ADCPrescTable                            0x20000010   Data           4  stm32f10x_rcc.o(.data)
    .data                                    0x20000014   Section        4  delay.o(.data)
    fac_us                                   0x20000014   Data           1  delay.o(.data)
    fac_ms                                   0x20000016   Data           2  delay.o(.data)
    .data                                    0x20000018   Section        6  usart.o(.data)
    .bss                                     0x20000020   Section      100  usart.o(.bss)
    .bss                                     0x20000084   Section       10  rtc.o(.bss)
    STACK                                    0x20000090   Section     1024  startup_stm32f10x_md.o(STACK)

    Global Symbols

    Symbol Name                              Value     Ov Type        Size  Object(Section)

    BuildAttributes$$THM_ISAv4$P$D$K$B$S$PE$A:L22UL41UL21$X:L11$S22US41US21$IEEE1$IW$USESV6$~STKCKD$USESV7$~SHL$OTIME$ROPI$EBA8$MICROLIB$REQ8$PRES8$EABIv2 0x00000000   Number         0  anon$$obj.o ABSOLUTE
    __ARM_use_no_argv                        0x00000000   Number         0  main.o ABSOLUTE
    __use_no_errno                           0x00000000   Number         0  useno.o ABSOLUTE
    __use_no_exception_handling              0x00000000   Number         0  useno.o ABSOLUTE
    __use_no_fp                              0x00000000   Number         0  useno.o ABSOLUTE
    __use_no_heap                            0x00000000   Number         0  useno.o ABSOLUTE
    __use_no_heap_region                     0x00000000   Number         0  useno.o ABSOLUTE
    __use_no_semihosting                     0x00000000   Number         0  useno.o ABSOLUTE
    __use_no_semihosting_swi                 0x00000000   Number         0  useno.o ABSOLUTE
    __use_no_signal_handling                 0x00000000   Number         0  useno.o ABSOLUTE
    __cpp_initialize__aeabi_                  - Undefined Weak Reference
    __cxa_finalize                            - Undefined Weak Reference
    __decompress                              - Undefined Weak Reference
    _clock_init                               - Undefined Weak Reference
    _microlib_exit                            - Undefined Weak Reference
    __Vectors_Size                           0x000000ec   Number         0  startup_stm32f10x_md.o ABSOLUTE
    __Vectors                                0x08000000   Data           4  startup_stm32f10x_md.o(RESET)
    __Vectors_End                            0x080000ec   Data           0  startup_stm32f10x_md.o(RESET)
    __main                                   0x080000ed   Thumb Code     0  entry.o(.ARM.Collect$$$$00000000)
    _main_stk                                0x080000ed   Thumb Code     0  entry2.o(.ARM.Collect$$$$00000001)
    _main_scatterload                        0x080000f1   Thumb Code     0  entry5.o(.ARM.Collect$$$$00000004)
    __main_after_scatterload                 0x080000f5   Thumb Code     0  entry5.o(.ARM.Collect$$$$00000004)
    _main_clock                              0x080000f5   Thumb Code     0  entry7b.o(.ARM.Collect$$$$00000008)
    _main_cpp_init                           0x080000f5   Thumb Code     0  entry8b.o(.ARM.Collect$$$$0000000A)
    _main_init                               0x080000f5   Thumb Code     0  entry9a.o(.ARM.Collect$$$$0000000B)
    __rt_final_cpp                           0x080000fd   Thumb Code     0  entry10a.o(.ARM.Collect$$$$0000000D)
    __rt_final_exit                          0x080000fd   Thumb Code     0  entry11a.o(.ARM.Collect$$$$0000000F)
    Reset_Handler                            0x08000101   Thumb Code     8  startup_stm32f10x_md.o(.text)
    ADC1_2_IRQHandler                        0x0800011b   Thumb Code     0  startup_stm32f10x_md.o(.text)
    CAN1_RX1_IRQHandler                      0x0800011b   Thumb Code     0  startup_stm32f10x_md.o(.text)
    CAN1_SCE_IRQHandler                      0x0800011b   Thumb Code     0  startup_stm32f10x_md.o(.text)
    DMA1_Channel1_IRQHandler                 0x0800011b   Thumb Code     0  startup_stm32f10x_md.o(.text)
    DMA1_Channel2_IRQHandler                 0x0800011b   Thumb Code     0  startup_stm32f10x_md.o(.text)
    DMA1_Channel3_IRQHandler                 0x0800011b   Thumb Code     0  startup_stm32f10x_md.o(.text)
    DMA1_Channel4_IRQHandler                 0x0800011b   Thumb Code     0  startup_stm32f10x_md.o(.text)
    DMA1_Channel5_IRQHandler                 0x0800011b   Thumb Code     0  startup_stm32f10x_md.o(.text)
    DMA1_Channel6_IRQHandler                 0x0800011b   Thumb Code     0  startup_stm32f10x_md.o(.text)
    DMA1_Channel7_IRQHandler                 0x0800011b   Thumb Code     0  startup_stm32f10x_md.o(.text)
    EXTI0_IRQHandler                         0x0800011b   Thumb Code     0  startup_stm32f10x_md.o(.text)
    EXTI15_10_IRQHandler                     0x0800011b   Thumb Code     0  startup_stm32f10x_md.o(.text)
    EXTI1_IRQHandler                         0x0800011b   Thumb Code     0  startup_stm32f10x_md.o(.text)
    EXTI2_IRQHandler                         0x0800011b   Thumb Code     0  startup_stm32f10x_md.o(.text)
    EXTI3_IRQHandler                         0x0800011b   Thumb Code     0  startup_stm32f10x_md.o(.text)
    EXTI4_IRQHandler                         0x0800011b   Thumb Code     0  startup_stm32f10x_md.o(.text)
    EXTI9_5_IRQHandler                       0x0800011b   Thumb Code     0  startup_stm32f10x_md.o(.text)
    FLASH_IRQHandler                         0x0800011b   Thumb Code     0  startup_stm32f10x_md.o(.text)
    I2C1_ER_IRQHandler                       0x0800011b   Thumb Code     0  startup_stm32f10x_md.o(.text)
    I2C1_EV_IRQHandler                       0x0800011b   Thumb Code     0  startup_stm32f10x_md.o(.text)
    I2C2_ER_IRQHandler                       0x0800011b   Thumb Code     0  startup_stm32f10x_md.o(.text)
    I2C2_EV_IRQHandler                       0x0800011b   Thumb Code     0  startup_stm32f10x_md.o(.text)
    PVD_IRQHandler                           0x0800011b   Thumb Code     0  startup_stm32f10x_md.o(.text)
    RCC_IRQHandler                           0x0800011b   Thumb Code     0  startup_stm32f10x_md.o(.text)
    RTCAlarm_IRQHandler                      0x0800011b   Thumb Code     0  startup_stm32f10x_md.o(.text)
    SPI1_IRQHandler                          0x0800011b   Thumb Code     0  startup_stm32f10x_md.o(.text)
    SPI2_IRQHandler                          0x0800011b   Thumb Code     0  startup_stm32f10x_md.o(.text)
    TAMPER_IRQHandler                        0x0800011b   Thumb Code     0  startup_stm32f10x_md.o(.text)
    TIM1_BRK_IRQHandler                      0x0800011b   Thumb Code     0  startup_stm32f10x_md.o(.text)
    TIM1_CC_IRQHandler                       0x0800011b   Thumb Code     0  startup_stm32f10x_md.o(.text)
    TIM1_TRG_COM_IRQHandler                  0x0800011b   Thumb Code     0  startup_stm32f10x_md.o(.text)
    TIM1_UP_IRQHandler                       0x0800011b   Thumb Code     0  startup_stm32f10x_md.o(.text)
    TIM2_IRQHandler                          0x0800011b   Thumb Code     0  startup_stm32f10x_md.o(.text)
    TIM3_IRQHandler                          0x0800011b   Thumb Code     0  startup_stm32f10x_md.o(.text)
    TIM4_IRQHandler                          0x0800011b   Thumb Code     0  startup_stm32f10x_md.o(.text)
    USART2_IRQHandler                        0x0800011b   Thumb Code     0  startup_stm32f10x_md.o(.text)
    USART3_IRQHandler                        0x0800011b   Thumb Code     0  startup_stm32f10x_md.o(.text)
    USBWakeUp_IRQHandler                     0x0800011b   Thumb Code     0  startup_stm32f10x_md.o(.text)
    USB_HP_CAN1_TX_IRQHandler                0x0800011b   Thumb Code     0  startup_stm32f10x_md.o(.text)
    USB_LP_CAN1_RX0_IRQHandler               0x0800011b   Thumb Code     0  startup_stm32f10x_md.o(.text)
    WWDG_IRQHandler                          0x0800011b   Thumb Code     0  startup_stm32f10x_md.o(.text)
    main                                     0x08000125   Thumb Code   432  main.o(.text)
    NMI_Handler                              0x080002dd   Thumb Code     2  stm32f10x_it.o(.text)
    HardFault_Handler                        0x080002df   Thumb Code     4  stm32f10x_it.o(.text)
    MemManage_Handler                        0x080002e3   Thumb Code     4  stm32f10x_it.o(.text)
    BusFault_Handler                         0x080002e7   Thumb Code     4  stm32f10x_it.o(.text)
    UsageFault_Handler                       0x080002eb   Thumb Code     4  stm32f10x_it.o(.text)
    SVC_Handler                              0x080002ef   Thumb Code     2  stm32f10x_it.o(.text)
    DebugMon_Handler                         0x080002f1   Thumb Code     2  stm32f10x_it.o(.text)
    PendSV_Handler                           0x080002f3   Thumb Code     2  stm32f10x_it.o(.text)
    SysTick_Handler                          0x080002f5   Thumb Code     2  stm32f10x_it.o(.text)
    GPIO_DeInit                              0x080002f9   Thumb Code   188  stm32f10x_gpio.o(.text)
    GPIO_AFIODeInit                          0x080003b5   Thumb Code    20  stm32f10x_gpio.o(.text)
    GPIO_Init                                0x080003c9   Thumb Code   278  stm32f10x_gpio.o(.text)
    GPIO_StructInit                          0x080004df   Thumb Code    16  stm32f10x_gpio.o(.text)
    GPIO_ReadInputDataBit                    0x080004ef   Thumb Code    18  stm32f10x_gpio.o(.text)
    GPIO_ReadInputData                       0x08000501   Thumb Code     8  stm32f10x_gpio.o(.text)
    GPIO_ReadOutputDataBit                   0x08000509   Thumb Code    18  stm32f10x_gpio.o(.text)
    GPIO_ReadOutputData                      0x0800051b   Thumb Code     8  stm32f10x_gpio.o(.text)
    GPIO_SetBits                             0x08000523   Thumb Code     4  stm32f10x_gpio.o(.text)
    GPIO_ResetBits                           0x08000527   Thumb Code     4  stm32f10x_gpio.o(.text)
    GPIO_WriteBit                            0x0800052b   Thumb Code    10  stm32f10x_gpio.o(.text)
    GPIO_Write                               0x08000535   Thumb Code     4  stm32f10x_gpio.o(.text)
    GPIO_PinLockConfig                       0x08000539   Thumb Code    18  stm32f10x_gpio.o(.text)
    GPIO_EventOutputConfig                   0x0800054b   Thumb Code    26  stm32f10x_gpio.o(.text)
    GPIO_EventOutputCmd                      0x08000565   Thumb Code     6  stm32f10x_gpio.o(.text)
    GPIO_PinRemapConfig                      0x0800056b   Thumb Code   106  stm32f10x_gpio.o(.text)
    GPIO_EXTILineConfig                      0x080005d5   Thumb Code    66  stm32f10x_gpio.o(.text)
    RCC_DeInit                               0x08000629   Thumb Code    62  stm32f10x_rcc.o(.text)
    RCC_HSEConfig                            0x08000667   Thumb Code    70  stm32f10x_rcc.o(.text)
    RCC_GetFlagStatus                        0x080006ad   Thumb Code    56  stm32f10x_rcc.o(.text)
    RCC_WaitForHSEStartUp                    0x080006e5   Thumb Code    54  stm32f10x_rcc.o(.text)
    RCC_AdjustHSICalibrationValue            0x0800071b   Thumb Code    20  stm32f10x_rcc.o(.text)
    RCC_HSICmd                               0x0800072f   Thumb Code     6  stm32f10x_rcc.o(.text)
    RCC_PLLConfig                            0x08000735   Thumb Code    24  stm32f10x_rcc.o(.text)
    RCC_PLLCmd                               0x0800074d   Thumb Code     6  stm32f10x_rcc.o(.text)
    RCC_SYSCLKConfig                         0x08000753   Thumb Code    18  stm32f10x_rcc.o(.text)
    RCC_GetSYSCLKSource                      0x08000765   Thumb Code    10  stm32f10x_rcc.o(.text)
    RCC_HCLKConfig                           0x0800076f   Thumb Code    18  stm32f10x_rcc.o(.text)
    RCC_PCLK1Config                          0x08000781   Thumb Code    18  stm32f10x_rcc.o(.text)
    RCC_PCLK2Config                          0x08000793   Thumb Code    20  stm32f10x_rcc.o(.text)
    RCC_ITConfig                             0x080007a7   Thumb Code    26  stm32f10x_rcc.o(.text)
    RCC_USBCLKConfig                         0x080007c1   Thumb Code     8  stm32f10x_rcc.o(.text)
    RCC_ADCCLKConfig                         0x080007c9   Thumb Code    18  stm32f10x_rcc.o(.text)
    RCC_LSEConfig                            0x080007db   Thumb Code    50  stm32f10x_rcc.o(.text)
    RCC_LSICmd                               0x0800080d   Thumb Code     6  stm32f10x_rcc.o(.text)
    RCC_RTCCLKConfig                         0x08000813   Thumb Code    12  stm32f10x_rcc.o(.text)
    RCC_RTCCLKCmd                            0x0800081f   Thumb Code     8  stm32f10x_rcc.o(.text)
    RCC_GetClocksFreq                        0x08000827   Thumb Code   192  stm32f10x_rcc.o(.text)
    RCC_AHBPeriphClockCmd                    0x080008e7   Thumb Code    26  stm32f10x_rcc.o(.text)
    RCC_APB2PeriphClockCmd                   0x08000901   Thumb Code    26  stm32f10x_rcc.o(.text)
    RCC_APB1PeriphClockCmd                   0x0800091b   Thumb Code    26  stm32f10x_rcc.o(.text)
    RCC_APB2PeriphResetCmd                   0x08000935   Thumb Code    26  stm32f10x_rcc.o(.text)
    RCC_APB1PeriphResetCmd                   0x0800094f   Thumb Code    26  stm32f10x_rcc.o(.text)
    RCC_BackupResetCmd                       0x08000969   Thumb Code     8  stm32f10x_rcc.o(.text)
    RCC_ClockSecuritySystemCmd               0x08000971   Thumb Code     6  stm32f10x_rcc.o(.text)
    RCC_MCOConfig                            0x08000977   Thumb Code     6  stm32f10x_rcc.o(.text)
    RCC_ClearFlag                            0x0800097d   Thumb Code    14  stm32f10x_rcc.o(.text)
    RCC_GetITStatus                          0x0800098b   Thumb Code    20  stm32f10x_rcc.o(.text)
    RCC_ClearITPendingBit                    0x0800099f   Thumb Code     6  stm32f10x_rcc.o(.text)
    USART_DeInit                             0x080009c9   Thumb Code   146  stm32f10x_usart.o(.text)
    USART_Init                               0x08000a5b   Thumb Code   150  stm32f10x_usart.o(.text)
    USART_StructInit                         0x08000af1   Thumb Code    24  stm32f10x_usart.o(.text)
    USART_ClockInit                          0x08000b09   Thumb Code    34  stm32f10x_usart.o(.text)
    USART_ClockStructInit                    0x08000b2b   Thumb Code    12  stm32f10x_usart.o(.text)
    USART_Cmd                                0x08000b37   Thumb Code    24  stm32f10x_usart.o(.text)
    USART_ITConfig                           0x08000b4f   Thumb Code    64  stm32f10x_usart.o(.text)
    USART_DMACmd                             0x08000b8f   Thumb Code    18  stm32f10x_usart.o(.text)
    USART_SetAddress                         0x08000ba1   Thumb Code    18  stm32f10x_usart.o(.text)
    USART_WakeUpConfig                       0x08000bb3   Thumb Code    18  stm32f10x_usart.o(.text)
    USART_ReceiverWakeUpCmd                  0x08000bc5   Thumb Code    24  stm32f10x_usart.o(.text)
    USART_LINBreakDetectLengthConfig         0x08000bdd   Thumb Code    18  stm32f10x_usart.o(.text)
    USART_LINCmd                             0x08000bef   Thumb Code    24  stm32f10x_usart.o(.text)
    USART_SendData                           0x08000c07   Thumb Code     8  stm32f10x_usart.o(.text)
    USART_ReceiveData                        0x08000c0f   Thumb Code    10  stm32f10x_usart.o(.text)
    USART_SendBreak                          0x08000c19   Thumb Code    10  stm32f10x_usart.o(.text)
    USART_SetGuardTime                       0x08000c23   Thumb Code    16  stm32f10x_usart.o(.text)
    USART_SetPrescaler                       0x08000c33   Thumb Code    16  stm32f10x_usart.o(.text)
    USART_SmartCardCmd                       0x08000c43   Thumb Code    24  stm32f10x_usart.o(.text)
    USART_SmartCardNACKCmd                   0x08000c5b   Thumb Code    24  stm32f10x_usart.o(.text)
    USART_HalfDuplexCmd                      0x08000c73   Thumb Code    24  stm32f10x_usart.o(.text)
    USART_IrDAConfig                         0x08000c8b   Thumb Code    18  stm32f10x_usart.o(.text)
    USART_IrDACmd                            0x08000c9d   Thumb Code    24  stm32f10x_usart.o(.text)
    USART_GetFlagStatus                      0x08000cb5   Thumb Code    18  stm32f10x_usart.o(.text)
    USART_ClearFlag                          0x08000cc7   Thumb Code     6  stm32f10x_usart.o(.text)
    USART_GetITStatus                        0x08000ccd   Thumb Code    76  stm32f10x_usart.o(.text)
    USART_ClearITPendingBit                  0x08000d19   Thumb Code    20  stm32f10x_usart.o(.text)
    RTC_ITConfig                             0x08000d39   Thumb Code    26  stm32f10x_rtc.o(.text)
    RTC_EnterConfigMode                      0x08000d53   Thumb Code    18  stm32f10x_rtc.o(.text)
    RTC_ExitConfigMode                       0x08000d65   Thumb Code    20  stm32f10x_rtc.o(.text)
    RTC_GetCounter                           0x08000d79   Thumb Code    18  stm32f10x_rtc.o(.text)
    RTC_SetCounter                           0x08000d8b   Thumb Code    26  stm32f10x_rtc.o(.text)
    RTC_SetPrescaler                         0x08000da5   Thumb Code    28  stm32f10x_rtc.o(.text)
    RTC_SetAlarm                             0x08000dc1   Thumb Code    26  stm32f10x_rtc.o(.text)
    RTC_GetDivider                           0x08000ddb   Thumb Code    22  stm32f10x_rtc.o(.text)
    RTC_WaitForLastTask                      0x08000df1   Thumb Code    18  stm32f10x_rtc.o(.text)
    RTC_WaitForSynchro                       0x08000e03   Thumb Code    36  stm32f10x_rtc.o(.text)
    RTC_GetFlagStatus                        0x08000e27   Thumb Code    22  stm32f10x_rtc.o(.text)
    RTC_ClearFlag                            0x08000e3d   Thumb Code    16  stm32f10x_rtc.o(.text)
    RTC_GetITStatus                          0x08000e4d   Thumb Code    32  stm32f10x_rtc.o(.text)
    RTC_ClearITPendingBit                    0x08000e6d   Thumb Code    16  stm32f10x_rtc.o(.text)
    NVIC_PriorityGroupConfig                 0x08000e81   Thumb Code    10  misc.o(.text)
    NVIC_Init                                0x08000e8b   Thumb Code   100  misc.o(.text)
    NVIC_SetVectorTable                      0x08000eef   Thumb Code    14  misc.o(.text)
    NVIC_SystemLPConfig                      0x08000efd   Thumb Code    34  misc.o(.text)
    SysTick_CLKSourceConfig                  0x08000f1f   Thumb Code    40  misc.o(.text)
    PWR_DeInit                               0x08000f5d   Thumb Code    22  stm32f10x_pwr.o(.text)
    PWR_BackupAccessCmd                      0x08000f73   Thumb Code     6  stm32f10x_pwr.o(.text)
    PWR_PVDCmd                               0x08000f79   Thumb Code     6  stm32f10x_pwr.o(.text)
    PWR_PVDLevelConfig                       0x08000f7f   Thumb Code    18  stm32f10x_pwr.o(.text)
    PWR_WakeUpPinCmd                         0x08000f91   Thumb Code     8  stm32f10x_pwr.o(.text)
    PWR_EnterSTOPMode                        0x08000f99   Thumb Code    42  stm32f10x_pwr.o(.text)
    PWR_EnterSTANDBYMode                     0x08000fc3   Thumb Code    42  stm32f10x_pwr.o(.text)
    PWR_GetFlagStatus                        0x08000fed   Thumb Code    20  stm32f10x_pwr.o(.text)
    PWR_ClearFlag                            0x08001001   Thumb Code    14  stm32f10x_pwr.o(.text)
    BKP_DeInit                               0x0800101d   Thumb Code    16  stm32f10x_bkp.o(.text)
    BKP_TamperPinLevelConfig                 0x0800102d   Thumb Code     6  stm32f10x_bkp.o(.text)
    BKP_TamperPinCmd                         0x08001033   Thumb Code     8  stm32f10x_bkp.o(.text)
    BKP_ITConfig                             0x0800103b   Thumb Code     8  stm32f10x_bkp.o(.text)
    BKP_RTCOutputConfig                      0x08001043   Thumb Code    22  stm32f10x_bkp.o(.text)
    BKP_SetRTCCalibrationValue               0x08001059   Thumb Code    22  stm32f10x_bkp.o(.text)
    BKP_WriteBackupRegister                  0x0800106f   Thumb Code    10  stm32f10x_bkp.o(.text)
    BKP_ReadBackupRegister                   0x08001079   Thumb Code    12  stm32f10x_bkp.o(.text)
    BKP_GetFlagStatus                        0x08001085   Thumb Code    10  stm32f10x_bkp.o(.text)
    BKP_ClearFlag                            0x0800108f   Thumb Code    18  stm32f10x_bkp.o(.text)
    BKP_GetITStatus                          0x080010a1   Thumb Code    10  stm32f10x_bkp.o(.text)
    BKP_ClearITPendingBit                    0x080010ab   Thumb Code    18  stm32f10x_bkp.o(.text)
    SystemInit                               0x080011ad   Thumb Code    68  system_stm32f10x.o(.text)
    delay_init                               0x08001201   Thumb Code    52  delay.o(.text)
    delay_ms                                 0x08001235   Thumb Code    62  delay.o(.text)
    delay_us                                 0x08001273   Thumb Code    62  delay.o(.text)
    _sys_exit                                0x080012b9   Thumb Code     4  usart.o(.text)
    fputc                                    0x080012bd   Thumb Code    32  usart.o(.text)
    uart1_init                               0x080012dd   Thumb Code   158  usart.o(.text)
    USART1_IRQHandler                        0x0800137b   Thumb Code   122  usart.o(.text)
    UARTGetByte                              0x080013f5   Thumb Code    32  usart.o(.text)
    UARTSendByte_TXE                         0x08001415   Thumb Code    30  usart.o(.text)
    USART_Send_String_TXE                    0x08001433   Thumb Code    26  usart.o(.text)
    JTAG_SWD_GPIO_Config                     0x0800145d   Thumb Code   124  gpio_jtag.o(.text)
    DS18B20_Rst                              0x080014e5   Thumb Code    54  ds18b20.o(.text)
    DS18B20_Check                            0x0800151b   Thumb Code    96  ds18b20.o(.text)
    DS18B20_Read_Bit                         0x0800157b   Thumb Code    96  ds18b20.o(.text)
    DS18B20_Read_Byte                        0x080015db   Thumb Code    34  ds18b20.o(.text)
    DS18B20_Write_Byte                       0x080015fd   Thumb Code   102  ds18b20.o(.text)
    DS18B20_Start                            0x08001663   Thumb Code    24  ds18b20.o(.text)
    DS18B20_Init                             0x0800167b   Thumb Code   108  ds18b20.o(.text)
    DS18B20_Get_Temp                         0x080016e7   Thumb Code   164  ds18b20.o(.text)
    led4pin_Init                             0x080017a9   Thumb Code    46  led4pin.o(.text)
    led4pin_go                               0x080017d7   Thumb Code    54  led4pin.o(.text)
    led4pin_Display                          0x0800180d   Thumb Code   100  led4pin.o(.text)
    RTC_Get_Week                             0x080018b3   Thumb Code   116  rtc.o(.text)
    Is_Leap_Year                             0x08001927   Thumb Code    58  rtc.o(.text)
    sec_2_time                               0x08001961   Thumb Code   224  rtc.o(.text)
    RTC_Get                                  0x08001a41   Thumb Code    22  rtc.o(.text)
    time_2_sec                               0x08001a57   Thumb Code   156  rtc.o(.text)
    RTC_Alarm_Set                            0x08001af3   Thumb Code    70  rtc.o(.text)
    RTC_Set                                  0x08001b39   Thumb Code    70  rtc.o(.text)
    RTC_Init                                 0x08001b7f   Thumb Code   230  rtc.o(.text)
    Time_Get                                 0x08001c65   Thumb Code    24  rtc.o(.text)
    time_2_sec_go                            0x08001c7d   Thumb Code    40  rtc.o(.text)
    RTC_Alarm_Set_after                      0x08001ca5   Thumb Code    68  rtc.o(.text)
    compare_time                             0x08001ce9   Thumb Code    84  rtc.o(.text)
    RTC_IRQHandler                           0x08001d3d   Thumb Code   104  rtc.o(.text)
    __aeabi_memcpy                           0x08001da5   Thumb Code    36  memcpya.o(.text)
    __aeabi_memcpy4                          0x08001da5   Thumb Code     0  memcpya.o(.text)
    __aeabi_memcpy8                          0x08001da5   Thumb Code     0  memcpya.o(.text)
    __aeabi_dadd                             0x08001dc9   Thumb Code   322  dadd.o(.text)
    __aeabi_dsub                             0x08001f0b   Thumb Code     6  dadd.o(.text)
    __aeabi_drsub                            0x08001f11   Thumb Code     6  dadd.o(.text)
    __aeabi_dmul                             0x08001f17   Thumb Code   228  dmul.o(.text)
    __aeabi_i2f                              0x08001ffb   Thumb Code    18  fflti.o(.text)
    __aeabi_d2iz                             0x0800200d   Thumb Code    62  dfixi.o(.text)
    __aeabi_f2d                              0x0800204b   Thumb Code    38  f2d.o(.text)
    __aeabi_llsl                             0x08002071   Thumb Code    30  llshl.o(.text)
    _ll_shift_l                              0x08002071   Thumb Code     0  llshl.o(.text)
    __aeabi_llsr                             0x0800208f   Thumb Code    32  llushr.o(.text)
    _ll_ushift_r                             0x0800208f   Thumb Code     0  llushr.o(.text)
    __aeabi_lasr                             0x080020af   Thumb Code    36  llsshr.o(.text)
    _ll_sshift_r                             0x080020af   Thumb Code     0  llsshr.o(.text)
    __I$use$fp                               0x080020d3   Thumb Code     0  iusefp.o(.text)
    _float_round                             0x080020d3   Thumb Code    18  fepilogue.o(.text)
    _float_epilogue                          0x080020e5   Thumb Code    92  fepilogue.o(.text)
    _double_round                            0x08002141   Thumb Code    30  depilogue.o(.text)
    _double_epilogue                         0x0800215f   Thumb Code   156  depilogue.o(.text)
    __scatterload                            0x080021fd   Thumb Code    28  init.o(.text)
    __scatterload_rt2                        0x080021fd   Thumb Code     0  init.o(.text)
    __scatterload_copy                       0x08002221   Thumb Code    14  handlers.o(i.__scatterload_copy)
    __scatterload_null                       0x0800222f   Thumb Code     2  handlers.o(i.__scatterload_null)
    __scatterload_zeroinit                   0x08002231   Thumb Code    14  handlers.o(i.__scatterload_zeroinit)
    table_week                               0x0800223e   Data          12  rtc.o(.constdata)
    mon_table                                0x0800224a   Data          12  rtc.o(.constdata)
    Region$$Table$$Base                      0x08002258   Number         0  anon$$obj.o(Region$$Table)
    Region$$Table$$Limit                     0x08002278   Number         0  anon$$obj.o(Region$$Table)
    __stdout                                 0x20000018   Data           4  usart.o(.data)
    USART1_RX_STA                            0x2000001c   Data           2  usart.o(.data)
    USART1_RX_BUF                            0x20000020   Data         100  usart.o(.bss)
    calendar                                 0x20000084   Data          10  rtc.o(.bss)
    __initial_sp                             0x20000490   Data           0  startup_stm32f10x_md.o(STACK)



==============================================================================

Memory Map of the image

  Image Entry point : 0x080000ed

  Load Region LR_IROM1 (Base: 0x08000000, Size: 0x00002298, Max: 0x00010000, ABSOLUTE)

    Execution Region ER_IROM1 (Exec base: 0x08000000, Load base: 0x08000000, Size: 0x00002278, Max: 0x00010000, ABSOLUTE)

    Exec Addr    Load Addr    Size         Type   Attr      Idx    E Section Name        Object

    0x08000000   0x08000000   0x000000ec   Data   RO            3    RESET               startup_stm32f10x_md.o
    0x080000ec   0x080000ec   0x00000000   Code   RO          596  * .ARM.Collect$$$$00000000  mc_w.l(entry.o)
    0x080000ec   0x080000ec   0x00000004   Code   RO          613    .ARM.Collect$$$$00000001  mc_w.l(entry2.o)
    0x080000f0   0x080000f0   0x00000004   Code   RO          616    .ARM.Collect$$$$00000004  mc_w.l(entry5.o)
    0x080000f4   0x080000f4   0x00000000   Code   RO          618    .ARM.Collect$$$$00000008  mc_w.l(entry7b.o)
    0x080000f4   0x080000f4   0x00000000   Code   RO          620    .ARM.Collect$$$$0000000A  mc_w.l(entry8b.o)
    0x080000f4   0x080000f4   0x00000008   Code   RO          621    .ARM.Collect$$$$0000000B  mc_w.l(entry9a.o)
    0x080000fc   0x080000fc   0x00000000   Code   RO          623    .ARM.Collect$$$$0000000D  mc_w.l(entry10a.o)
    0x080000fc   0x080000fc   0x00000000   Code   RO          625    .ARM.Collect$$$$0000000F  mc_w.l(entry11a.o)
    0x080000fc   0x080000fc   0x00000004   Code   RO          614    .ARM.Collect$$$$00002712  mc_w.l(entry2.o)
    0x08000100   0x08000100   0x00000024   Code   RO            4    .text               startup_stm32f10x_md.o
    0x08000124   0x08000124   0x000001b8   Code   RO           10    .text               main.o
    0x080002dc   0x080002dc   0x0000001a   Code   RO          151    .text               stm32f10x_it.o
    0x080002f6   0x080002f6   0x00000002   PAD
    0x080002f8   0x080002f8   0x00000330   Code   RO          166    .text               stm32f10x_gpio.o
    0x08000628   0x08000628   0x000003a0   Code   RO          203    .text               stm32f10x_rcc.o
    0x080009c8   0x080009c8   0x00000370   Code   RO          217    .text               stm32f10x_usart.o
    0x08000d38   0x08000d38   0x00000148   Code   RO          265    .text               stm32f10x_rtc.o
    0x08000e80   0x08000e80   0x000000dc   Code   RO          277    .text               misc.o
    0x08000f5c   0x08000f5c   0x000000c0   Code   RO          349    .text               stm32f10x_pwr.o
    0x0800101c   0x0800101c   0x000000ac   Code   RO          445    .text               stm32f10x_bkp.o
    0x080010c8   0x080010c8   0x00000138   Code   RO          467    .text               system_stm32f10x.o
    0x08001200   0x08001200   0x000000b8   Code   RO          485    .text               delay.o
    0x080012b8   0x080012b8   0x000001a4   Code   RO          499    .text               usart.o
    0x0800145c   0x0800145c   0x00000088   Code   RO          541    .text               gpio_jtag.o
    0x080014e4   0x080014e4   0x000002c4   Code   RO          553    .text               ds18b20.o
    0x080017a8   0x080017a8   0x000000e8   Code   RO          565    .text               led4pin.o
    0x08001890   0x08001890   0x00000514   Code   RO          577    .text               rtc.o
    0x08001da4   0x08001da4   0x00000024   Code   RO          599    .text               mc_w.l(memcpya.o)
    0x08001dc8   0x08001dc8   0x0000014e   Code   RO          603    .text               mf_w.l(dadd.o)
    0x08001f16   0x08001f16   0x000000e4   Code   RO          605    .text               mf_w.l(dmul.o)
    0x08001ffa   0x08001ffa   0x00000012   Code   RO          607    .text               mf_w.l(fflti.o)
    0x0800200c   0x0800200c   0x0000003e   Code   RO          609    .text               mf_w.l(dfixi.o)
    0x0800204a   0x0800204a   0x00000026   Code   RO          611    .text               mf_w.l(f2d.o)
    0x08002070   0x08002070   0x0000001e   Code   RO          627    .text               mc_w.l(llshl.o)
    0x0800208e   0x0800208e   0x00000020   Code   RO          629    .text               mc_w.l(llushr.o)
    0x080020ae   0x080020ae   0x00000024   Code   RO          631    .text               mc_w.l(llsshr.o)
    0x080020d2   0x080020d2   0x00000000   Code   RO          633    .text               mc_w.l(iusefp.o)
    0x080020d2   0x080020d2   0x0000006e   Code   RO          634    .text               mf_w.l(fepilogue.o)
    0x08002140   0x08002140   0x000000ba   Code   RO          636    .text               mf_w.l(depilogue.o)
    0x080021fa   0x080021fa   0x00000002   PAD
    0x080021fc   0x080021fc   0x00000024   Code   RO          638    .text               mc_w.l(init.o)
    0x08002220   0x08002220   0x0000000e   Code   RO          642    i.__scatterload_copy  mc_w.l(handlers.o)
    0x0800222e   0x0800222e   0x00000002   Code   RO          643    i.__scatterload_null  mc_w.l(handlers.o)
    0x08002230   0x08002230   0x0000000e   Code   RO          644    i.__scatterload_zeroinit  mc_w.l(handlers.o)
    0x0800223e   0x0800223e   0x00000018   Data   RO          579    .constdata          rtc.o
    0x08002256   0x08002256   0x00000002   PAD
    0x08002258   0x08002258   0x00000020   Data   RO          640    Region$$Table       anon$$obj.o


    Execution Region RW_IRAM1 (Exec base: 0x20000000, Load base: 0x08002278, Size: 0x00000490, Max: 0x00005000, ABSOLUTE)

    Exec Addr    Load Addr    Size         Type   Attr      Idx    E Section Name        Object

    0x20000000   0x08002278   0x00000014   Data   RW          204    .data               stm32f10x_rcc.o
    0x20000014   0x0800228c   0x00000004   Data   RW          486    .data               delay.o
    0x20000018   0x08002290   0x00000006   Data   RW          501    .data               usart.o
    0x2000001e   0x08002296   0x00000002   PAD
    0x20000020        -       0x00000064   Zero   RW          500    .bss                usart.o
    0x20000084        -       0x0000000a   Zero   RW          578    .bss                rtc.o
    0x2000008e   0x08002296   0x00000002   PAD
    0x20000090        -       0x00000400   Zero   RW            1    STACK               startup_stm32f10x_md.o


==============================================================================

Image component sizes


      Code (inc. data)   RO Data    RW Data    ZI Data      Debug   Object Name

       184          8          0          4          0       1255   delay.o
       708         30          0          0          0       2382   ds18b20.o
       136         12          0          0          0        671   gpio_jtag.o
       232         32          0          0          0       1170   led4pin.o
       440          8          0          0          0     230108   main.o
       220         22          0          0          0       1921   misc.o
      1300         24         24          0         10       6572   rtc.o
        36          8        236          0       1024        900   startup_stm32f10x_md.o
       172         12          0          0          0       2424   stm32f10x_bkp.o
       816         18          0          0          0     205055   stm32f10x_gpio.o
        26          0          0          0          0       1278   stm32f10x_it.o
       192         14          0          0          0       2035   stm32f10x_pwr.o
       928         36          0         20          0       9116   stm32f10x_rcc.o
       328          4          0          0          0       2794   stm32f10x_rtc.o
       880         12          0          0          0       8011   stm32f10x_usart.o
       312         16          0          0          0       1357   system_stm32f10x.o
       420         16          0          6        100       4272   usart.o

    ----------------------------------------------------------------------
      7332        272        294         32       1136     481321   Object Totals
         0          0         32          0          0          0   (incl. Generated)
         2          0          2          2          2          0   (incl. Padding)

    ----------------------------------------------------------------------

      Code (inc. data)   RO Data    RW Data    ZI Data      Debug   Library Member Name

         0          0          0          0          0          0   entry.o
         0          0          0          0          0          0   entry10a.o
         0          0          0          0          0          0   entry11a.o
         8          4          0          0          0          0   entry2.o
         4          0          0          0          0          0   entry5.o
         0          0          0          0          0          0   entry7b.o
         0          0          0          0          0          0   entry8b.o
         8          4          0          0          0          0   entry9a.o
        30          0          0          0          0          0   handlers.o
        36          8          0          0          0         68   init.o
         0          0          0          0          0          0   iusefp.o
        30          0          0          0          0         68   llshl.o
        36          0          0          0          0         68   llsshr.o
        32          0          0          0          0         68   llushr.o
        36          0          0          0          0         68   memcpya.o
       334          0          0          0          0        148   dadd.o
       186          0          0          0          0        176   depilogue.o
        62          0          0          0          0         80   dfixi.o
       228          0          0          0          0         96   dmul.o
        38          0          0          0          0         68   f2d.o
       110          0          0          0          0        168   fepilogue.o
        18          0          0          0          0         68   fflti.o

    ----------------------------------------------------------------------
      1198         16          0          0          0       1144   Library Totals
         2          0          0          0          0          0   (incl. Padding)

    ----------------------------------------------------------------------

      Code (inc. data)   RO Data    RW Data    ZI Data      Debug   Library Name

       220         16          0          0          0        340   mc_w.l
       976          0          0          0          0        804   mf_w.l

    ----------------------------------------------------------------------
      1198         16          0          0          0       1144   Library Totals

    ----------------------------------------------------------------------

==============================================================================


      Code (inc. data)   RO Data    RW Data    ZI Data      Debug   

      8530        288        294         32       1136     480589   Grand Totals
      8530        288        294         32       1136     480589   ELF Image Totals
      8530        288        294         32          0          0   ROM Totals

==============================================================================

    Total RO  Size (Code + RO Data)                 8824 (   8.62kB)
    Total RW  Size (RW Data + ZI Data)              1168 (   1.14kB)
    Total ROM Size (Code + RO Data + RW Data)       8856 (   8.65kB)

==============================================================================

